Component: ARM Compiler 5.06 update 6 (build 750) Tool: armlink [4d35ed]

==============================================================================

Section Cross References

    startup_stm32f103xb.o(STACK) refers (Special) to heapauxi.o(.text) for __use_two_region_memory
    startup_stm32f103xb.o(HEAP) refers (Special) to heapauxi.o(.text) for __use_two_region_memory
    startup_stm32f103xb.o(RESET) refers (Special) to heapauxi.o(.text) for __use_two_region_memory
    startup_stm32f103xb.o(RESET) refers to startup_stm32f103xb.o(STACK) for __initial_sp
    startup_stm32f103xb.o(RESET) refers to startup_stm32f103xb.o(.text) for Reset_Handler
    startup_stm32f103xb.o(RESET) refers to stm32f1xx_it.o(i.NMI_Handler) for NMI_Handler
    startup_stm32f103xb.o(RESET) refers to stm32f1xx_it.o(i.HardFault_Handler) for HardFault_Handler
    startup_stm32f103xb.o(RESET) refers to stm32f1xx_it.o(i.MemManage_Handler) for MemManage_Handler
    startup_stm32f103xb.o(RESET) refers to stm32f1xx_it.o(i.BusFault_Handler) for BusFault_Handler
    startup_stm32f103xb.o(RESET) refers to stm32f1xx_it.o(i.UsageFault_Handler) for UsageFault_Handler
    startup_stm32f103xb.o(RESET) refers to stm32f1xx_it.o(i.SVC_Handler) for SVC_Handler
    startup_stm32f103xb.o(RESET) refers to stm32f1xx_it.o(i.DebugMon_Handler) for DebugMon_Handler
    startup_stm32f103xb.o(RESET) refers to stm32f1xx_it.o(i.PendSV_Handler) for PendSV_Handler
    startup_stm32f103xb.o(RESET) refers to stm32f1xx_it.o(i.SysTick_Handler) for SysTick_Handler
    startup_stm32f103xb.o(RESET) refers to stm32f1xx_it.o(i.USB_LP_CAN1_RX0_IRQHandler) for USB_LP_CAN1_RX0_IRQHandler
    startup_stm32f103xb.o(.text) refers (Special) to heapauxi.o(.text) for __use_two_region_memory
    startup_stm32f103xb.o(.text) refers to system_stm32f1xx.o(i.SystemInit) for SystemInit
    startup_stm32f103xb.o(.text) refers to __main.o(!!!main) for __main
    startup_stm32f103xb.o(.text) refers to startup_stm32f103xb.o(HEAP) for Heap_Mem
    startup_stm32f103xb.o(.text) refers to startup_stm32f103xb.o(STACK) for Stack_Mem
    main.o(i.MX_GPIO_Init) refers to stm32f1xx_hal_gpio.o(i.HAL_GPIO_WritePin) for HAL_GPIO_WritePin
    main.o(i.MX_GPIO_Init) refers to stm32f1xx_hal_gpio.o(i.HAL_GPIO_Init) for HAL_GPIO_Init
    main.o(i.SystemClock_Config) refers to rt_memclr_w.o(.text) for __aeabi_memclr4
    main.o(i.SystemClock_Config) refers to stm32f1xx_hal_rcc.o(i.HAL_RCC_OscConfig) for HAL_RCC_OscConfig
    main.o(i.SystemClock_Config) refers to stm32f1xx_hal_rcc.o(i.HAL_RCC_ClockConfig) for HAL_RCC_ClockConfig
    main.o(i.SystemClock_Config) refers to stm32f1xx_hal_rcc_ex.o(i.HAL_RCCEx_PeriphCLKConfig) for HAL_RCCEx_PeriphCLKConfig
    main.o(i.main) refers to stm32f1xx_hal.o(i.HAL_Init) for HAL_Init
    main.o(i.main) refers to main.o(i.SystemClock_Config) for SystemClock_Config
    main.o(i.main) refers to main.o(i.MX_GPIO_Init) for MX_GPIO_Init
    main.o(i.main) refers to fatfs.o(i.MX_FATFS_Init) for MX_FATFS_Init
    main.o(i.main) refers to usb_device.o(i.MX_USB_DEVICE_Init) for MX_USB_DEVICE_Init
    main.o(i.main) refers to stm32f1xx_hal.o(i.HAL_Delay) for HAL_Delay
    main.o(i.main) refers to stm32f1xx_hal_gpio.o(i.HAL_GPIO_TogglePin) for HAL_GPIO_TogglePin
    stm32f1xx_it.o(i.SysTick_Handler) refers to stm32f1xx_hal.o(i.HAL_IncTick) for HAL_IncTick
    stm32f1xx_it.o(i.USB_LP_CAN1_RX0_IRQHandler) refers to stm32f1xx_hal_pcd.o(i.HAL_PCD_IRQHandler) for HAL_PCD_IRQHandler
    stm32f1xx_it.o(i.USB_LP_CAN1_RX0_IRQHandler) refers to usbd_conf.o(.bss) for hpcd_USB_FS
    stm32f1xx_hal_pcd.o(i.HAL_PCD_ActivateRemoteWakeup) refers to stm32f1xx_ll_usb.o(i.USB_ActivateRemoteWakeup) for USB_ActivateRemoteWakeup
    stm32f1xx_hal_pcd.o(i.HAL_PCD_DeActivateRemoteWakeup) refers to stm32f1xx_ll_usb.o(i.USB_DeActivateRemoteWakeup) for USB_DeActivateRemoteWakeup
    stm32f1xx_hal_pcd.o(i.HAL_PCD_DeInit) refers to stm32f1xx_ll_usb.o(i.USB_StopDevice) for USB_StopDevice
    stm32f1xx_hal_pcd.o(i.HAL_PCD_DeInit) refers to usbd_conf.o(i.HAL_PCD_MspDeInit) for HAL_PCD_MspDeInit
    stm32f1xx_hal_pcd.o(i.HAL_PCD_DevConnect) refers to usbd_conf.o(i.HAL_PCDEx_SetConnectionState) for HAL_PCDEx_SetConnectionState
    stm32f1xx_hal_pcd.o(i.HAL_PCD_DevConnect) refers to stm32f1xx_ll_usb.o(i.USB_DevConnect) for USB_DevConnect
    stm32f1xx_hal_pcd.o(i.HAL_PCD_DevDisconnect) refers to usbd_conf.o(i.HAL_PCDEx_SetConnectionState) for HAL_PCDEx_SetConnectionState
    stm32f1xx_hal_pcd.o(i.HAL_PCD_DevDisconnect) refers to stm32f1xx_ll_usb.o(i.USB_DevDisconnect) for USB_DevDisconnect
    stm32f1xx_hal_pcd.o(i.HAL_PCD_EP_Abort) refers to stm32f1xx_ll_usb.o(i.USB_EPStopXfer) for USB_EPStopXfer
    stm32f1xx_hal_pcd.o(i.HAL_PCD_EP_Close) refers to stm32f1xx_ll_usb.o(i.USB_DeactivateEndpoint) for USB_DeactivateEndpoint
    stm32f1xx_hal_pcd.o(i.HAL_PCD_EP_ClrStall) refers to stm32f1xx_ll_usb.o(i.USB_EPClearStall) for USB_EPClearStall
[...]
    ../clib/heapaux.c                        0x00000000   Number         0  heapauxi.o ABSOLUTE
    ../clib/libinit.s                        0x00000000   Number         0  libshutdown.o ABSOLUTE
    ../clib/libinit.s                        0x00000000   Number         0  libshutdown2.o ABSOLUTE
    ../clib/libinit.s                        0x00000000   Number         0  libinit2.o ABSOLUTE
    ../clib/libinit.s                        0x00000000   Number         0  libinit.o ABSOLUTE
    ../clib/longlong.s                       0x00000000   Number         0  llushr.o ABSOLUTE
    ../clib/memcpset.s                       0x00000000   Number         0  rt_memcpy_w.o ABSOLUTE
    ../clib/memcpset.s                       0x00000000   Number         0  rt_memclr_w.o ABSOLUTE
    ../clib/signal.c                         0x00000000   Number         0  defsig_stak_inner.o ABSOLUTE
    ../clib/signal.c                         0x00000000   Number         0  defsig_rtmem_formal.o ABSOLUTE
    ../clib/signal.c                         0x00000000   Number         0  defsig_rtmem_outer.o ABSOLUTE
    ../clib/signal.c                         0x00000000   Number         0  defsig_rtred_inner.o ABSOLUTE
    ../clib/signal.c                         0x00000000   Number         0  defsig_abrt_inner.o ABSOLUTE
    ../clib/signal.c                         0x00000000   Number         0  defsig_general.o ABSOLUTE
    ../clib/signal.c                         0x00000000   Number         0  __raise.o ABSOLUTE
    ../clib/signal.c                         0x00000000   Number         0  defsig_rtmem_inner.o ABSOLUTE
    ../clib/signal.c                         0x00000000   Number         0  defsig_exit.o ABSOLUTE
    ../clib/signal.c                         0x00000000   Number         0  defsig_fpe_inner.o ABSOLUTE
    ../clib/signal.c                         0x00000000   Number         0  defsig_pvfn_inner.o ABSOLUTE
    ../clib/signal.c                         0x00000000   Number         0  defsig_cppl_inner.o ABSOLUTE
    ../clib/signal.c                         0x00000000   Number         0  defsig_segv_inner.o ABSOLUTE
    ../clib/signal.c                         0x00000000   Number         0  defsig_other.o ABSOLUTE
    ../clib/signal.s                         0x00000000   Number         0  defsig.o ABSOLUTE
    ../clib/stdlib.c                         0x00000000   Number         0  exit.o ABSOLUTE
    ../fplib/fpinit.s                        0x00000000   Number         0  fpinit.o ABSOLUTE
    ..\Core\Src\main.c                       0x00000000   Number         0  main.o ABSOLUTE
    ..\Core\Src\stm32f1xx_hal_msp.c          0x00000000   Number         0  stm32f1xx_hal_msp.o ABSOLUTE
    ..\Core\Src\stm32f1xx_it.c               0x00000000   Number         0  stm32f1xx_it.o ABSOLUTE
    ..\Core\Src\system_stm32f1xx.c           0x00000000   Number         0  system_stm32f1xx.o ABSOLUTE
    ..\Drivers\STM32F1xx_HAL_Driver\Src\stm32f1xx_hal.c 0x00000000   Number         0  stm32f1xx_hal.o ABSOLUTE
    ..\Drivers\STM32F1xx_HAL_Driver\Src\stm32f1xx_hal_cortex.c 0x00000000   Number         0  stm32f1xx_hal_cortex.o ABSOLUTE
    ..\Drivers\STM32F1xx_HAL_Driver\Src\stm32f1xx_hal_dma.c 0x00000000   Number         0  stm32f1xx_hal_dma.o ABSOLUTE
    ..\Drivers\STM32F1xx_HAL_Driver\Src\stm32f1xx_hal_exti.c 0x00000000   Number         0  stm32f1xx_hal_exti.o ABSOLUTE
    ..\Drivers\STM32F1xx_HAL_Driver\Src\stm32f1xx_hal_flash.c 0x00000000   Number         0  stm32f1xx_hal_flash.o ABSOLUTE
    ..\Drivers\STM32F1xx_HAL_Driver\Src\stm32f1xx_hal_flash_ex.c 0x00000000   Number         0  stm32f1xx_hal_flash_ex.o ABSOLUTE
    ..\Drivers\STM32F1xx_HAL_Driver\Src\stm32f1xx_hal_gpio.c 0x00000000   Number         0  stm32f1xx_hal_gpio.o ABSOLUTE
    ..\Drivers\STM32F1xx_HAL_Driver\Src\stm32f1xx_hal_gpio_ex.c 0x00000000   Number         0  stm32f1xx_hal_gpio_ex.o ABSOLUTE
    ..\Drivers\STM32F1xx_HAL_Driver\Src\stm32f1xx_hal_pcd.c 0x00000000   Number         0  stm32f1xx_hal_pcd.o ABSOLUTE
    ..\Drivers\STM32F1xx_HAL_Driver\Src\stm32f1xx_hal_pcd_ex.c 0x00000000   Number         0  stm32f1xx_hal_pcd_ex.o ABSOLUTE
    ..\Drivers\STM32F1xx_HAL_Driver\Src\stm32f1xx_hal_pwr.c 0x00000000   Number         0  stm32f1xx_hal_pwr.o ABSOLUTE
    ..\Drivers\STM32F1xx_HAL_Driver\Src\stm32f1xx_hal_rcc.c 0x00000000   Number         0  stm32f1xx_hal_rcc.o ABSOLUTE
    ..\Drivers\STM32F1xx_HAL_Driver\Src\stm32f1xx_hal_rcc_ex.c 0x00000000   Number         0  stm32f1xx_hal_rcc_ex.o ABSOLUTE
    ..\Drivers\STM32F1xx_HAL_Driver\Src\stm32f1xx_hal_tim.c 0x00000000   Number         0  stm32f1xx_hal_tim.o ABSOLUTE
    ..\Drivers\STM32F1xx_HAL_Driver\Src\stm32f1xx_hal_tim_ex.c 0x00000000   Number         0  stm32f1xx_hal_tim_ex.o ABSOLUTE
    ..\Drivers\STM32F1xx_HAL_Driver\Src\stm32f1xx_ll_usb.c 0x00000000   Number         0  stm32f1xx_ll_usb.o ABSOLUTE
    ..\FATFS\App\fatfs.c                     0x00000000   Number         0  fatfs.o ABSOLUTE
    ..\FATFS\Target\user_diskio.c            0x00000000   Number         0  user_diskio.o ABSOLUTE
    ..\Middlewares\ST\STM32_USB_Device_Library\Class\HID\Src\usbd_hid.c 0x00000000   Number         0  usbd_hid.o ABSOLUTE
    ..\Middlewares\ST\STM32_USB_Device_Library\Core\Src\usbd_core.c 0x00000000   Number         0  usbd_core.o ABSOLUTE
    ..\Middlewares\ST\STM32_USB_Device_Library\Core\Src\usbd_ctlreq.c 0x00000000   Number         0  usbd_ctlreq.o ABSOLUTE
    ..\Middlewares\ST\STM32_USB_Device_Library\Core\Src\usbd_ioreq.c 0x00000000   Number         0  usbd_ioreq.o ABSOLUTE
    ..\Middlewares\Third_Party\FatFs\src\diskio.c 0x00000000   Number         0  diskio.o ABSOLUTE
    ..\Middlewares\Third_Party\FatFs\src\ff.c 0x00000000   Number         0  ff.o ABSOLUTE
    ..\Middlewares\Third_Party\FatFs\src\ff_gen_drv.c 0x00000000   Number         0  ff_gen_drv.o ABSOLUTE
    ..\Middlewares\Third_Party\FatFs\src\option\syscall.c 0x00000000   Number         0  syscall.o ABSOLUTE
    ..\USB_DEVICE\App\usb_device.c           0x00000000   Number         0  usb_device.o ABSOLUTE
    ..\USB_DEVICE\App\usbd_desc.c            0x00000000   Number         0  usbd_desc.o ABSOLUTE
    ..\USB_DEVICE\Target\usbd_conf.c         0x00000000   Number         0  usbd_conf.o ABSOLUTE
    dc.s                                     0x00000000   Number         0  dc.o ABSOLUTE
    startup_stm32f103xb.s                    0x00000000   Number         0  startup_stm32f103xb.o ABSOLUTE
    RESET                                    0x08000000   Section      236  startup_stm32f103xb.o(RESET)
    !!!main                                  0x080000ec   Section        8  __main.o(!!!main)
    !!!scatter                               0x080000f4   Section       52  __scatter.o(!!!scatter)
    !!dczerorl2                              0x08000128   Section       90  __dczerorl2.o(!!dczerorl2)
    !!handler_zi                             0x08000184   Section       28  __scatter_zi.o(!!handler_zi)
    .ARM.Collect$$libinit$$00000000          0x080001a0   Section        2  libinit.o(.ARM.Collect$$libinit$$00000000)
    .ARM.Collect$$libinit$$00000002          0x080001a2   Section        0  libinit2.o(.ARM.Collect$$libinit$$00000002)
    .ARM.Collect$$libinit$$00000004          0x080001a2   Section        0  libinit2.o(.ARM.Collect$$libinit$$00000004)
    .ARM.Collect$$libinit$$0000000A          0x080001a2   Section        0  libinit2.o(.ARM.Collect$$libinit$$0000000A)
    .ARM.Collect$$libinit$$0000000C          0x080001a2   Section        0  libinit2.o(.ARM.Collect$$libinit$$0000000C)
    .ARM.Collect$$libinit$$0000000E          0x080001a2   Section        0  libinit2.o(.ARM.Collect$$libinit$$0000000E)
    .ARM.Collect$$libinit$$00000011          0x080001a2   Section        0  libinit2.o(.ARM.Collect$$libinit$$00000011)
    .ARM.Collect$$libinit$$00000013          0x080001a2   Section        0  libinit2.o(.ARM.Collect$$libinit$$00000013)
    .ARM.Collect$$libinit$$00000015          0x080001a2   Section        0  libinit2.o(.ARM.Collect$$libinit$$00000015)
    .ARM.Collect$$libinit$$00000017          0x080001a2   Section        0  libinit2.o(.ARM.Collect$$libinit$$00000017)
    .ARM.Collect$$libinit$$00000019          0x080001a2   Section        0  libinit2.o(.ARM.Collect$$libinit$$00000019)
    .ARM.Collect$$libinit$$0000001B          0x080001a2   Section        0  libinit2.o(.ARM.Collect$$libinit$$0000001B)
    .ARM.Collect$$libinit$$0000001D          0x080001a2   Section        0  libinit2.o(.ARM.Collect$$libinit$$0000001D)
    .ARM.Collect$$libinit$$0000001F          0x080001a2   Section        0  libinit2.o(.ARM.Collect$$libinit$$0000001F)
    .ARM.Collect$$libinit$$00000021          0x080001a2   Section        0  libinit2.o(.ARM.Collect$$libinit$$00000021)
    .ARM.Collect$$libinit$$00000023          0x080001a2   Section        0  libinit2.o(.ARM.Collect$$libinit$$00000023)
    .ARM.Collect$$libinit$$00000025          0x080001a2   Section        0  libinit2.o(.ARM.Collect$$libinit$$00000025)
    .ARM.Collect$$libinit$$0000002C          0x080001a2   Section        0  libinit2.o(.ARM.Collect$$libinit$$0000002C)
    .ARM.Collect$$libinit$$0000002E          0x080001a2   Section        0  libinit2.o(.ARM.Collect$$libinit$$0000002E)
    .ARM.Collect$$libinit$$00000030          0x080001a2   Section        0  libinit2.o(.ARM.Collect$$libinit$$00000030)
    .ARM.Collect$$libinit$$00000032          0x080001a2   Section        0  libinit2.o(.ARM.Collect$$libinit$$00000032)
    .ARM.Collect$$libinit$$00000033          0x080001a2   Section        2  libinit2.o(.ARM.Collect$$libinit$$00000033)
    .ARM.Collect$$libshutdown$$00000000      0x080001a4   Section        2  libshutdown.o(.ARM.Collect$$libshutdown$$00000000)
    .ARM.Collect$$libshutdown$$00000002      0x080001a6   Section        0  libshutdown2.o(.ARM.Collect$$libshutdown$$00000002)
    .ARM.Collect$$libshutdown$$00000004      0x080001a6   Section        0  libshutdown2.o(.ARM.Collect$$libshutdown$$00000004)
    .ARM.Collect$$libshutdown$$00000007      0x080001a6   Section        0  libshutdown2.o(.ARM.Collect$$libshutdown$$00000007)
    .ARM.Collect$$libshutdown$$0000000A      0x080001a6   Section        0  libshutdown2.o(.ARM.Collect$$libshutdown$$0000000A)
    .ARM.Collect$$libshutdown$$0000000C      0x080001a6   Section        0  libshutdown2.o(.ARM.Collect$$libshutdown$$0000000C)
    .ARM.Collect$$libshutdown$$0000000F      0x080001a6   Section        0  libshutdown2.o(.ARM.Collect$$libshutdown$$0000000F)
    .ARM.Collect$$libshutdown$$00000010      0x080001a6   Section        2  libshutdown2.o(.ARM.Collect$$libshutdown$$00000010)
    .ARM.Collect$$rtentry$$00000000          0x080001a8   Section        0  __rtentry.o(.ARM.Collect$$rtentry$$00000000)
    .ARM.Collect$$rtentry$$00000002          0x080001a8   Section        0  __rtentry2.o(.ARM.Collect$$rtentry$$00000002)
    .ARM.Collect$$rtentry$$00000004          0x080001a8   Section        6  __rtentry4.o(.ARM.Collect$$rtentry$$00000004)
    .ARM.Collect$$rtentry$$00000009          0x080001ae   Section        0  __rtentry2.o(.ARM.Collect$$rtentry$$00000009)
    .ARM.Collect$$rtentry$$0000000A          0x080001ae   Section        4  __rtentry2.o(.ARM.Collect$$rtentry$$0000000A)
    .ARM.Collect$$rtentry$$0000000C          0x080001b2   Section        0  __rtentry2.o(.ARM.Collect$$rtentry$$0000000C)
    .ARM.Collect$$rtentry$$0000000D          0x080001b2   Section        8  __rtentry2.o(.ARM.Collect$$rtentry$$0000000D)
    .ARM.Collect$$rtexit$$00000000           0x080001ba   Section        2  rtexit.o(.ARM.Collect$$rtexit$$00000000)
    .ARM.Collect$$rtexit$$00000002           0x080001bc   Section        0  rtexit2.o(.ARM.Collect$$rtexit$$00000002)
    .ARM.Collect$$rtexit$$00000003           0x080001bc   Section        4  rtexit2.o(.ARM.Collect$$rtexit$$00000003)
    .ARM.Collect$$rtexit$$00000004           0x080001c0   Section        6  rtexit2.o(.ARM.Collect$$rtexit$$00000004)
    .text                                    0x080001c8   Section       64  startup_stm32f103xb.o(.text)
    .text                                    0x08000208   Section      100  rt_memcpy_w.o(.text)
    .text                                    0x0800026c   Section       78  rt_memclr_w.o(.text)
    .text                                    0x080002ba   Section        0  heapauxi.o(.text)
    .text                                    0x080002c0   Section       74  sys_stackheap_outer.o(.text)
    .text                                    0x0800030a   Section        0  exit.o(.text)
    .text                                    0x0800031c   Section        8  libspace.o(.text)
    .text                                    0x08000324   Section        0  sys_exit.o(.text)
    .text                                    0x08000330   Section        2  use_no_semi.o(.text)
    .text                                    0x08000332   Section        0  indicate_semi.o(.text)
    i.BusFault_Handler                       0x08000332   Section        0  stm32f1xx_it.o(i.BusFault_Handler)
    i.DebugMon_Handler                       0x08000334   Section        0  stm32f1xx_it.o(i.DebugMon_Handler)
    i.Error_Handler                          0x08000336   Section        0  main.o(i.Error_Handler)
    i.FATFS_LinkDriver                       0x0800033a   Section        0  ff_gen_drv.o(i.FATFS_LinkDriver)
    i.FATFS_LinkDriverEx                     0x08000340   Section        0  ff_gen_drv.o(i.FATFS_LinkDriverEx)
    i.HAL_Delay                              0x08000380   Section        0  stm32f1xx_hal.o(i.HAL_Delay)
    i.HAL_GPIO_Init                          0x080003a4   Section        0  stm32f1xx_hal_gpio.o(i.HAL_GPIO_Init)
    i.HAL_GPIO_TogglePin                     0x08000584   Section        0  stm32f1xx_hal_gpio.o(i.HAL_GPIO_TogglePin)
    i.HAL_GPIO_WritePin                      0x08000594   Section        0  stm32f1xx_hal_gpio.o(i.HAL_GPIO_WritePin)
    i.HAL_GetTick                            0x080005a0   Section        0  stm32f1xx_hal.o(i.HAL_GetTick)
    i.HAL_IncTick                            0x080005ac   Section        0  stm32f1xx_hal.o(i.HAL_IncTick)
    i.HAL_Init                               0x080005bc   Section        0  stm32f1xx_hal.o(i.HAL_Init)
    i.HAL_InitTick                           0x080005e0   Section        0  stm32f1xx_hal.o(i.HAL_InitTick)
    i.HAL_MspInit                            0x08000620   Section        0  stm32f1xx_hal_msp.o(i.HAL_MspInit)
    i.HAL_NVIC_EnableIRQ                     0x0800065c   Section        0  stm32f1xx_hal_cortex.o(i.HAL_NVIC_EnableIRQ)
    i.HAL_NVIC_SetPriority                   0x08000678   Section        0  stm32f1xx_hal_cortex.o(i.HAL_NVIC_SetPriority)
    i.HAL_NVIC_SetPriorityGrouping           0x080006b8   Section        0  stm32f1xx_hal_cortex.o(i.HAL_NVIC_SetPriorityGrouping)
    i.HAL_PCDEx_PMAConfig                    0x080006dc   Section        0  stm32f1xx_hal_pcd_ex.o(i.HAL_PCDEx_PMAConfig)
    i.HAL_PCDEx_SetConnectionState           0x08000718   Section        0  usbd_conf.o(i.HAL_PCDEx_SetConnectionState)
    i.HAL_PCD_DataInStageCallback            0x0800071a   Section        0  usbd_conf.o(i.HAL_PCD_DataInStageCallback)
    i.HAL_PCD_DataOutStageCallback           0x0800072c   Section        0  usbd_conf.o(i.HAL_PCD_DataOutStageCallback)
    i.HAL_PCD_EP_Close                       0x08000740   Section        0  stm32f1xx_hal_pcd.o(i.HAL_PCD_EP_Close)
    i.HAL_PCD_EP_ClrStall                    0x0800078c   Section        0  stm32f1xx_hal_pcd.o(i.HAL_PCD_EP_ClrStall)
    i.HAL_PCD_EP_DB_Receive                  0x080007e8   Section        0  stm32f1xx_hal_pcd.o(i.HAL_PCD_EP_DB_Receive)
    HAL_PCD_EP_DB_Receive                    0x080007e9   Thumb Code   230  stm32f1xx_hal_pcd.o(i.HAL_PCD_EP_DB_Receive)
    i.HAL_PCD_EP_DB_Transmit                 0x080008ce   Section        0  stm32f1xx_hal_pcd.o(i.HAL_PCD_EP_DB_Transmit)
    HAL_PCD_EP_DB_Transmit                   0x080008cf   Thumb Code   824  stm32f1xx_hal_pcd.o(i.HAL_PCD_EP_DB_Transmit)
    i.HAL_PCD_EP_Open                        0x08000c06   Section        0  stm32f1xx_hal_pcd.o(i.HAL_PCD_EP_Open)
    i.HAL_PCD_EP_Receive                     0x08000c60   Section        0  stm32f1xx_hal_pcd.o(i.HAL_PCD_EP_Receive)
    i.HAL_PCD_EP_SetStall                    0x08000c8e   Section        0  stm32f1xx_hal_pcd.o(i.HAL_PCD_EP_SetStall)
    i.HAL_PCD_EP_Transmit                    0x08000d00   Section        0  stm32f1xx_hal_pcd.o(i.HAL_PCD_EP_Transmit)
    i.HAL_PCD_IRQHandler                     0x08000d30   Section        0  stm32f1xx_hal_pcd.o(i.HAL_PCD_IRQHandler)
    i.HAL_PCD_Init                           0x08000e64   Section        0  stm32f1xx_hal_pcd.o(i.HAL_PCD_Init)
    i.HAL_PCD_MspInit                        0x08000f40   Section        0  usbd_conf.o(i.HAL_PCD_MspInit)
    i.HAL_PCD_ResetCallback                  0x08000f7c   Section        0  usbd_conf.o(i.HAL_PCD_ResetCallback)
    i.HAL_PCD_ResumeCallback                 0x08000fa2   Section        0  usbd_conf.o(i.HAL_PCD_ResumeCallback)
    i.HAL_PCD_SOFCallback                    0x08000faa   Section        0  usbd_conf.o(i.HAL_PCD_SOFCallback)
    i.HAL_PCD_SetAddress                     0x08000fb2   Section        0  stm32f1xx_hal_pcd.o(i.HAL_PCD_SetAddress)
    i.HAL_PCD_SetupStageCallback             0x08000fda   Section        0  usbd_conf.o(i.HAL_PCD_SetupStageCallback)
    i.HAL_PCD_Start                          0x08000fe8   Section        0  stm32f1xx_hal_pcd.o(i.HAL_PCD_Start)
    i.HAL_PCD_SuspendCallback                0x0800101c   Section        0  usbd_conf.o(i.HAL_PCD_SuspendCallback)
    i.HAL_RCCEx_PeriphCLKConfig              0x08001040   Section        0  stm32f1xx_hal_rcc_ex.o(i.HAL_RCCEx_PeriphCLKConfig)
    i.HAL_RCC_ClockConfig                    0x0800112c   Section        0  stm32f1xx_hal_rcc.o(i.HAL_RCC_ClockConfig)
    i.HAL_RCC_GetSysClockFreq                0x08001258   Section        0  stm32f1xx_hal_rcc.o(i.HAL_RCC_GetSysClockFreq)
    i.HAL_RCC_OscConfig                      0x080012a4   Section        0  stm32f1xx_hal_rcc.o(i.HAL_RCC_OscConfig)
    i.HAL_SYSTICK_Config                     0x080015c4   Section        0  stm32f1xx_hal_cortex.o(i.HAL_SYSTICK_Config)
    i.HardFault_Handler                      0x080015ec   Section        0  stm32f1xx_it.o(i.HardFault_Handler)
    i.IntToUnicode                           0x080015f0   Section        0  usbd_desc.o(i.IntToUnicode)
    IntToUnicode                             0x080015f1   Thumb Code    56  usbd_desc.o(i.IntToUnicode)
    i.MX_FATFS_Init                          0x08001628   Section        0  fatfs.o(i.MX_FATFS_Init)
    i.MX_GPIO_Init                           0x08001644   Section        0  main.o(i.MX_GPIO_Init)
    MX_GPIO_Init                             0x08001645   Thumb Code   104  main.o(i.MX_GPIO_Init)
    i.MX_USB_DEVICE_Init                     0x080016b4   Section        0  usb_device.o(i.MX_USB_DEVICE_Init)
    i.MemManage_Handler                      0x080016f4   Section        0  stm32f1xx_it.o(i.MemManage_Handler)
    i.NMI_Handler                            0x080016f6   Section        0  stm32f1xx_it.o(i.NMI_Handler)
    i.PCD_EP_ISR_Handler                     0x080016f8   Section        0  stm32f1xx_hal_pcd.o(i.PCD_EP_ISR_Handler)
    PCD_EP_ISR_Handler                       0x080016f9   Thumb Code   940  stm32f1xx_hal_pcd.o(i.PCD_EP_ISR_Handler)
    i.PendSV_Handler                         0x08001aa4   Section        0  stm32f1xx_it.o(i.PendSV_Handler)
    i.SVC_Handler                            0x08001aa6   Section        0  stm32f1xx_it.o(i.SVC_Handler)
    i.SysTick_Handler                        0x08001aa8   Section        0  stm32f1xx_it.o(i.SysTick_Handler)
    i.SystemClock_Config                     0x08001aac   Section        0  main.o(i.SystemClock_Config)
    i.SystemInit                             0x08001b22   Section        0  system_stm32f1xx.o(i.SystemInit)
    i.USBD_ClrClassConfig                    0x08001b24   Section        0  usbd_core.o(i.USBD_ClrClassConfig)
    i.USBD_CtlContinueRx                     0x08001b32   Section        0  usbd_ioreq.o(i.USBD_CtlContinueRx)
    i.USBD_CtlContinueSendData               0x08001b42   Section        0  usbd_ioreq.o(i.USBD_CtlContinueSendData)
    i.USBD_CtlError                          0x08001b52   Section        0  usbd_ctlreq.o(i.USBD_CtlError)
    i.USBD_CtlReceiveStatus                  0x08001b68   Section        0  usbd_ioreq.o(i.USBD_CtlReceiveStatus)
    i.USBD_CtlSendData                       0x08001b7e   Section        0  usbd_ioreq.o(i.USBD_CtlSendData)
    i.USBD_CtlSendStatus                     0x08001b98   Section        0  usbd_ioreq.o(i.USBD_CtlSendStatus)
    i.USBD_FS_ConfigStrDescriptor            0x08001bb0   Section        0  usbd_desc.o(i.USBD_FS_ConfigStrDescriptor)
    i.USBD_FS_DeviceDescriptor               0x08001bd0   Section        0  usbd_desc.o(i.USBD_FS_DeviceDescriptor)
    i.USBD_FS_InterfaceStrDescriptor         0x08001bdc   Section        0  usbd_desc.o(i.USBD_FS_InterfaceStrDescriptor)
    i.USBD_FS_LangIDStrDescriptor            0x08001c00   Section        0  usbd_desc.o(i.USBD_FS_LangIDStrDescriptor)
    i.USBD_FS_ManufacturerStrDescriptor      0x08001c0c   Section        0  usbd_desc.o(i.USBD_FS_ManufacturerStrDescriptor)
    i.USBD_FS_ProductStrDescriptor           0x08001c34   Section        0  usbd_desc.o(i.USBD_FS_ProductStrDescriptor)
    i.USBD_FS_SerialStrDescriptor            0x08001c60   Section        0  usbd_desc.o(i.USBD_FS_SerialStrDescriptor)
    i.USBD_GetDescriptor                     0x08001c98   Section        0  usbd_ctlreq.o(i.USBD_GetDescriptor)
    USBD_GetDescriptor                       0x08001c99   Thumb Code   232  usbd_ctlreq.o(i.USBD_GetDescriptor)
    i.USBD_GetString                         0x08001d80   Section        0  usbd_ctlreq.o(i.USBD_GetString)
    i.USBD_Get_USB_Status                    0x08001dc8   Section        0  usbd_conf.o(i.USBD_Get_USB_Status)
    USBD_Get_USB_Status                      0x08001dc9   Thumb Code    24  usbd_conf.o(i.USBD_Get_USB_Status)
    i.USBD_HID_DataIn                        0x08001de0   Section        0  usbd_hid.o(i.USBD_HID_DataIn)
    USBD_HID_DataIn                          0x08001de1   Thumb Code    12  usbd_hid.o(i.USBD_HID_DataIn)
    i.USBD_HID_DeInit                        0x08001dec   Section        0  usbd_hid.o(i.USBD_HID_DeInit)
    USBD_HID_DeInit                          0x08001ded   Thumb Code    32  usbd_hid.o(i.USBD_HID_DeInit)
    i.USBD_HID_GetDeviceQualifierDesc        0x08001e0c   Section        0  usbd_hid.o(i.USBD_HID_GetDeviceQualifierDesc)
    USBD_HID_GetDeviceQualifierDesc          0x08001e0d   Thumb Code     8  usbd_hid.o(i.USBD_HID_GetDeviceQualifierDesc)
    i.USBD_HID_GetFSCfgDesc                  0x08001e18   Section        0  usbd_hid.o(i.USBD_HID_GetFSCfgDesc)
    USBD_HID_GetFSCfgDesc                    0x08001e19   Thumb Code     8  usbd_hid.o(i.USBD_HID_GetFSCfgDesc)
    i.USBD_HID_GetHSCfgDesc                  0x08001e24   Section        0  usbd_hid.o(i.USBD_HID_GetHSCfgDesc)
    USBD_HID_GetHSCfgDesc                    0x08001e25   Thumb Code     8  usbd_hid.o(i.USBD_HID_GetHSCfgDesc)
    i.USBD_HID_GetOtherSpeedCfgDesc          0x08001e30   Section        0  usbd_hid.o(i.USBD_HID_GetOtherSpeedCfgDesc)
    USBD_HID_GetOtherSpeedCfgDesc            0x08001e31   Thumb Code     8  usbd_hid.o(i.USBD_HID_GetOtherSpeedCfgDesc)
    i.USBD_HID_Init                          0x08001e3c   Section        0  usbd_hid.o(i.USBD_HID_Init)
    USBD_HID_Init                            0x08001e3d   Thumb Code    42  usbd_hid.o(i.USBD_HID_Init)
    i.USBD_HID_Setup                         0x08001e68   Section        0  usbd_hid.o(i.USBD_HID_Setup)
    USBD_HID_Setup                           0x08001e69   Thumb Code   196  usbd_hid.o(i.USBD_HID_Setup)
    i.USBD_Init                              0x08001f30   Section        0  usbd_core.o(i.USBD_Init)
    i.USBD_LL_ClearStallEP                   0x08001f5a   Section        0  usbd_conf.o(i.USBD_LL_ClearStallEP)
    i.USBD_LL_CloseEP                        0x08001f6c   Section        0  usbd_conf.o(i.USBD_LL_CloseEP)
    i.USBD_LL_DataInStage                    0x08001f7e   Section        0  usbd_core.o(i.USBD_LL_DataInStage)
    i.USBD_LL_DataOutStage                   0x08002044   Section        0  usbd_core.o(i.USBD_LL_DataOutStage)
    i.USBD_LL_Init                           0x080020c8   Section        0  usbd_conf.o(i.USBD_LL_Init)
    i.USBD_LL_IsStallEP                      0x08002130   Section        0  usbd_conf.o(i.USBD_LL_IsStallEP)
    i.USBD_LL_OpenEP                         0x08002150   Section        0  usbd_conf.o(i.USBD_LL_OpenEP)
    i.USBD_LL_PrepareReceive                 0x08002168   Section        0  usbd_conf.o(i.USBD_LL_PrepareReceive)
    i.USBD_LL_Reset                          0x0800217a   Section        0  usbd_core.o(i.USBD_LL_Reset)
    i.USBD_LL_Resume                         0x080021ca   Section        0  usbd_core.o(i.USBD_LL_Resume)
    i.USBD_LL_SOF                            0x080021de   Section        0  usbd_core.o(i.USBD_LL_SOF)
    i.USBD_LL_SetSpeed                       0x080021f6   Section        0  usbd_core.o(i.USBD_LL_SetSpeed)
    i.USBD_LL_SetUSBAddress                  0x080021fc   Section        0  usbd_conf.o(i.USBD_LL_SetUSBAddress)
    i.USBD_LL_SetupStage                     0x0800220e   Section        0  usbd_core.o(i.USBD_LL_SetupStage)
    i.USBD_LL_StallEP                        0x08002268   Section        0  usbd_conf.o(i.USBD_LL_StallEP)
    i.USBD_LL_Start                          0x0800227a   Section        0  usbd_conf.o(i.USBD_LL_Start)
    i.USBD_LL_Suspend                        0x0800228c   Section        0  usbd_core.o(i.USBD_LL_Suspend)
    i.USBD_LL_Transmit                       0x0800229e   Section        0  usbd_conf.o(i.USBD_LL_Transmit)
    i.USBD_ParseSetupRequest                 0x080022b0   Section        0  usbd_ctlreq.o(i.USBD_ParseSetupRequest)
    i.USBD_RegisterClass                     0x080022d8   Section        0  usbd_core.o(i.USBD_RegisterClass)
    i.USBD_SetClassConfig                    0x080022e8   Section        0  usbd_core.o(i.USBD_SetClassConfig)
    i.USBD_SetConfig                         0x08002300   Section        0  usbd_ctlreq.o(i.USBD_SetConfig)
    USBD_SetConfig                           0x08002301   Thumb Code   128  usbd_ctlreq.o(i.USBD_SetConfig)
    i.USBD_Start                             0x08002384   Section        0  usbd_core.o(i.USBD_Start)
    i.USBD_StdDevReq                         0x0800238e   Section        0  usbd_ctlreq.o(i.USBD_StdDevReq)
    i.USBD_StdEPReq                          0x080024a0   Section        0  usbd_ctlreq.o(i.USBD_StdEPReq)
    i.USBD_StdItfReq                         0x080025f0   Section        0  usbd_ctlreq.o(i.USBD_StdItfReq)
    i.USBD_static_free                       0x0800263e   Section        0  usbd_conf.o(i.USBD_static_free)
    i.USBD_static_malloc                     0x08002640   Section        0  usbd_conf.o(i.USBD_static_malloc)
    i.USB_ActivateEndpoint                   0x08002648   Section        0  stm32f1xx_ll_usb.o(i.USB_ActivateEndpoint)
    i.USB_CoreInit                           0x080028e4   Section        0  stm32f1xx_ll_usb.o(i.USB_CoreInit)
    i.USB_DeactivateEndpoint                 0x080028e8   Section        0  stm32f1xx_ll_usb.o(i.USB_DeactivateEndpoint)
    i.USB_DevConnect                         0x080029f6   Section        0  stm32f1xx_ll_usb.o(i.USB_DevConnect)
    i.USB_DevDisconnect                      0x080029fa   Section        0  stm32f1xx_ll_usb.o(i.USB_DevDisconnect)
    i.USB_DevInit                            0x080029fe   Section        0  stm32f1xx_ll_usb.o(i.USB_DevInit)
    i.USB_DisableGlobalInt                   0x08002a10   Section        0  stm32f1xx_ll_usb.o(i.USB_DisableGlobalInt)
    i.USB_EP0_OutStart                       0x08002a1e   Section        0  stm32f1xx_ll_usb.o(i.USB_EP0_OutStart)
    i.USB_EPClearStall                       0x08002a22   Section        0  stm32f1xx_ll_usb.o(i.USB_EPClearStall)
    i.USB_EPSetStall                         0x08002a9a   Section        0  stm32f1xx_ll_usb.o(i.USB_EPSetStall)
    i.USB_EPStartXfer                        0x08002acc   Section        0  stm32f1xx_ll_usb.o(i.USB_EPStartXfer)
    i.USB_EnableGlobalInt                    0x08002fae   Section        0  stm32f1xx_ll_usb.o(i.USB_EnableGlobalInt)
    i.USB_LP_CAN1_RX0_IRQHandler             0x08002fc0   Section        0  stm32f1xx_it.o(i.USB_LP_CAN1_RX0_IRQHandler)
    i.USB_ReadInterrupts                     0x08002fcc   Section        0  stm32f1xx_ll_usb.o(i.USB_ReadInterrupts)
    i.USB_ReadPMA                            0x08002fd4   Section        0  stm32f1xx_ll_usb.o(i.USB_ReadPMA)
    i.USB_SetCurrentMode                     0x08003000   Section        0  stm32f1xx_ll_usb.o(i.USB_SetCurrentMode)
    i.USB_SetDevAddress                      0x08003004   Section        0  stm32f1xx_ll_usb.o(i.USB_SetDevAddress)
    i.USB_WritePMA                           0x08003010   Section        0  stm32f1xx_ll_usb.o(i.USB_WritePMA)
    i.USER_initialize                        0x08003038   Section        0  user_diskio.o(i.USER_initialize)
    i.USER_ioctl                             0x08003048   Section        0  user_diskio.o(i.USER_ioctl)
    i.USER_read                              0x0800304c   Section        0  user_diskio.o(i.USER_read)
    i.USER_status                            0x08003050   Section        0  user_diskio.o(i.USER_status)
    i.USER_write                             0x08003060   Section        0  user_diskio.o(i.USER_write)
    i.UsageFault_Handler                     0x08003064   Section        0  stm32f1xx_it.o(i.UsageFault_Handler)
    i.__NVIC_SetPriority                     0x08003066   Section        0  stm32f1xx_hal_cortex.o(i.__NVIC_SetPriority)
    __NVIC_SetPriority                       0x08003067   Thumb Code    32  stm32f1xx_hal_cortex.o(i.__NVIC_SetPriority)
    i.main                                   0x08003088   Section        0  main.o(i.main)
    .constdata                               0x080030bc   Section       18  stm32f1xx_hal_rcc.o(.constdata)
    aPredivFactorTable                       0x080030bc   Data           2  stm32f1xx_hal_rcc.o(.constdata)
    aPLLMULFactorTable                       0x080030be   Data          16  stm32f1xx_hal_rcc.o(.constdata)
    .constdata                               0x080030ce   Section       16  system_stm32f1xx.o(.constdata)
    .data                                    0x20000000   Section       12  stm32f1xx_hal.o(.data)
    .data                                    0x2000000c   Section        4  system_stm32f1xx.o(.data)
    .data                                    0x20000010   Section        1  user_diskio.o(.data)
    Stat                                     0x20000010   Data           1  user_diskio.o(.data)
    .data                                    0x20000014   Section       20  user_diskio.o(.data)
    .data                                    0x20000028   Section        5  fatfs.o(.data)
    .data                                    0x20000030   Section       28  usbd_desc.o(.data)
    .data                                    0x2000004c   Section       50  usbd_desc.o(.data)
    .data                                    0x2000007e   Section        1  usbd_ctlreq.o(.data)
    cfgidx                                   0x2000007e   Data           1  usbd_ctlreq.o(.data)
    .data                                    0x20000080   Section       56  usbd_hid.o(.data)
    .data                                    0x200000b8   Section      206  usbd_hid.o(.data)
    USBD_HID_CfgFSDesc                       0x200000b8   Data          34  usbd_hid.o(.data)
    USBD_HID_CfgHSDesc                       0x200000dc   Data          34  usbd_hid.o(.data)
    USBD_HID_OtherSpeedCfgDesc               0x20000100   Data          34  usbd_hid.o(.data)
    USBD_HID_Desc                            0x20000124   Data           9  usbd_hid.o(.data)
    USBD_HID_DeviceQualifierDesc             0x20000130   Data          10  usbd_hid.o(.data)
    HID_MOUSE_ReportDesc                     0x2000013c   Data          74  usbd_hid.o(.data)
    .bss                                     0x20000188   Section       12  ff_gen_drv.o(.bss)
    .bss                                     0x20000194   Section      708  usb_device.o(.bss)
    .bss                                     0x20000458   Section      512  usbd_desc.o(.bss)
    .bss                                     0x20000658   Section      772  usbd_conf.o(.bss)
    mem                                      0x20000658   Data          20  usbd_conf.o(.bss)
    .bss                                     0x2000095c   Section       96  libspace.o(.bss)
    HEAP                                     0x200009c0   Section      512  startup_stm32f103xb.o(HEAP)
    Heap_Mem                                 0x200009c0   Data         512  startup_stm32f103xb.o(HEAP)
    STACK                                    0x20000bc0   Section     1024  startup_stm32f103xb.o(STACK)
    Stack_Mem                                0x20000bc0   Data        1024  startup_stm32f103xb.o(STACK)
    __initial_sp                             0x20000fc0   Data           0  startup_stm32f103xb.o(STACK)

    Global Symbols

    Symbol Name                              Value     Ov Type        Size  Object(Section)

    BuildAttributes$$THM_ISAv4$P$D$K$B$S$PE$A:L22UL41UL21$X:L11$S22US41US21$IEEE1$IW$USESV6$~STKCKD$USESV7$~SHL$OSPACE$ROPI$EBA8$UX$STANDARDLIB$REQ8$PRES8$EABIv2 0x00000000   Number         0  anon$$obj.o ABSOLUTE
    __ARM_use_no_argv                        0x00000000   Number         0  main.o ABSOLUTE
    __ARM_exceptions_init                     - Undefined Weak Reference
    __alloca_initialize                       - Undefined Weak Reference
    __arm_preinit_                            - Undefined Weak Reference
    __cpp_initialize__aeabi_                  - Undefined Weak Reference
    __cxa_finalize                            - Undefined Weak Reference
    __rt_locale                               - Undefined Weak Reference
    __sigvec_lookup                           - Undefined Weak Reference
    _atexit_init                              - Undefined Weak Reference
    _call_atexit_fns                          - Undefined Weak Reference
    _clock_init                               - Undefined Weak Reference
    _fp_trap_init                             - Undefined Weak Reference
    _fp_trap_shutdown                         - Undefined Weak Reference
    _get_lc_collate                           - Undefined Weak Reference
    _get_lc_ctype                             - Undefined Weak Reference
    _get_lc_monetary                          - Undefined Weak Reference
    _get_lc_numeric                           - Undefined Weak Reference
    _get_lc_time                              - Undefined Weak Reference
    _getenv_init                              - Undefined Weak Reference
    _handle_redirection                       - Undefined Weak Reference
    _init_alloc                               - Undefined Weak Reference
    _init_user_alloc                          - Undefined Weak Reference
    _initio                                   - Undefined Weak Reference
    _rand_init                                - Undefined Weak Reference
    _signal_finish                            - Undefined Weak Reference
    _signal_init                              - Undefined Weak Reference
    _terminate_alloc                          - Undefined Weak Reference
    _terminate_user_alloc                     - Undefined Weak Reference
    _terminateio                              - Undefined Weak Reference
    __Vectors_Size                           0x000000ec   Number         0  startup_stm32f103xb.o ABSOLUTE
    __Vectors                                0x08000000   Data           4  startup_stm32f103xb.o(RESET)
    __Vectors_End                            0x080000ec   Data           0  startup_stm32f103xb.o(RESET)
    __main                                   0x080000ed   Thumb Code     8  __main.o(!!!main)
    __scatterload                            0x080000f5   Thumb Code     0  __scatter.o(!!!scatter)
    __scatterload_rt2                        0x080000f5   Thumb Code    44  __scatter.o(!!!scatter)
    __scatterload_rt2_thumb_only             0x080000f5   Thumb Code     0  __scatter.o(!!!scatter)
    __scatterload_null                       0x08000103   Thumb Code     0  __scatter.o(!!!scatter)
    __decompress                             0x08000129   Thumb Code    90  __dczerorl2.o(!!dczerorl2)
    __decompress1                            0x08000129   Thumb Code     0  __dczerorl2.o(!!dczerorl2)
    __scatterload_zeroinit                   0x08000185   Thumb Code    28  __scatter_zi.o(!!handler_zi)
    __rt_lib_init                            0x080001a1   Thumb Code     0  libinit.o(.ARM.Collect$$libinit$$00000000)
    __rt_lib_init_alloca_1                   0x080001a3   Thumb Code     0  libinit2.o(.ARM.Collect$$libinit$$0000002E)
    __rt_lib_init_argv_1                     0x080001a3   Thumb Code     0  libinit2.o(.ARM.Collect$$libinit$$0000002C)
    __rt_lib_init_atexit_1                   0x080001a3   Thumb Code     0  libinit2.o(.ARM.Collect$$libinit$$0000001B)
    __rt_lib_init_clock_1                    0x080001a3   Thumb Code     0  libinit2.o(.ARM.Collect$$libinit$$00000021)
    __rt_lib_init_cpp_1                      0x080001a3   Thumb Code     0  libinit2.o(.ARM.Collect$$libinit$$00000032)
    __rt_lib_init_exceptions_1               0x080001a3   Thumb Code     0  libinit2.o(.ARM.Collect$$libinit$$00000030)
    __rt_lib_init_fp_1                       0x080001a3   Thumb Code     0  libinit2.o(.ARM.Collect$$libinit$$00000002)
    __rt_lib_init_fp_trap_1                  0x080001a3   Thumb Code     0  libinit2.o(.ARM.Collect$$libinit$$0000001F)
    __rt_lib_init_getenv_1                   0x080001a3   Thumb Code     0  libinit2.o(.ARM.Collect$$libinit$$00000023)
    __rt_lib_init_heap_1                     0x080001a3   Thumb Code     0  libinit2.o(.ARM.Collect$$libinit$$0000000A)
    __rt_lib_init_lc_collate_1               0x080001a3   Thumb Code     0  libinit2.o(.ARM.Collect$$libinit$$00000011)
    __rt_lib_init_lc_ctype_1                 0x080001a3   Thumb Code     0  libinit2.o(.ARM.Collect$$libinit$$00000013)
    __rt_lib_init_lc_monetary_1              0x080001a3   Thumb Code     0  libinit2.o(.ARM.Collect$$libinit$$00000015)
    __rt_lib_init_lc_numeric_1               0x080001a3   Thumb Code     0  libinit2.o(.ARM.Collect$$libinit$$00000017)
    __rt_lib_init_lc_time_1                  0x080001a3   Thumb Code     0  libinit2.o(.ARM.Collect$$libinit$$00000019)
    __rt_lib_init_preinit_1                  0x080001a3   Thumb Code     0  libinit2.o(.ARM.Collect$$libinit$$00000004)
    __rt_lib_init_rand_1                     0x080001a3   Thumb Code     0  libinit2.o(.ARM.Collect$$libinit$$0000000E)
    __rt_lib_init_return                     0x080001a3   Thumb Code     0  libinit2.o(.ARM.Collect$$libinit$$00000033)
    __rt_lib_init_signal_1                   0x080001a3   Thumb Code     0  libinit2.o(.ARM.Collect$$libinit$$0000001D)
    __rt_lib_init_stdio_1                    0x080001a3   Thumb Code     0  libinit2.o(.ARM.Collect$$libinit$$00000025)
    __rt_lib_init_user_alloc_1               0x080001a3   Thumb Code     0  libinit2.o(.ARM.Collect$$libinit$$0000000C)
    __rt_lib_shutdown                        0x080001a5   Thumb Code     0  libshutdown.o(.ARM.Collect$$libshutdown$$00000000)
    __rt_lib_shutdown_cpp_1                  0x080001a7   Thumb Code     0  libshutdown2.o(.ARM.Collect$$libshutdown$$00000002)
    __rt_lib_shutdown_fp_trap_1              0x080001a7   Thumb Code     0  libshutdown2.o(.ARM.Collect$$libshutdown$$00000007)
    __rt_lib_shutdown_heap_1                 0x080001a7   Thumb Code     0  libshutdown2.o(.ARM.Collect$$libshutdown$$0000000F)
    __rt_lib_shutdown_return                 0x080001a7   Thumb Code     0  libshutdown2.o(.ARM.Collect$$libshutdown$$00000010)
    __rt_lib_shutdown_signal_1               0x080001a7   Thumb Code     0  libshutdown2.o(.ARM.Collect$$libshutdown$$0000000A)
    __rt_lib_shutdown_stdio_1                0x080001a7   Thumb Code     0  libshutdown2.o(.ARM.Collect$$libshutdown$$00000004)
    __rt_lib_shutdown_user_alloc_1           0x080001a7   Thumb Code     0  libshutdown2.o(.ARM.Collect$$libshutdown$$0000000C)
    __rt_entry                               0x080001a9   Thumb Code     0  __rtentry.o(.ARM.Collect$$rtentry$$00000000)
    __rt_entry_presh_1                       0x080001a9   Thumb Code     0  __rtentry2.o(.ARM.Collect$$rtentry$$00000002)
    __rt_entry_sh                            0x080001a9   Thumb Code     0  __rtentry4.o(.ARM.Collect$$rtentry$$00000004)
    __rt_entry_li                            0x080001af   Thumb Code     0  __rtentry2.o(.ARM.Collect$$rtentry$$0000000A)
    __rt_entry_postsh_1                      0x080001af   Thumb Code     0  __rtentry2.o(.ARM.Collect$$rtentry$$00000009)
    __rt_entry_main                          0x080001b3   Thumb Code     0  __rtentry2.o(.ARM.Collect$$rtentry$$0000000D)
    __rt_entry_postli_1                      0x080001b3   Thumb Code     0  __rtentry2.o(.ARM.Collect$$rtentry$$0000000C)
    __rt_exit                                0x080001bb   Thumb Code     0  rtexit.o(.ARM.Collect$$rtexit$$00000000)
    __rt_exit_ls                             0x080001bd   Thumb Code     0  rtexit2.o(.ARM.Collect$$rtexit$$00000003)
    __rt_exit_prels_1                        0x080001bd   Thumb Code     0  rtexit2.o(.ARM.Collect$$rtexit$$00000002)
    __rt_exit_exit                           0x080001c1   Thumb Code     0  rtexit2.o(.ARM.Collect$$rtexit$$00000004)
    Reset_Handler                            0x080001c9   Thumb Code     8  startup_stm32f103xb.o(.text)
    ADC1_2_IRQHandler                        0x080001e3   Thumb Code     0  startup_stm32f103xb.o(.text)
    CAN1_RX1_IRQHandler                      0x080001e3   Thumb Code     0  startup_stm32f103xb.o(.text)
    CAN1_SCE_IRQHandler                      0x080001e3   Thumb Code     0  startup_stm32f103xb.o(.text)
    DMA1_Channel1_IRQHandler                 0x080001e3   Thumb Code     0  startup_stm32f103xb.o(.text)
    DMA1_Channel2_IRQHandler                 0x080001e3   Thumb Code     0  startup_stm32f103xb.o(.text)
    DMA1_Channel3_IRQHandler                 0x080001e3   Thumb Code     0  startup_stm32f103xb.o(.text)
    DMA1_Channel4_IRQHandler                 0x080001e3   Thumb Code     0  startup_stm32f103xb.o(.text)
    DMA1_Channel5_IRQHandler                 0x080001e3   Thumb Code     0  startup_stm32f103xb.o(.text)
    DMA1_Channel6_IRQHandler                 0x080001e3   Thumb Code     0  startup_stm32f103xb.o(.text)
    DMA1_Channel7_IRQHandler                 0x080001e3   Thumb Code     0  startup_stm32f103xb.o(.text)
    EXTI0_IRQHandler                         0x080001e3   Thumb Code     0  startup_stm32f103xb.o(.text)
    EXTI15_10_IRQHandler                     0x080001e3   Thumb Code     0  startup_stm32f103xb.o(.text)
    EXTI1_IRQHandler                         0x080001e3   Thumb Code     0  startup_stm32f103xb.o(.text)
    EXTI2_IRQHandler                         0x080001e3   Thumb Code     0  startup_stm32f103xb.o(.text)
    EXTI3_IRQHandler                         0x080001e3   Thumb Code     0  startup_stm32f103xb.o(.text)
    EXTI4_IRQHandler                         0x080001e3   Thumb Code     0  startup_stm32f103xb.o(.text)
    EXTI9_5_IRQHandler                       0x080001e3   Thumb Code     0  startup_stm32f103xb.o(.text)
    FLASH_IRQHandler                         0x080001e3   Thumb Code     0  startup_stm32f103xb.o(.text)
    I2C1_ER_IRQHandler                       0x080001e3   Thumb Code     0  startup_stm32f103xb.o(.text)
    I2C1_EV_IRQHandler                       0x080001e3   Thumb Code     0  startup_stm32f103xb.o(.text)
    I2C2_ER_IRQHandler                       0x080001e3   Thumb Code     0  startup_stm32f103xb.o(.text)
    I2C2_EV_IRQHandler                       0x080001e3   Thumb Code     0  startup_stm32f103xb.o(.text)
    PVD_IRQHandler                           0x080001e3   Thumb Code     0  startup_stm32f103xb.o(.text)
    RCC_IRQHandler                           0x080001e3   Thumb Code     0  startup_stm32f103xb.o(.text)
    RTC_Alarm_IRQHandler                     0x080001e3   Thumb Code     0  startup_stm32f103xb.o(.text)
    RTC_IRQHandler                           0x080001e3   Thumb Code     0  startup_stm32f103xb.o(.text)
    SPI1_IRQHandler                          0x080001e3   Thumb Code     0  startup_stm32f103xb.o(.text)
    SPI2_IRQHandler                          0x080001e3   Thumb Code     0  startup_stm32f103xb.o(.text)
    TAMPER_IRQHandler                        0x080001e3   Thumb Code     0  startup_stm32f103xb.o(.text)
    TIM1_BRK_IRQHandler                      0x080001e3   Thumb Code     0  startup_stm32f103xb.o(.text)
    TIM1_CC_IRQHandler                       0x080001e3   Thumb Code     0  startup_stm32f103xb.o(.text)
    TIM1_TRG_COM_IRQHandler                  0x080001e3   Thumb Code     0  startup_stm32f103xb.o(.text)
    TIM1_UP_IRQHandler                       0x080001e3   Thumb Code     0  startup_stm32f103xb.o(.text)
    TIM2_IRQHandler                          0x080001e3   Thumb Code     0  startup_stm32f103xb.o(.text)
    TIM3_IRQHandler                          0x080001e3   Thumb Code     0  startup_stm32f103xb.o(.text)
    TIM4_IRQHandler                          0x080001e3   Thumb Code     0  startup_stm32f103xb.o(.text)
    USART1_IRQHandler                        0x080001e3   Thumb Code     0  startup_stm32f103xb.o(.text)
    USART2_IRQHandler                        0x080001e3   Thumb Code     0  startup_stm32f103xb.o(.text)
    USART3_IRQHandler                        0x080001e3   Thumb Code     0  startup_stm32f103xb.o(.text)
    USBWakeUp_IRQHandler                     0x080001e3   Thumb Code     0  startup_stm32f103xb.o(.text)
    USB_HP_CAN1_TX_IRQHandler                0x080001e3   Thumb Code     0  startup_stm32f103xb.o(.text)
    WWDG_IRQHandler                          0x080001e3   Thumb Code     0  startup_stm32f103xb.o(.text)
    __user_initial_stackheap                 0x080001e5   Thumb Code     0  startup_stm32f103xb.o(.text)
    __aeabi_memcpy4                          0x08000209   Thumb Code     0  rt_memcpy_w.o(.text)
    __aeabi_memcpy8                          0x08000209   Thumb Code     0  rt_memcpy_w.o(.text)
    __rt_memcpy_w                            0x08000209   Thumb Code   100  rt_memcpy_w.o(.text)
    _memcpy_lastbytes_aligned                0x08000251   Thumb Code     0  rt_memcpy_w.o(.text)
    __aeabi_memclr4                          0x0800026d   Thumb Code     0  rt_memclr_w.o(.text)
    __aeabi_memclr8                          0x0800026d   Thumb Code     0  rt_memclr_w.o(.text)
    __rt_memclr_w                            0x0800026d   Thumb Code    78  rt_memclr_w.o(.text)
    _memset_w                                0x08000271   Thumb Code     0  rt_memclr_w.o(.text)
    __use_two_region_memory                  0x080002bb   Thumb Code     2  heapauxi.o(.text)
    __rt_heap_escrow$2region                 0x080002bd   Thumb Code     2  heapauxi.o(.text)
    __rt_heap_expand$2region                 0x080002bf   Thumb Code     2  heapauxi.o(.text)
    __user_setup_stackheap                   0x080002c1   Thumb Code    74  sys_stackheap_outer.o(.text)
    exit                                     0x0800030b   Thumb Code    18  exit.o(.text)
    __user_libspace                          0x0800031d   Thumb Code     8  libspace.o(.text)
    __user_perproc_libspace                  0x0800031d   Thumb Code     0  libspace.o(.text)
    __user_perthread_libspace                0x0800031d   Thumb Code     0  libspace.o(.text)
    _sys_exit                                0x08000325   Thumb Code     8  sys_exit.o(.text)
    __I$use$semihosting                      0x08000331   Thumb Code     0  use_no_semi.o(.text)
    __use_no_semihosting_swi                 0x08000331   Thumb Code     2  use_no_semi.o(.text)
    BusFault_Handler                         0x08000333   Thumb Code     2  stm32f1xx_it.o(i.BusFault_Handler)
    __semihosting_library_function           0x08000333   Thumb Code     0  indicate_semi.o(.text)
    DebugMon_Handler                         0x08000335   Thumb Code     2  stm32f1xx_it.o(i.DebugMon_Handler)
    Error_Handler                            0x08000337   Thumb Code     4  main.o(i.Error_Handler)
    FATFS_LinkDriver                         0x0800033b   Thumb Code     6  ff_gen_drv.o(i.FATFS_LinkDriver)
    FATFS_LinkDriverEx                       0x08000341   Thumb Code    60  ff_gen_drv.o(i.FATFS_LinkDriverEx)
    HAL_Delay                                0x08000381   Thumb Code    32  stm32f1xx_hal.o(i.HAL_Delay)
    HAL_GPIO_Init                            0x080003a5   Thumb Code   446  stm32f1xx_hal_gpio.o(i.HAL_GPIO_Init)
    HAL_GPIO_TogglePin                       0x08000585   Thumb Code    16  stm32f1xx_hal_gpio.o(i.HAL_GPIO_TogglePin)
    HAL_GPIO_WritePin                        0x08000595   Thumb Code    10  stm32f1xx_hal_gpio.o(i.HAL_GPIO_WritePin)
    HAL_GetTick                              0x080005a1   Thumb Code     6  stm32f1xx_hal.o(i.HAL_GetTick)
    HAL_IncTick                              0x080005ad   Thumb Code    12  stm32f1xx_hal.o(i.HAL_IncTick)
    HAL_Init                                 0x080005bd   Thumb Code    32  stm32f1xx_hal.o(i.HAL_Init)
    HAL_InitTick                             0x080005e1   Thumb Code    54  stm32f1xx_hal.o(i.HAL_InitTick)
    HAL_MspInit                              0x08000621   Thumb Code    52  stm32f1xx_hal_msp.o(i.HAL_MspInit)
    HAL_NVIC_EnableIRQ                       0x0800065d   Thumb Code    26  stm32f1xx_hal_cortex.o(i.HAL_NVIC_EnableIRQ)
    HAL_NVIC_SetPriority                     0x08000679   Thumb Code    60  stm32f1xx_hal_cortex.o(i.HAL_NVIC_SetPriority)
    HAL_NVIC_SetPriorityGrouping             0x080006b9   Thumb Code    26  stm32f1xx_hal_cortex.o(i.HAL_NVIC_SetPriorityGrouping)
    HAL_PCDEx_PMAConfig                      0x080006dd   Thumb Code    60  stm32f1xx_hal_pcd_ex.o(i.HAL_PCDEx_PMAConfig)
    HAL_PCDEx_SetConnectionState             0x08000719   Thumb Code     2  usbd_conf.o(i.HAL_PCDEx_SetConnectionState)
    HAL_PCD_DataInStageCallback              0x0800071b   Thumb Code    18  usbd_conf.o(i.HAL_PCD_DataInStageCallback)
    HAL_PCD_DataOutStageCallback             0x0800072d   Thumb Code    20  usbd_conf.o(i.HAL_PCD_DataOutStageCallback)
    HAL_PCD_EP_Close                         0x08000741   Thumb Code    76  stm32f1xx_hal_pcd.o(i.HAL_PCD_EP_Close)
    HAL_PCD_EP_ClrStall                      0x0800078d   Thumb Code    92  stm32f1xx_hal_pcd.o(i.HAL_PCD_EP_ClrStall)
    HAL_PCD_EP_Open                          0x08000c07   Thumb Code    90  stm32f1xx_hal_pcd.o(i.HAL_PCD_EP_Open)
    HAL_PCD_EP_Receive                       0x08000c61   Thumb Code    46  stm32f1xx_hal_pcd.o(i.HAL_PCD_EP_Receive)
    HAL_PCD_EP_SetStall                      0x08000c8f   Thumb Code   114  stm32f1xx_hal_pcd.o(i.HAL_PCD_EP_SetStall)
    HAL_PCD_EP_Transmit                      0x08000d01   Thumb Code    48  stm32f1xx_hal_pcd.o(i.HAL_PCD_EP_Transmit)
    HAL_PCD_IRQHandler                       0x08000d31   Thumb Code   308  stm32f1xx_hal_pcd.o(i.HAL_PCD_IRQHandler)
    HAL_PCD_Init                             0x08000e65   Thumb Code   218  stm32f1xx_hal_pcd.o(i.HAL_PCD_Init)
    HAL_PCD_MspInit                          0x08000f41   Thumb Code    50  usbd_conf.o(i.HAL_PCD_MspInit)
    HAL_PCD_ResetCallback                    0x08000f7d   Thumb Code    38  usbd_conf.o(i.HAL_PCD_ResetCallback)
    HAL_PCD_ResumeCallback                   0x08000fa3   Thumb Code     8  usbd_conf.o(i.HAL_PCD_ResumeCallback)
    HAL_PCD_SOFCallback                      0x08000fab   Thumb Code     8  usbd_conf.o(i.HAL_PCD_SOFCallback)
    HAL_PCD_SetAddress                       0x08000fb3   Thumb Code    40  stm32f1xx_hal_pcd.o(i.HAL_PCD_SetAddress)
    HAL_PCD_SetupStageCallback               0x08000fdb   Thumb Code    14  usbd_conf.o(i.HAL_PCD_SetupStageCallback)
    HAL_PCD_Start                            0x08000fe9   Thumb Code    50  stm32f1xx_hal_pcd.o(i.HAL_PCD_Start)
    HAL_PCD_SuspendCallback                  0x0800101d   Thumb Code    30  usbd_conf.o(i.HAL_PCD_SuspendCallback)
    HAL_RCCEx_PeriphCLKConfig                0x08001041   Thumb Code   224  stm32f1xx_hal_rcc_ex.o(i.HAL_RCCEx_PeriphCLKConfig)
    HAL_RCC_ClockConfig                      0x0800112d   Thumb Code   280  stm32f1xx_hal_rcc.o(i.HAL_RCC_ClockConfig)
    HAL_RCC_GetSysClockFreq                  0x08001259   Thumb Code    58  stm32f1xx_hal_rcc.o(i.HAL_RCC_GetSysClockFreq)
    HAL_RCC_OscConfig                        0x080012a5   Thumb Code   778  stm32f1xx_hal_rcc.o(i.HAL_RCC_OscConfig)
    HAL_SYSTICK_Config                       0x080015c5   Thumb Code    40  stm32f1xx_hal_cortex.o(i.HAL_SYSTICK_Config)
    HardFault_Handler                        0x080015ed   Thumb Code     2  stm32f1xx_it.o(i.HardFault_Handler)
    MX_FATFS_Init                            0x08001629   Thumb Code    18  fatfs.o(i.MX_FATFS_Init)
    MX_USB_DEVICE_Init                       0x080016b5   Thumb Code    52  usb_device.o(i.MX_USB_DEVICE_Init)
    MemManage_Handler                        0x080016f5   Thumb Code     2  stm32f1xx_it.o(i.MemManage_Handler)
    NMI_Handler                              0x080016f7   Thumb Code     2  stm32f1xx_it.o(i.NMI_Handler)
    PendSV_Handler                           0x08001aa5   Thumb Code     2  stm32f1xx_it.o(i.PendSV_Handler)
    SVC_Handler                              0x08001aa7   Thumb Code     2  stm32f1xx_it.o(i.SVC_Handler)
    SysTick_Handler                          0x08001aa9   Thumb Code     4  stm32f1xx_it.o(i.SysTick_Handler)
    SystemClock_Config                       0x08001aad   Thumb Code   118  main.o(i.SystemClock_Config)
    SystemInit                               0x08001b23   Thumb Code     2  system_stm32f1xx.o(i.SystemInit)
    USBD_ClrClassConfig                      0x08001b25   Thumb Code    14  usbd_core.o(i.USBD_ClrClassConfig)
    USBD_CtlContinueRx                       0x08001b33   Thumb Code    16  usbd_ioreq.o(i.USBD_CtlContinueRx)
    USBD_CtlContinueSendData                 0x08001b43   Thumb Code    16  usbd_ioreq.o(i.USBD_CtlContinueSendData)
    USBD_CtlError                            0x08001b53   Thumb Code    22  usbd_ctlreq.o(i.USBD_CtlError)
    USBD_CtlReceiveStatus                    0x08001b69   Thumb Code    22  usbd_ioreq.o(i.USBD_CtlReceiveStatus)
    USBD_CtlSendData                         0x08001b7f   Thumb Code    26  usbd_ioreq.o(i.USBD_CtlSendData)
    USBD_CtlSendStatus                       0x08001b99   Thumb Code    22  usbd_ioreq.o(i.USBD_CtlSendStatus)
    USBD_FS_ConfigStrDescriptor              0x08001bb1   Thumb Code    16  usbd_desc.o(i.USBD_FS_ConfigStrDescriptor)
    USBD_FS_DeviceDescriptor                 0x08001bd1   Thumb Code     8  usbd_desc.o(i.USBD_FS_DeviceDescriptor)
    USBD_FS_InterfaceStrDescriptor           0x08001bdd   Thumb Code    16  usbd_desc.o(i.USBD_FS_InterfaceStrDescriptor)
    USBD_FS_LangIDStrDescriptor              0x08001c01   Thumb Code     8  usbd_desc.o(i.USBD_FS_LangIDStrDescriptor)
    USBD_FS_ManufacturerStrDescriptor        0x08001c0d   Thumb Code    16  usbd_desc.o(i.USBD_FS_ManufacturerStrDescriptor)
    USBD_FS_ProductStrDescriptor             0x08001c35   Thumb Code    16  usbd_desc.o(i.USBD_FS_ProductStrDescriptor)
    USBD_FS_SerialStrDescriptor              0x08001c61   Thumb Code    48  usbd_desc.o(i.USBD_FS_SerialStrDescriptor)
    USBD_GetString                           0x08001d81   Thumb Code    72  usbd_ctlreq.o(i.USBD_GetString)
    USBD_Init                                0x08001f31   Thumb Code    42  usbd_core.o(i.USBD_Init)
    USBD_LL_ClearStallEP                     0x08001f5b   Thumb Code    18  usbd_conf.o(i.USBD_LL_ClearStallEP)
    USBD_LL_CloseEP                          0x08001f6d   Thumb Code    18  usbd_conf.o(i.USBD_LL_CloseEP)
    USBD_LL_DataInStage                      0x08001f7f   Thumb Code   198  usbd_core.o(i.USBD_LL_DataInStage)
    USBD_LL_DataOutStage                     0x08002045   Thumb Code   130  usbd_core.o(i.USBD_LL_DataOutStage)
    USBD_LL_Init                             0x080020c9   Thumb Code    94  usbd_conf.o(i.USBD_LL_Init)
    USBD_LL_IsStallEP                        0x08002131   Thumb Code    32  usbd_conf.o(i.USBD_LL_IsStallEP)
    USBD_LL_OpenEP                           0x08002151   Thumb Code    24  usbd_conf.o(i.USBD_LL_OpenEP)
    USBD_LL_PrepareReceive                   0x08002169   Thumb Code    18  usbd_conf.o(i.USBD_LL_PrepareReceive)
    USBD_LL_Reset                            0x0800217b   Thumb Code    80  usbd_core.o(i.USBD_LL_Reset)
    USBD_LL_Resume                           0x080021cb   Thumb Code    20  usbd_core.o(i.USBD_LL_Resume)
    USBD_LL_SOF                              0x080021df   Thumb Code    24  usbd_core.o(i.USBD_LL_SOF)
    USBD_LL_SetSpeed                         0x080021f7   Thumb Code     6  usbd_core.o(i.USBD_LL_SetSpeed)
    USBD_LL_SetUSBAddress                    0x080021fd   Thumb Code    18  usbd_conf.o(i.USBD_LL_SetUSBAddress)
    USBD_LL_SetupStage                       0x0800220f   Thumb Code    90  usbd_core.o(i.USBD_LL_SetupStage)
    USBD_LL_StallEP                          0x08002269   Thumb Code    18  usbd_conf.o(i.USBD_LL_StallEP)
    USBD_LL_Start                            0x0800227b   Thumb Code    18  usbd_conf.o(i.USBD_LL_Start)
    USBD_LL_Suspend                          0x0800228d   Thumb Code    18  usbd_core.o(i.USBD_LL_Suspend)
    USBD_LL_Transmit                         0x0800229f   Thumb Code    18  usbd_conf.o(i.USBD_LL_Transmit)
    USBD_ParseSetupRequest                   0x080022b1   Thumb Code    40  usbd_ctlreq.o(i.USBD_ParseSetupRequest)
    USBD_RegisterClass                       0x080022d9   Thumb Code    16  usbd_core.o(i.USBD_RegisterClass)
    USBD_SetClassConfig                      0x080022e9   Thumb Code    22  usbd_core.o(i.USBD_SetClassConfig)
    USBD_Start                               0x08002385   Thumb Code    10  usbd_core.o(i.USBD_Start)
    USBD_StdDevReq                           0x0800238f   Thumb Code   274  usbd_ctlreq.o(i.USBD_StdDevReq)
    USBD_StdEPReq                            0x080024a1   Thumb Code   336  usbd_ctlreq.o(i.USBD_StdEPReq)
    USBD_StdItfReq                           0x080025f1   Thumb Code    78  usbd_ctlreq.o(i.USBD_StdItfReq)
    USBD_static_free                         0x0800263f   Thumb Code     2  usbd_conf.o(i.USBD_static_free)
    USBD_static_malloc                       0x08002641   Thumb Code     4  usbd_conf.o(i.USBD_static_malloc)
    USB_ActivateEndpoint                     0x08002649   Thumb Code   668  stm32f1xx_ll_usb.o(i.USB_ActivateEndpoint)
    USB_CoreInit                             0x080028e5   Thumb Code     4  stm32f1xx_ll_usb.o(i.USB_CoreInit)
    USB_DeactivateEndpoint                   0x080028e9   Thumb Code   270  stm32f1xx_ll_usb.o(i.USB_DeactivateEndpoint)
    USB_DevConnect                           0x080029f7   Thumb Code     4  stm32f1xx_ll_usb.o(i.USB_DevConnect)
    USB_DevDisconnect                        0x080029fb   Thumb Code     4  stm32f1xx_ll_usb.o(i.USB_DevDisconnect)
    USB_DevInit                              0x080029ff   Thumb Code    18  stm32f1xx_ll_usb.o(i.USB_DevInit)
    USB_DisableGlobalInt                     0x08002a11   Thumb Code    14  stm32f1xx_ll_usb.o(i.USB_DisableGlobalInt)
    USB_EP0_OutStart                         0x08002a1f   Thumb Code     4  stm32f1xx_ll_usb.o(i.USB_EP0_OutStart)
    USB_EPClearStall                         0x08002a23   Thumb Code   120  stm32f1xx_ll_usb.o(i.USB_EPClearStall)
    USB_EPSetStall                           0x08002a9b   Thumb Code    50  stm32f1xx_ll_usb.o(i.USB_EPSetStall)
    USB_EPStartXfer                          0x08002acd   Thumb Code  1250  stm32f1xx_ll_usb.o(i.USB_EPStartXfer)
    USB_EnableGlobalInt                      0x08002faf   Thumb Code    18  stm32f1xx_ll_usb.o(i.USB_EnableGlobalInt)
    USB_LP_CAN1_RX0_IRQHandler               0x08002fc1   Thumb Code     6  stm32f1xx_it.o(i.USB_LP_CAN1_RX0_IRQHandler)
    USB_ReadInterrupts                       0x08002fcd   Thumb Code     6  stm32f1xx_ll_usb.o(i.USB_ReadInterrupts)
    USB_ReadPMA                              0x08002fd5   Thumb Code    44  stm32f1xx_ll_usb.o(i.USB_ReadPMA)
    USB_SetCurrentMode                       0x08003001   Thumb Code     4  stm32f1xx_ll_usb.o(i.USB_SetCurrentMode)
    USB_SetDevAddress                        0x08003005   Thumb Code    12  stm32f1xx_ll_usb.o(i.USB_SetDevAddress)
    USB_WritePMA                             0x08003011   Thumb Code    38  stm32f1xx_ll_usb.o(i.USB_WritePMA)
    USER_initialize                          0x08003039   Thumb Code    10  user_diskio.o(i.USER_initialize)
    USER_ioctl                               0x08003049   Thumb Code     4  user_diskio.o(i.USER_ioctl)
    USER_read                                0x0800304d   Thumb Code     4  user_diskio.o(i.USER_read)
    USER_status                              0x08003051   Thumb Code    10  user_diskio.o(i.USER_status)
    USER_write                               0x08003061   Thumb Code     4  user_diskio.o(i.USER_write)
    UsageFault_Handler                       0x08003065   Thumb Code     2  stm32f1xx_it.o(i.UsageFault_Handler)
    main                                     0x08003089   Thumb Code    46  main.o(i.main)
    AHBPrescTable                            0x080030ce   Data          16  system_stm32f1xx.o(.constdata)
    Region$$Table$$Base                      0x080030e0   Number         0  anon$$obj.o(Region$$Table)
    Region$$Table$$Limit                     0x08003100   Number         0  anon$$obj.o(Region$$Table)
    uwTickFreq                               0x20000000   Data           1  stm32f1xx_hal.o(.data)
    uwTickPrio                               0x20000004   Data           4  stm32f1xx_hal.o(.data)
    uwTick                                   0x20000008   Data           4  stm32f1xx_hal.o(.data)
    SystemCoreClock                          0x2000000c   Data           4  system_stm32f1xx.o(.data)
    USER_Driver                              0x20000014   Data          20  user_diskio.o(.data)
    retUSER                                  0x20000028   Data           1  fatfs.o(.data)
    USERPath                                 0x20000029   Data           4  fatfs.o(.data)
    FS_Desc                                  0x20000030   Data          28  usbd_desc.o(.data)
    USBD_LangIDDesc                          0x2000004c   Data           4  usbd_desc.o(.data)
    USBD_FS_DeviceDesc                       0x20000050   Data          18  usbd_desc.o(.data)
    USBD_StringSerial                        0x20000064   Data          26  usbd_desc.o(.data)
    USBD_HID                                 0x20000080   Data          56  usbd_hid.o(.data)
    disk                                     0x20000188   Data          12  ff_gen_drv.o(.bss)
    hUsbDeviceFS                             0x20000194   Data         708  usb_device.o(.bss)
    USBD_StrDesc                             0x20000458   Data         512  usbd_desc.o(.bss)
    hpcd_USB_FS                              0x2000066c   Data         752  usbd_conf.o(.bss)
    __libspace_start                         0x2000095c   Data          96  libspace.o(.bss)
    __temporary_stack_top$libspace           0x200009bc   Data           0  libspace.o(.bss)



==============================================================================

Memory Map of the image

  Image Entry point : 0x080000ed

  Load Region LR_IROM1 (Base: 0x08000000, Size: 0x00003288, Max: 0x00010000, ABSOLUTE, COMPRESSED[0x000031ec])

    Execution Region ER_IROM1 (Exec base: 0x08000000, Load base: 0x08000000, Size: 0x00003100, Max: 0x00010000, ABSOLUTE)

    Exec Addr    Load Addr    Size         Type   Attr      Idx    E Section Name        Object

    0x08000000   0x08000000   0x000000ec   Data   RO            3    RESET               startup_stm32f103xb.o
    0x080000ec   0x080000ec   0x00000008   Code   RO         3079  * !!!main             c_w.l(__main.o)
    0x080000f4   0x080000f4   0x00000034   Code   RO         3238    !!!scatter          c_w.l(__scatter.o)
    0x08000128   0x08000128   0x0000005a   Code   RO         3236    !!dczerorl2         c_w.l(__dczerorl2.o)
    0x08000182   0x08000182   0x00000002   PAD
    0x08000184   0x08000184   0x0000001c   Code   RO         3240    !!handler_zi        c_w.l(__scatter_zi.o)
    0x080001a0   0x080001a0   0x00000002   Code   RO         3106    .ARM.Collect$$libinit$$00000000  c_w.l(libinit.o)
    0x080001a2   0x080001a2   0x00000000   Code   RO         3113    .ARM.Collect$$libinit$$00000002  c_w.l(libinit2.o)
    0x080001a2   0x080001a2   0x00000000   Code   RO         3115    .ARM.Collect$$libinit$$00000004  c_w.l(libinit2.o)
    0x080001a2   0x080001a2   0x00000000   Code   RO         3118    .ARM.Collect$$libinit$$0000000A  c_w.l(libinit2.o)
    0x080001a2   0x080001a2   0x00000000   Code   RO         3120    .ARM.Collect$$libinit$$0000000C  c_w.l(libinit2.o)
    0x080001a2   0x080001a2   0x00000000   Code   RO         3122    .ARM.Collect$$libinit$$0000000E  c_w.l(libinit2.o)
    0x080001a2   0x080001a2   0x00000000   Code   RO         3125    .ARM.Collect$$libinit$$00000011  c_w.l(libinit2.o)
    0x080001a2   0x080001a2   0x00000000   Code   RO         3127    .ARM.Collect$$libinit$$00000013  c_w.l(libinit2.o)
    0x080001a2   0x080001a2   0x00000000   Code   RO         3129    .ARM.Collect$$libinit$$00000015  c_w.l(libinit2.o)
    0x080001a2   0x080001a2   0x00000000   Code   RO         3131    .ARM.Collect$$libinit$$00000017  c_w.l(libinit2.o)
    0x080001a2   0x080001a2   0x00000000   Code   RO         3133    .ARM.Collect$$libinit$$00000019  c_w.l(libinit2.o)
    0x080001a2   0x080001a2   0x00000000   Code   RO         3135    .ARM.Collect$$libinit$$0000001B  c_w.l(libinit2.o)
    0x080001a2   0x080001a2   0x00000000   Code   RO         3137    .ARM.Collect$$libinit$$0000001D  c_w.l(libinit2.o)
    0x080001a2   0x080001a2   0x00000000   Code   RO         3139    .ARM.Collect$$libinit$$0000001F  c_w.l(libinit2.o)
    0x080001a2   0x080001a2   0x00000000   Code   RO         3141    .ARM.Collect$$libinit$$00000021  c_w.l(libinit2.o)
    0x080001a2   0x080001a2   0x00000000   Code   RO         3143    .ARM.Collect$$libinit$$00000023  c_w.l(libinit2.o)
    0x080001a2   0x080001a2   0x00000000   Code   RO         3145    .ARM.Collect$$libinit$$00000025  c_w.l(libinit2.o)
    0x080001a2   0x080001a2   0x00000000   Code   RO         3149    .ARM.Collect$$libinit$$0000002C  c_w.l(libinit2.o)
    0x080001a2   0x080001a2   0x00000000   Code   RO         3151    .ARM.Collect$$libinit$$0000002E  c_w.l(libinit2.o)
    0x080001a2   0x080001a2   0x00000000   Code   RO         3153    .ARM.Collect$$libinit$$00000030  c_w.l(libinit2.o)
    0x080001a2   0x080001a2   0x00000000   Code   RO         3155    .ARM.Collect$$libinit$$00000032  c_w.l(libinit2.o)
    0x080001a2   0x080001a2   0x00000002   Code   RO         3156    .ARM.Collect$$libinit$$00000033  c_w.l(libinit2.o)
    0x080001a4   0x080001a4   0x00000002   Code   RO         3176    .ARM.Collect$$libshutdown$$00000000  c_w.l(libshutdown.o)
    0x080001a6   0x080001a6   0x00000000   Code   RO         3189    .ARM.Collect$$libshutdown$$00000002  c_w.l(libshutdown2.o)
    0x080001a6   0x080001a6   0x00000000   Code   RO         3191    .ARM.Collect$$libshutdown$$00000004  c_w.l(libshutdown2.o)
    0x080001a6   0x080001a6   0x00000000   Code   RO         3194    .ARM.Collect$$libshutdown$$00000007  c_w.l(libshutdown2.o)
    0x080001a6   0x080001a6   0x00000000   Code   RO         3197    .ARM.Collect$$libshutdown$$0000000A  c_w.l(libshutdown2.o)
    0x080001a6   0x080001a6   0x00000000   Code   RO         3199    .ARM.Collect$$libshutdown$$0000000C  c_w.l(libshutdown2.o)
    0x080001a6   0x080001a6   0x00000000   Code   RO         3202    .ARM.Collect$$libshutdown$$0000000F  c_w.l(libshutdown2.o)
    0x080001a6   0x080001a6   0x00000002   Code   RO         3203    .ARM.Collect$$libshutdown$$00000010  c_w.l(libshutdown2.o)
    0x080001a8   0x080001a8   0x00000000   Code   RO         3081    .ARM.Collect$$rtentry$$00000000  c_w.l(__rtentry.o)
    0x080001a8   0x080001a8   0x00000000   Code   RO         3083    .ARM.Collect$$rtentry$$00000002  c_w.l(__rtentry2.o)
    0x080001a8   0x080001a8   0x00000006   Code   RO         3095    .ARM.Collect$$rtentry$$00000004  c_w.l(__rtentry4.o)
    0x080001ae   0x080001ae   0x00000000   Code   RO         3085    .ARM.Collect$$rtentry$$00000009  c_w.l(__rtentry2.o)
    0x080001ae   0x080001ae   0x00000004   Code   RO         3086    .ARM.Collect$$rtentry$$0000000A  c_w.l(__rtentry2.o)
    0x080001b2   0x080001b2   0x00000000   Code   RO         3088    .ARM.Collect$$rtentry$$0000000C  c_w.l(__rtentry2.o)
    0x080001b2   0x080001b2   0x00000008   Code   RO         3089    .ARM.Collect$$rtentry$$0000000D  c_w.l(__rtentry2.o)
    0x080001ba   0x080001ba   0x00000002   Code   RO         3110    .ARM.Collect$$rtexit$$00000000  c_w.l(rtexit.o)
    0x080001bc   0x080001bc   0x00000000   Code   RO         3158    .ARM.Collect$$rtexit$$00000002  c_w.l(rtexit2.o)
    0x080001bc   0x080001bc   0x00000004   Code   RO         3159    .ARM.Collect$$rtexit$$00000003  c_w.l(rtexit2.o)
    0x080001c0   0x080001c0   0x00000006   Code   RO         3160    .ARM.Collect$$rtexit$$00000004  c_w.l(rtexit2.o)
    0x080001c6   0x080001c6   0x00000002   PAD
    0x080001c8   0x080001c8   0x00000040   Code   RO            4    .text               startup_stm32f103xb.o
    0x08000208   0x08000208   0x00000064   Code   RO         3073    .text               c_w.l(rt_memcpy_w.o)
    0x0800026c   0x0800026c   0x0000004e   Code   RO         3075    .text               c_w.l(rt_memclr_w.o)
    0x080002ba   0x080002ba   0x00000006   Code   RO         3077    .text               c_w.l(heapauxi.o)
    0x080002c0   0x080002c0   0x0000004a   Code   RO         3097    .text               c_w.l(sys_stackheap_outer.o)
    0x0800030a   0x0800030a   0x00000012   Code   RO         3099    .text               c_w.l(exit.o)
    0x0800031c   0x0800031c   0x00000008   Code   RO         3107    .text               c_w.l(libspace.o)
    0x08000324   0x08000324   0x0000000c   Code   RO         3168    .text               c_w.l(sys_exit.o)
    0x08000330   0x08000330   0x00000002   Code   RO         3179    .text               c_w.l(use_no_semi.o)
    0x08000332   0x08000332   0x00000000   Code   RO         3181    .text               c_w.l(indicate_semi.o)
    0x08000332   0x08000332   0x00000002   Code   RO          184    i.BusFault_Handler  stm32f1xx_it.o
    0x08000334   0x08000334   0x00000002   Code   RO          185    i.DebugMon_Handler  stm32f1xx_it.o
    0x08000336   0x08000336   0x00000004   Code   RO           13    i.Error_Handler     main.o
    0x0800033a   0x0800033a   0x00000006   Code   RO         2310    i.FATFS_LinkDriver  ff_gen_drv.o
    0x08000340   0x08000340   0x00000040   Code   RO         2311    i.FATFS_LinkDriverEx  ff_gen_drv.o
    0x08000380   0x08000380   0x00000024   Code   RO          798    i.HAL_Delay         stm32f1xx_hal.o
    0x080003a4   0x080003a4   0x000001e0   Code   RO         1108    i.HAL_GPIO_Init     stm32f1xx_hal_gpio.o
    0x08000584   0x08000584   0x00000010   Code   RO         1111    i.HAL_GPIO_TogglePin  stm32f1xx_hal_gpio.o
    0x08000594   0x08000594   0x0000000a   Code   RO         1112    i.HAL_GPIO_WritePin  stm32f1xx_hal_gpio.o
    0x0800059e   0x0800059e   0x00000002   PAD
    0x080005a0   0x080005a0   0x0000000c   Code   RO          802    i.HAL_GetTick       stm32f1xx_hal.o
    0x080005ac   0x080005ac   0x00000010   Code   RO          808    i.HAL_IncTick       stm32f1xx_hal.o
    0x080005bc   0x080005bc   0x00000024   Code   RO          809    i.HAL_Init          stm32f1xx_hal.o
    0x080005e0   0x080005e0   0x00000040   Code   RO          810    i.HAL_InitTick      stm32f1xx_hal.o
    0x08000620   0x08000620   0x0000003c   Code   RO          266    i.HAL_MspInit       stm32f1xx_hal_msp.o
    0x0800065c   0x0800065c   0x0000001a   Code   RO         1268    i.HAL_NVIC_EnableIRQ  stm32f1xx_hal_cortex.o
    0x08000676   0x08000676   0x00000002   PAD
    0x08000678   0x08000678   0x00000040   Code   RO         1274    i.HAL_NVIC_SetPriority  stm32f1xx_hal_cortex.o
    0x080006b8   0x080006b8   0x00000024   Code   RO         1275    i.HAL_NVIC_SetPriorityGrouping  stm32f1xx_hal_cortex.o
    0x080006dc   0x080006dc   0x0000003c   Code   RO          565    i.HAL_PCDEx_PMAConfig  stm32f1xx_hal_pcd_ex.o
    0x08000718   0x08000718   0x00000002   Code   RO         2520    i.HAL_PCDEx_SetConnectionState  usbd_conf.o
    0x0800071a   0x0800071a   0x00000012   Code   RO         2522    i.HAL_PCD_DataInStageCallback  usbd_conf.o
    0x0800072c   0x0800072c   0x00000014   Code   RO         2523    i.HAL_PCD_DataOutStageCallback  usbd_conf.o
    0x08000740   0x08000740   0x0000004c   Code   RO          336    i.HAL_PCD_EP_Close  stm32f1xx_hal_pcd.o
    0x0800078c   0x0800078c   0x0000005c   Code   RO          337    i.HAL_PCD_EP_ClrStall  stm32f1xx_hal_pcd.o
    0x080007e8   0x080007e8   0x000000e6   Code   RO          338    i.HAL_PCD_EP_DB_Receive  stm32f1xx_hal_pcd.o
    0x080008ce   0x080008ce   0x00000338   Code   RO          339    i.HAL_PCD_EP_DB_Transmit  stm32f1xx_hal_pcd.o
    0x08000c06   0x08000c06   0x0000005a   Code   RO          342    i.HAL_PCD_EP_Open   stm32f1xx_hal_pcd.o
    0x08000c60   0x08000c60   0x0000002e   Code   RO          343    i.HAL_PCD_EP_Receive  stm32f1xx_hal_pcd.o
    0x08000c8e   0x08000c8e   0x00000072   Code   RO          344    i.HAL_PCD_EP_SetStall  stm32f1xx_hal_pcd.o
    0x08000d00   0x08000d00   0x00000030   Code   RO          345    i.HAL_PCD_EP_Transmit  stm32f1xx_hal_pcd.o
    0x08000d30   0x08000d30   0x00000134   Code   RO          347    i.HAL_PCD_IRQHandler  stm32f1xx_hal_pcd.o
    0x08000e64   0x08000e64   0x000000da   Code   RO          350    i.HAL_PCD_Init      stm32f1xx_hal_pcd.o
    0x08000f3e   0x08000f3e   0x00000002   PAD
    0x08000f40   0x08000f40   0x0000003c   Code   RO         2528    i.HAL_PCD_MspInit   usbd_conf.o
    0x08000f7c   0x08000f7c   0x00000026   Code   RO         2529    i.HAL_PCD_ResetCallback  usbd_conf.o
    0x08000fa2   0x08000fa2   0x00000008   Code   RO         2530    i.HAL_PCD_ResumeCallback  usbd_conf.o
    0x08000faa   0x08000faa   0x00000008   Code   RO         2531    i.HAL_PCD_SOFCallback  usbd_conf.o
    0x08000fb2   0x08000fb2   0x00000028   Code   RO          356    i.HAL_PCD_SetAddress  stm32f1xx_hal_pcd.o
    0x08000fda   0x08000fda   0x0000000e   Code   RO         2532    i.HAL_PCD_SetupStageCallback  usbd_conf.o
    0x08000fe8   0x08000fe8   0x00000032   Code   RO          358    i.HAL_PCD_Start     stm32f1xx_hal_pcd.o
    0x0800101a   0x0800101a   0x00000002   PAD
    0x0800101c   0x0800101c   0x00000024   Code   RO         2533    i.HAL_PCD_SuspendCallback  usbd_conf.o
    0x08001040   0x08001040   0x000000ec   Code   RO         1070    i.HAL_RCCEx_PeriphCLKConfig  stm32f1xx_hal_rcc_ex.o
    0x0800112c   0x0800112c   0x0000012c   Code   RO          966    i.HAL_RCC_ClockConfig  stm32f1xx_hal_rcc.o
    0x08001258   0x08001258   0x0000004c   Code   RO          975    i.HAL_RCC_GetSysClockFreq  stm32f1xx_hal_rcc.o
    0x080012a4   0x080012a4   0x00000320   Code   RO          978    i.HAL_RCC_OscConfig  stm32f1xx_hal_rcc.o
    0x080015c4   0x080015c4   0x00000028   Code   RO         1279    i.HAL_SYSTICK_Config  stm32f1xx_hal_cortex.o
    0x080015ec   0x080015ec   0x00000002   Code   RO          186    i.HardFault_Handler  stm32f1xx_it.o
    0x080015ee   0x080015ee   0x00000002   PAD
    0x080015f0   0x080015f0   0x00000038   Code   RO         2434    i.IntToUnicode      usbd_desc.o
    0x08001628   0x08001628   0x0000001c   Code   RO         1900    i.MX_FATFS_Init     fatfs.o
    0x08001644   0x08001644   0x00000070   Code   RO           14    i.MX_GPIO_Init      main.o
    0x080016b4   0x080016b4   0x00000040   Code   RO         2390    i.MX_USB_DEVICE_Init  usb_device.o
    0x080016f4   0x080016f4   0x00000002   Code   RO          187    i.MemManage_Handler  stm32f1xx_it.o
    0x080016f6   0x080016f6   0x00000002   Code   RO          188    i.NMI_Handler       stm32f1xx_it.o
    0x080016f8   0x080016f8   0x000003ac   Code   RO          362    i.PCD_EP_ISR_Handler  stm32f1xx_hal_pcd.o
    0x08001aa4   0x08001aa4   0x00000002   Code   RO          189    i.PendSV_Handler    stm32f1xx_it.o
    0x08001aa6   0x08001aa6   0x00000002   Code   RO          190    i.SVC_Handler       stm32f1xx_it.o
    0x08001aa8   0x08001aa8   0x00000004   Code   RO          191    i.SysTick_Handler   stm32f1xx_it.o
    0x08001aac   0x08001aac   0x00000076   Code   RO           15    i.SystemClock_Config  main.o
    0x08001b22   0x08001b22   0x00000002   Code   RO         1805    i.SystemInit        system_stm32f1xx.o
    0x08001b24   0x08001b24   0x0000000e   Code   RO         2732    i.USBD_ClrClassConfig  usbd_core.o
    0x08001b32   0x08001b32   0x00000010   Code   RO         2935    i.USBD_CtlContinueRx  usbd_ioreq.o
    0x08001b42   0x08001b42   0x00000010   Code   RO         2936    i.USBD_CtlContinueSendData  usbd_ioreq.o
    0x08001b52   0x08001b52   0x00000016   Code   RO         2870    i.USBD_CtlError     usbd_ctlreq.o
    0x08001b68   0x08001b68   0x00000016   Code   RO         2938    i.USBD_CtlReceiveStatus  usbd_ioreq.o
    0x08001b7e   0x08001b7e   0x0000001a   Code   RO         2939    i.USBD_CtlSendData  usbd_ioreq.o
    0x08001b98   0x08001b98   0x00000016   Code   RO         2940    i.USBD_CtlSendStatus  usbd_ioreq.o
    0x08001bae   0x08001bae   0x00000002   PAD
    0x08001bb0   0x08001bb0   0x00000020   Code   RO         2435    i.USBD_FS_ConfigStrDescriptor  usbd_desc.o
    0x08001bd0   0x08001bd0   0x0000000c   Code   RO         2436    i.USBD_FS_DeviceDescriptor  usbd_desc.o
    0x08001bdc   0x08001bdc   0x00000024   Code   RO         2437    i.USBD_FS_InterfaceStrDescriptor  usbd_desc.o
    0x08001c00   0x08001c00   0x0000000c   Code   RO         2438    i.USBD_FS_LangIDStrDescriptor  usbd_desc.o
    0x08001c0c   0x08001c0c   0x00000028   Code   RO         2439    i.USBD_FS_ManufacturerStrDescriptor  usbd_desc.o
    0x08001c34   0x08001c34   0x0000002c   Code   RO         2440    i.USBD_FS_ProductStrDescriptor  usbd_desc.o
    0x08001c60   0x08001c60   0x00000038   Code   RO         2441    i.USBD_FS_SerialStrDescriptor  usbd_desc.o
    0x08001c98   0x08001c98   0x000000e8   Code   RO         2871    i.USBD_GetDescriptor  usbd_ctlreq.o
    0x08001d80   0x08001d80   0x00000048   Code   RO         2872    i.USBD_GetString    usbd_ctlreq.o
    0x08001dc8   0x08001dc8   0x00000018   Code   RO         2534    i.USBD_Get_USB_Status  usbd_conf.o
    0x08001de0   0x08001de0   0x0000000c   Code   RO         2995    i.USBD_HID_DataIn   usbd_hid.o
    0x08001dec   0x08001dec   0x00000020   Code   RO         2996    i.USBD_HID_DeInit   usbd_hid.o
    0x08001e0c   0x08001e0c   0x0000000c   Code   RO         2997    i.USBD_HID_GetDeviceQualifierDesc  usbd_hid.o
    0x08001e18   0x08001e18   0x0000000c   Code   RO         2998    i.USBD_HID_GetFSCfgDesc  usbd_hid.o
    0x08001e24   0x08001e24   0x0000000c   Code   RO         2999    i.USBD_HID_GetHSCfgDesc  usbd_hid.o
    0x08001e30   0x08001e30   0x0000000c   Code   RO         3000    i.USBD_HID_GetOtherSpeedCfgDesc  usbd_hid.o
    0x08001e3c   0x08001e3c   0x0000002a   Code   RO         3002    i.USBD_HID_Init     usbd_hid.o
    0x08001e66   0x08001e66   0x00000002   PAD
    0x08001e68   0x08001e68   0x000000c8   Code   RO         3004    i.USBD_HID_Setup    usbd_hid.o
    0x08001f30   0x08001f30   0x0000002a   Code   RO         2734    i.USBD_Init         usbd_core.o
    0x08001f5a   0x08001f5a   0x00000012   Code   RO         2535    i.USBD_LL_ClearStallEP  usbd_conf.o
    0x08001f6c   0x08001f6c   0x00000012   Code   RO         2536    i.USBD_LL_CloseEP   usbd_conf.o
    0x08001f7e   0x08001f7e   0x000000c6   Code   RO         2735    i.USBD_LL_DataInStage  usbd_core.o
    0x08002044   0x08002044   0x00000082   Code   RO         2736    i.USBD_LL_DataOutStage  usbd_core.o
    0x080020c6   0x080020c6   0x00000002   PAD
    0x080020c8   0x080020c8   0x00000068   Code   RO         2541    i.USBD_LL_Init      usbd_conf.o
    0x08002130   0x08002130   0x00000020   Code   RO         2542    i.USBD_LL_IsStallEP  usbd_conf.o
    0x08002150   0x08002150   0x00000018   Code   RO         2543    i.USBD_LL_OpenEP    usbd_conf.o
    0x08002168   0x08002168   0x00000012   Code   RO         2544    i.USBD_LL_PrepareReceive  usbd_conf.o
    0x0800217a   0x0800217a   0x00000050   Code   RO         2741    i.USBD_LL_Reset     usbd_core.o
    0x080021ca   0x080021ca   0x00000014   Code   RO         2742    i.USBD_LL_Resume    usbd_core.o
    0x080021de   0x080021de   0x00000018   Code   RO         2743    i.USBD_LL_SOF       usbd_core.o
    0x080021f6   0x080021f6   0x00000006   Code   RO         2744    i.USBD_LL_SetSpeed  usbd_core.o
    0x080021fc   0x080021fc   0x00000012   Code   RO         2545    i.USBD_LL_SetUSBAddress  usbd_conf.o
    0x0800220e   0x0800220e   0x0000005a   Code   RO         2745    i.USBD_LL_SetupStage  usbd_core.o
    0x08002268   0x08002268   0x00000012   Code   RO         2546    i.USBD_LL_StallEP   usbd_conf.o
    0x0800227a   0x0800227a   0x00000012   Code   RO         2547    i.USBD_LL_Start     usbd_conf.o
    0x0800228c   0x0800228c   0x00000012   Code   RO         2746    i.USBD_LL_Suspend   usbd_core.o
    0x0800229e   0x0800229e   0x00000012   Code   RO         2549    i.USBD_LL_Transmit  usbd_conf.o
    0x080022b0   0x080022b0   0x00000028   Code   RO         2873    i.USBD_ParseSetupRequest  usbd_ctlreq.o
    0x080022d8   0x080022d8   0x00000010   Code   RO         2747    i.USBD_RegisterClass  usbd_core.o
    0x080022e8   0x080022e8   0x00000016   Code   RO         2749    i.USBD_SetClassConfig  usbd_core.o
    0x080022fe   0x080022fe   0x00000002   PAD
    0x08002300   0x08002300   0x00000084   Code   RO         2874    i.USBD_SetConfig    usbd_ctlreq.o
    0x08002384   0x08002384   0x0000000a   Code   RO         2750    i.USBD_Start        usbd_core.o
    0x0800238e   0x0800238e   0x00000112   Code   RO         2875    i.USBD_StdDevReq    usbd_ctlreq.o
    0x080024a0   0x080024a0   0x00000150   Code   RO         2876    i.USBD_StdEPReq     usbd_ctlreq.o
    0x080025f0   0x080025f0   0x0000004e   Code   RO         2877    i.USBD_StdItfReq    usbd_ctlreq.o
    0x0800263e   0x0800263e   0x00000002   Code   RO         2550    i.USBD_static_free  usbd_conf.o
    0x08002640   0x08002640   0x00000008   Code   RO         2551    i.USBD_static_malloc  usbd_conf.o
    0x08002648   0x08002648   0x0000029c   Code   RO          605    i.USB_ActivateEndpoint  stm32f1xx_ll_usb.o
    0x080028e4   0x080028e4   0x00000004   Code   RO          608    i.USB_CoreInit      stm32f1xx_ll_usb.o
    0x080028e8   0x080028e8   0x0000010e   Code   RO          610    i.USB_DeactivateEndpoint  stm32f1xx_ll_usb.o
    0x080029f6   0x080029f6   0x00000004   Code   RO          611    i.USB_DevConnect    stm32f1xx_ll_usb.o
    0x080029fa   0x080029fa   0x00000004   Code   RO          612    i.USB_DevDisconnect  stm32f1xx_ll_usb.o
    0x080029fe   0x080029fe   0x00000012   Code   RO          613    i.USB_DevInit       stm32f1xx_ll_usb.o
    0x08002a10   0x08002a10   0x0000000e   Code   RO          614    i.USB_DisableGlobalInt  stm32f1xx_ll_usb.o
    0x08002a1e   0x08002a1e   0x00000004   Code   RO          615    i.USB_EP0_OutStart  stm32f1xx_ll_usb.o
    0x08002a22   0x08002a22   0x00000078   Code   RO          616    i.USB_EPClearStall  stm32f1xx_ll_usb.o
    0x08002a9a   0x08002a9a   0x00000032   Code   RO          617    i.USB_EPSetStall    stm32f1xx_ll_usb.o
    0x08002acc   0x08002acc   0x000004e2   Code   RO          618    i.USB_EPStartXfer   stm32f1xx_ll_usb.o
    0x08002fae   0x08002fae   0x00000012   Code   RO          620    i.USB_EnableGlobalInt  stm32f1xx_ll_usb.o
    0x08002fc0   0x08002fc0   0x0000000c   Code   RO          192    i.USB_LP_CAN1_RX0_IRQHandler  stm32f1xx_it.o
    0x08002fcc   0x08002fcc   0x00000006   Code   RO          627    i.USB_ReadInterrupts  stm32f1xx_ll_usb.o
    0x08002fd2   0x08002fd2   0x00000002   PAD
    0x08002fd4   0x08002fd4   0x0000002c   Code   RO          628    i.USB_ReadPMA       stm32f1xx_ll_usb.o
    0x08003000   0x08003000   0x00000004   Code   RO          629    i.USB_SetCurrentMode  stm32f1xx_ll_usb.o
    0x08003004   0x08003004   0x0000000c   Code   RO          630    i.USB_SetDevAddress  stm32f1xx_ll_usb.o
    0x08003010   0x08003010   0x00000026   Code   RO          632    i.USB_WritePMA      stm32f1xx_ll_usb.o
    0x08003036   0x08003036   0x00000002   PAD
    0x08003038   0x08003038   0x00000010   Code   RO         1842    i.USER_initialize   user_diskio.o
    0x08003048   0x08003048   0x00000004   Code   RO         1843    i.USER_ioctl        user_diskio.o
    0x0800304c   0x0800304c   0x00000004   Code   RO         1844    i.USER_read         user_diskio.o
    0x08003050   0x08003050   0x00000010   Code   RO         1845    i.USER_status       user_diskio.o
    0x08003060   0x08003060   0x00000004   Code   RO         1846    i.USER_write        user_diskio.o
    0x08003064   0x08003064   0x00000002   Code   RO          193    i.UsageFault_Handler  stm32f1xx_it.o
    0x08003066   0x08003066   0x00000020   Code   RO         1281    i.__NVIC_SetPriority  stm32f1xx_hal_cortex.o
    0x08003086   0x08003086   0x00000002   PAD
    0x08003088   0x08003088   0x00000034   Code   RO           16    i.main              main.o
    0x080030bc   0x080030bc   0x00000012   Data   RO          979    .constdata          stm32f1xx_hal_rcc.o
    0x080030ce   0x080030ce   0x00000010   Data   RO         1806    .constdata          system_stm32f1xx.o
    0x080030de   0x080030de   0x00000002   PAD
    0x080030e0   0x080030e0   0x00000020   Data   RO         3234    Region$$Table       anon$$obj.o


    Execution Region RW_IRAM1 (Exec base: 0x20000000, Load base: 0x08003100, Size: 0x00000fc0, Max: 0x00005000, ABSOLUTE, COMPRESSED[0x000000ec])

    Exec Addr    Load Addr    Size         Type   Attr      Idx    E Section Name        Object

    0x20000000   COMPRESSED   0x0000000c   Data   RW          816    .data               stm32f1xx_hal.o
    0x2000000c   COMPRESSED   0x00000004   Data   RW         1808    .data               system_stm32f1xx.o
    0x20000010   COMPRESSED   0x00000001   Data   RW         1847    .data               user_diskio.o
    0x20000011   COMPRESSED   0x00000003   PAD
    0x20000014   COMPRESSED   0x00000014   Data   RW         1848    .data               user_diskio.o
    0x20000028   COMPRESSED   0x00000005   Data   RW         1904    .data               fatfs.o
    0x2000002d   COMPRESSED   0x00000003   PAD
    0x20000030   COMPRESSED   0x0000001c   Data   RW         2443    .data               usbd_desc.o
    0x2000004c   COMPRESSED   0x00000032   Data   RW         2444    .data               usbd_desc.o
    0x2000007e   COMPRESSED   0x00000001   Data   RW         2878    .data               usbd_ctlreq.o
    0x2000007f   COMPRESSED   0x00000001   PAD
    0x20000080   COMPRESSED   0x00000038   Data   RW         3005    .data               usbd_hid.o
    0x200000b8   COMPRESSED   0x000000ce   Data   RW         3006    .data               usbd_hid.o
    0x20000186   COMPRESSED   0x00000002   PAD
    0x20000188        -       0x0000000c   Zero   RW         2314    .bss                ff_gen_drv.o
    0x20000194        -       0x000002c4   Zero   RW         2391    .bss                usb_device.o
    0x20000458        -       0x00000200   Zero   RW         2442    .bss                usbd_desc.o
    0x20000658        -       0x00000304   Zero   RW         2552    .bss                usbd_conf.o
    0x2000095c        -       0x00000060   Zero   RW         3108    .bss                c_w.l(libspace.o)
    0x200009bc   COMPRESSED   0x00000004   PAD
    0x200009c0        -       0x00000200   Zero   RW            2    HEAP                startup_stm32f103xb.o
    0x20000bc0        -       0x00000400   Zero   RW            1    STACK               startup_stm32f103xb.o


==============================================================================

Image component sizes


      Code (inc. data)   RO Data    RW Data    ZI Data      Debug   Object Name

        28         10          0          5          0       1110   fatfs.o
        70          4          0          0         12       1627   ff_gen_drv.o
       286         14          0          0          0     405956   main.o
        64         26        236          0       1536        828   startup_stm32f103xb.o
       164         28          0         12          0       6029   stm32f1xx_hal.o
       198         14          0          0          0      29031   stm32f1xx_hal_cortex.o
       506         34          0          0          0       3569   stm32f1xx_hal_gpio.o
        60          8          0          0          0        902   stm32f1xx_hal_msp.o
      3076          0          0          0          0      13921   stm32f1xx_hal_pcd.o
        60          0          0          0          0       1206   stm32f1xx_hal_pcd_ex.o
      1176         60         18          0          0       4050   stm32f1xx_hal_rcc.o
       236         12          0          0          0       1412   stm32f1xx_hal_rcc_ex.o
        32          6          0          0          0       4479   stm32f1xx_it.o
      2528          0          0          0          0      16395   stm32f1xx_ll_usb.o
         2          0         16          4          0       1167   system_stm32f1xx.o
        64         12          0          0        708        812   usb_device.o
       524         30          0          0        772      14029   usbd_conf.o
       670          0          0          0          0       9687   usbd_core.o
      1186         28          0          1          0       8060   usbd_ctlreq.o
       288        104          0         78        512       6077   usbd_desc.o
       334         20          0        262          0       7199   usbd_hid.o
       102          0          0          0          0       3748   usbd_ioreq.o
        44         12          0         21          0       3224   user_diskio.o

    ----------------------------------------------------------------------
     11722        422        304        392       3540     544518   Object Totals
         0          0         32          0          0          0   (incl. Generated)
        24          0          2          9          0          0   (incl. Padding)

    ----------------------------------------------------------------------

      Code (inc. data)   RO Data    RW Data    ZI Data      Debug   Library Member Name

        90          0          0          0          0          0   __dczerorl2.o
         8          0          0          0          0         68   __main.o
         0          0          0          0          0          0   __rtentry.o
        12          0          0          0          0          0   __rtentry2.o
         6          0          0          0          0          0   __rtentry4.o
        52          8          0          0          0          0   __scatter.o
        28          0          0          0          0          0   __scatter_zi.o
        18          0          0          0          0         80   exit.o
         6          0          0          0          0        152   heapauxi.o
         0          0          0          0          0          0   indicate_semi.o
         2          0          0          0          0          0   libinit.o
         2          0          0          0          0          0   libinit2.o
         2          0          0          0          0          0   libshutdown.o
         2          0          0          0          0          0   libshutdown2.o
         8          4          0          0         96         68   libspace.o
        78          0          0          0          0         80   rt_memclr_w.o
       100          0          0          0          0         80   rt_memcpy_w.o
         2          0          0          0          0          0   rtexit.o
        10          0          0          0          0          0   rtexit2.o
        12          4          0          0          0         68   sys_exit.o
        74          0          0          0          0         80   sys_stackheap_outer.o
         2          0          0          0          0         68   use_no_semi.o

    ----------------------------------------------------------------------
       518         16          0          0        100        744   Library Totals
         4          0          0          0          4          0   (incl. Padding)

    ----------------------------------------------------------------------

      Code (inc. data)   RO Data    RW Data    ZI Data      Debug   Library Name

       514         16          0          0         96        744   c_w.l

    ----------------------------------------------------------------------
       518         16          0          0        100        744   Library Totals

    ----------------------------------------------------------------------

==============================================================================


      Code (inc. data)   RO Data    RW Data    ZI Data      Debug   

     12240        438        304        392       3640     538186   Grand Totals
     12240        438        304        236       3640     538186   ELF Image Totals (compressed)
     12240        438        304        236          0          0   ROM Totals

==============================================================================

    Total RO  Size (Code + RO Data)                12544 (  12.25kB)
    Total RW  Size (RW Data + ZI Data)              4032 (   3.94kB)
    Total ROM Size (Code + RO Data + RW Data)      12780 (  12.48kB)

==============================================================================

