Component: ARM Compiler 5.06 update 6 (build 750) Tool: armlink [4d35ed]

==============================================================================

Section Cross References

    startup_stm32f103xb.o(STACK) refers (Special) to heapauxi.o(.text) for __use_two_region_memory
    startup_stm32f103xb.o(HEAP) refers (Special) to heapauxi.o(.text) for __use_two_region_memory
    startup_stm32f103xb.o(RESET) refers (Special) to heapauxi.o(.text) for __use_two_region_memory
    startup_stm32f103xb.o(RESET) refers to startup_stm32f103xb.o(STACK) for __initial_sp
    startup_stm32f103xb.o(RESET) refers to startup_stm32f103xb.o(.text) for Reset_Handler
    startup_stm32f103xb.o(RESET) refers to stm32f1xx_it.o(i.NMI_Handler) for NMI_Handler
    startup_stm32f103xb.o(RESET) refers to stm32f1xx_it.o(i.HardFault_Handler) for HardFault_Handler
    startup_stm32f103xb.o(RESET) refers to stm32f1xx_it.o(i.MemManage_Handler) for MemManage_Handler
    startup_stm32f103xb.o(RESET) refers to stm32f1xx_it.o(i.BusFault_Handler) for BusFault_Handler
    startup_stm32f103xb.o(RESET) refers to stm32f1xx_it.o(i.UsageFault_Handler) for UsageFault_Handler
    startup_stm32f103xb.o(RESET) refers to port.o(.emb_text) for SVC_Handler
    startup_stm32f103xb.o(RESET) refers to stm32f1xx_it.o(i.DebugMon_Handler) for DebugMon_Handler
    startup_stm32f103xb.o(RESET) refers to port.o(i.SysTick_Handler) for SysTick_Handler
    startup_stm32f103xb.o(RESET) refers to stm32f1xx_it.o(i.USB_LP_CAN1_RX0_IRQHandler) for USB_LP_CAN1_RX0_IRQHandler
    startup_stm32f103xb.o(RESET) refers to stm32f1xx_it.o(i.TIM1_UP_IRQHandler) for TIM1_UP_IRQHandler
    startup_stm32f103xb.o(.text) refers (Special) to heapauxi.o(.text) for __use_two_region_memory
    startup_stm32f103xb.o(.text) refers to system_stm32f1xx.o(i.SystemInit) for SystemInit
    startup_stm32f103xb.o(.text) refers to __main.o(!!!main) for __main
    startup_stm32f103xb.o(.text) refers to startup_stm32f103xb.o(HEAP) for Heap_Mem
    startup_stm32f103xb.o(.text) refers to startup_stm32f103xb.o(STACK) for Stack_Mem
    main.o(i.HAL_TIM_PeriodElapsedCallback) refers to stm32f1xx_hal.o(i.HAL_IncTick) for HAL_IncTick
    main.o(i.MX_GPIO_Init) refers to stm32f1xx_hal_gpio.o(i.HAL_GPIO_WritePin) for HAL_GPIO_WritePin
    main.o(i.MX_GPIO_Init) refers to stm32f1xx_hal_gpio.o(i.HAL_GPIO_Init) for HAL_GPIO_Init
    main.o(i.StartDefaultTask) refers to usb_device.o(i.MX_USB_DEVICE_Init) for MX_USB_DEVICE_Init
    main.o(i.StartDefaultTask) refers to cmsis_os2.o(i.osDelay) for osDelay
    main.o(i.SystemClock_Config) refers to rt_memclr_w.o(.text) for __aeabi_memclr4
    main.o(i.SystemClock_Config) refers to stm32f1xx_hal_rcc.o(i.HAL_RCC_OscConfig) for HAL_RCC_OscConfig
    main.o(i.SystemClock_Config) refers to stm32f1xx_hal_rcc.o(i.HAL_RCC_ClockConfig) for HAL_RCC_ClockConfig
    main.o(i.SystemClock_Config) refers to stm32f1xx_hal_rcc_ex.o(i.HAL_RCCEx_PeriphCLKConfig) for HAL_RCCEx_PeriphCLKConfig
    main.o(i.main) refers to stm32f1xx_hal.o(i.HAL_Init) for HAL_Init
    main.o(i.main) refers to main.o(i.SystemClock_Config) for SystemClock_Config
    main.o(i.main) refers to main.o(i.MX_GPIO_Init) for MX_GPIO_Init
    main.o(i.main) refers to stm32f1xx_hal_crc.o(i.HAL_CRC_Init) for HAL_CRC_Init
    main.o(i.main) refers to cmsis_os2.o(i.osKernelInitialize) for osKernelInitialize
    main.o(i.main) refers to cmsis_os2.o(i.osThreadNew) for osThreadNew
    main.o(i.main) refers to cmsis_os2.o(i.osKernelStart) for osKernelStart
    main.o(i.main) refers to stm32f1xx_hal.o(i.HAL_Delay) for HAL_Delay
    main.o(i.main) refers to stm32f1xx_hal_gpio.o(i.HAL_GPIO_TogglePin) for HAL_GPIO_TogglePin
    main.o(i.main) refers to main.o(.data) for .data
    main.o(i.main) refers to main.o(.constdata) for .constdata
    main.o(i.main) refers to main.o(i.StartDefaultTask) for StartDefaultTask
    main.o(.constdata) refers to main.o(.conststring) for .conststring
    stm32f1xx_it.o(i.TIM1_UP_IRQHandler) refers to stm32f1xx_hal_tim.o(i.HAL_TIM_IRQHandler) for HAL_TIM_IRQHandler
    stm32f1xx_it.o(i.TIM1_UP_IRQHandler) refers to stm32f1xx_hal_timebase_tim.o(.bss) for htim1
    stm32f1xx_it.o(i.USB_LP_CAN1_RX0_IRQHandler) refers to stm32f1xx_hal_pcd.o(i.HAL_PCD_IRQHandler) for HAL_PCD_IRQHandler
    stm32f1xx_it.o(i.USB_LP_CAN1_RX0_IRQHandler) refers to usbd_conf.o(.bss) for hpcd_USB_FS
    stm32f1xx_hal_msp.o(i.HAL_MspInit) refers to stm32f1xx_hal_cortex.o(i.HAL_NVIC_SetPriority) for HAL_NVIC_SetPriority
    stm32f1xx_hal_timebase_tim.o(i.HAL_InitTick) refers to stm32f1xx_hal_cortex.o(i.HAL_NVIC_SetPriority) for HAL_NVIC_SetPriority
    stm32f1xx_hal_timebase_tim.o(i.HAL_InitTick) refers to stm32f1xx_hal_cortex.o(i.HAL_NVIC_EnableIRQ) for HAL_NVIC_EnableIRQ
    stm32f1xx_hal_timebase_tim.o(i.HAL_InitTick) refers to stm32f1xx_hal_rcc.o(i.HAL_RCC_GetClockConfig) for HAL_RCC_GetClockConfig
    stm32f1xx_hal_timebase_tim.o(i.HAL_InitTick) refers to stm32f1xx_hal_rcc.o(i.HAL_RCC_GetPCLK2Freq) for HAL_RCC_GetPCLK2Freq
[...]
    prvCopyDataToQueue                       0x0800386f   Thumb Code   108  queue.o(i.prvCopyDataToQueue)
    i.prvDeleteTCB                           0x080038da   Section        0  tasks.o(i.prvDeleteTCB)
    prvDeleteTCB                             0x080038db   Thumb Code    52  tasks.o(i.prvDeleteTCB)
    i.prvHeapInit                            0x08003910   Section        0  heap_4.o(i.prvHeapInit)
    prvHeapInit                              0x08003911   Thumb Code    66  heap_4.o(i.prvHeapInit)
    i.prvIdleTask                            0x0800395c   Section        0  tasks.o(i.prvIdleTask)
    prvIdleTask                              0x0800395d   Thumb Code    82  tasks.o(i.prvIdleTask)
    i.prvInitialiseNewQueue                  0x080039bc   Section        0  queue.o(i.prvInitialiseNewQueue)
    prvInitialiseNewQueue                    0x080039bd   Thumb Code    34  queue.o(i.prvInitialiseNewQueue)
    i.prvInitialiseNewTask                   0x080039de   Section        0  tasks.o(i.prvInitialiseNewTask)
    prvInitialiseNewTask                     0x080039df   Thumb Code   156  tasks.o(i.prvInitialiseNewTask)
    i.prvInsertBlockIntoFreeList             0x08003a7c   Section        0  heap_4.o(i.prvInsertBlockIntoFreeList)
    prvInsertBlockIntoFreeList               0x08003a7d   Thumb Code    72  heap_4.o(i.prvInsertBlockIntoFreeList)
    i.prvInsertTimerInActiveList             0x08003ac8   Section        0  timers.o(i.prvInsertTimerInActiveList)
    prvInsertTimerInActiveList               0x08003ac9   Thumb Code    52  timers.o(i.prvInsertTimerInActiveList)
    i.prvIsQueueEmpty                        0x08003b00   Section        0  queue.o(i.prvIsQueueEmpty)
    prvIsQueueEmpty                          0x08003b01   Thumb Code    28  queue.o(i.prvIsQueueEmpty)
    i.prvProcessReceivedCommands             0x08003b1c   Section        0  timers.o(i.prvProcessReceivedCommands)
    prvProcessReceivedCommands               0x08003b1d   Thumb Code   198  timers.o(i.prvProcessReceivedCommands)
    i.prvProcessTimerOrBlockTask             0x08003be8   Section        0  timers.o(i.prvProcessTimerOrBlockTask)
    prvProcessTimerOrBlockTask               0x08003be9   Thumb Code   172  timers.o(i.prvProcessTimerOrBlockTask)
    i.prvResetNextTaskUnblockTime            0x08003c9c   Section        0  tasks.o(i.prvResetNextTaskUnblockTime)
    prvResetNextTaskUnblockTime              0x08003c9d   Thumb Code    26  tasks.o(i.prvResetNextTaskUnblockTime)
    i.prvSampleTimeNow                       0x08003cbc   Section        0  timers.o(i.prvSampleTimeNow)
    prvSampleTimeNow                         0x08003cbd   Thumb Code    36  timers.o(i.prvSampleTimeNow)
    i.prvSwitchTimerLists                    0x08003ce4   Section        0  timers.o(i.prvSwitchTimerLists)
    prvSwitchTimerLists                      0x08003ce5   Thumb Code   102  timers.o(i.prvSwitchTimerLists)
    i.prvTaskExitError                       0x08003d50   Section        0  port.o(i.prvTaskExitError)
    prvTaskExitError                         0x08003d51   Thumb Code    36  port.o(i.prvTaskExitError)
    i.prvTimerTask                           0x08003d78   Section        0  timers.o(i.prvTimerTask)
    prvTimerTask                             0x08003d79   Thumb Code    32  timers.o(i.prvTimerTask)
    i.prvUnlockQueue                         0x08003d9c   Section        0  queue.o(i.prvUnlockQueue)
    prvUnlockQueue                           0x08003d9d   Thumb Code   106  queue.o(i.prvUnlockQueue)
    i.pvPortMalloc                           0x08003e08   Section        0  heap_4.o(i.pvPortMalloc)
    i.pxPortInitialiseStack                  0x08003ee0   Section        0  port.o(i.pxPortInitialiseStack)
    i.uxListRemove                           0x08003f04   Section        0  list.o(i.uxListRemove)
    i.vApplicationGetIdleTaskMemory          0x08003f2c   Section        0  cmsis_os2.o(i.vApplicationGetIdleTaskMemory)
    i.vApplicationGetTimerTaskMemory         0x08003f40   Section        0  cmsis_os2.o(i.vApplicationGetTimerTaskMemory)
    i.vListInitialise                        0x08003f58   Section        0  list.o(i.vListInitialise)
    i.vListInitialiseItem                    0x08003f6e   Section        0  list.o(i.vListInitialiseItem)
    i.vListInsert                            0x08003f74   Section        0  list.o(i.vListInsert)
    i.vListInsertEnd                         0x08003fa4   Section        0  list.o(i.vListInsertEnd)
    i.vPortEnterCritical                     0x08003fbc   Section        0  port.o(i.vPortEnterCritical)
    i.vPortExitCritical                      0x08003ffc   Section        0  port.o(i.vPortExitCritical)
    i.vPortFree                              0x08004024   Section        0  heap_4.o(i.vPortFree)
    i.vPortSetupTimerInterrupt               0x08004080   Section        0  port.o(i.vPortSetupTimerInterrupt)
    i.vPortValidateInterruptPriority         0x080040a4   Section        0  port.o(i.vPortValidateInterruptPriority)
    i.vQueueAddToRegistry                    0x080040f8   Section        0  queue.o(i.vQueueAddToRegistry)
    i.vQueueWaitForMessageRestricted         0x08004120   Section        0  queue.o(i.vQueueWaitForMessageRestricted)
    i.vTaskDelay                             0x08004164   Section        0  tasks.o(i.vTaskDelay)
    i.vTaskInternalSetTimeOutState           0x080041b0   Section        0  tasks.o(i.vTaskInternalSetTimeOutState)
    i.vTaskMissedYield                       0x080041c0   Section        0  tasks.o(i.vTaskMissedYield)
    i.vTaskPlaceOnEventList                  0x080041cc   Section        0  tasks.o(i.vTaskPlaceOnEventList)
    i.vTaskPlaceOnEventListRestricted        0x080041fc   Section        0  tasks.o(i.vTaskPlaceOnEventListRestricted)
    i.vTaskStartScheduler                    0x08004234   Section        0  tasks.o(i.vTaskStartScheduler)
    i.vTaskSuspendAll                        0x080042bc   Section        0  tasks.o(i.vTaskSuspendAll)
    i.vTaskSwitchContext                     0x080042cc   Section        0  tasks.o(i.vTaskSwitchContext)
    i.xPortStartScheduler                    0x08004330   Section        0  port.o(i.xPortStartScheduler)
    i.xQueueGenericCreateStatic              0x080043d8   Section        0  queue.o(i.xQueueGenericCreateStatic)
    i.xQueueGenericReset                     0x08004440   Section        0  queue.o(i.xQueueGenericReset)
    i.xQueueGenericSend                      0x080044c8   Section        0  queue.o(i.xQueueGenericSend)
    i.xQueueGenericSendFromISR               0x08004628   Section        0  queue.o(i.xQueueGenericSendFromISR)
    i.xQueueReceive                          0x080046e4   Section        0  queue.o(i.xQueueReceive)
    i.xTaskCheckForTimeOut                   0x0800481c   Section        0  tasks.o(i.xTaskCheckForTimeOut)
    i.xTaskCreate                            0x08004890   Section        0  tasks.o(i.xTaskCreate)
    i.xTaskCreateStatic                      0x080048ea   Section        0  tasks.o(i.xTaskCreateStatic)
    i.xTaskGetSchedulerState                 0x08004940   Section        0  tasks.o(i.xTaskGetSchedulerState)
    i.xTaskGetTickCount                      0x0800495c   Section        0  tasks.o(i.xTaskGetTickCount)
    i.xTaskIncrementTick                     0x08004968   Section        0  tasks.o(i.xTaskIncrementTick)
    i.xTaskPriorityDisinherit                0x08004a30   Section        0  tasks.o(i.xTaskPriorityDisinherit)
    i.xTaskRemoveFromEventList               0x08004ab0   Section        0  tasks.o(i.xTaskRemoveFromEventList)
    i.xTaskResumeAll                         0x08004b20   Section        0  tasks.o(i.xTaskResumeAll)
    i.xTimerCreateTimerTask                  0x08004be4   Section        0  timers.o(i.xTimerCreateTimerTask)
    i.xTimerGenericCommand                   0x08004c44   Section        0  timers.o(i.xTimerGenericCommand)
    .constdata                               0x08004cac   Section       36  main.o(.constdata)
    .constdata                               0x08004cd0   Section       18  stm32f1xx_hal_rcc.o(.constdata)
    aPredivFactorTable                       0x08004cd0   Data           2  stm32f1xx_hal_rcc.o(.constdata)
    aPLLMULFactorTable                       0x08004cd2   Data          16  stm32f1xx_hal_rcc.o(.constdata)
    .constdata                               0x08004ce2   Section       16  system_stm32f1xx.o(.constdata)
    .constdata                               0x08004cf2   Section        8  system_stm32f1xx.o(.constdata)
    .conststring                             0x08004cfc   Section       12  main.o(.conststring)
    .data                                    0x20000000   Section       12  main.o(.data)
    .data                                    0x2000000c   Section       12  stm32f1xx_hal.o(.data)
    .data                                    0x20000018   Section        4  system_stm32f1xx.o(.data)
    .data                                    0x2000001c   Section       28  usbd_desc.o(.data)
    .data                                    0x20000038   Section       50  usbd_desc.o(.data)
    .data                                    0x2000006a   Section        1  usbd_ctlreq.o(.data)
    cfgidx                                   0x2000006a   Data           1  usbd_ctlreq.o(.data)
    .data                                    0x2000006c   Section       56  usbd_hid.o(.data)
    .data                                    0x200000a4   Section      206  usbd_hid.o(.data)
    USBD_HID_CfgFSDesc                       0x200000a4   Data          34  usbd_hid.o(.data)
    USBD_HID_CfgHSDesc                       0x200000c8   Data          34  usbd_hid.o(.data)
    USBD_HID_OtherSpeedCfgDesc               0x200000ec   Data          34  usbd_hid.o(.data)
    USBD_HID_Desc                            0x20000110   Data           9  usbd_hid.o(.data)
    USBD_HID_DeviceQualifierDesc             0x2000011c   Data          10  usbd_hid.o(.data)
    HID_MOUSE_ReportDesc                     0x20000128   Data          74  usbd_hid.o(.data)
    .data                                    0x20000174   Section       60  tasks.o(.data)
    pxDelayedTaskList                        0x20000178   Data           4  tasks.o(.data)
    pxOverflowDelayedTaskList                0x2000017c   Data           4  tasks.o(.data)
    uxDeletedTasksWaitingCleanUp             0x20000180   Data           4  tasks.o(.data)
    uxCurrentNumberOfTasks                   0x20000184   Data           4  tasks.o(.data)
    xTickCount                               0x20000188   Data           4  tasks.o(.data)
    uxTopReadyPriority                       0x2000018c   Data           4  tasks.o(.data)
    xSchedulerRunning                        0x20000190   Data           4  tasks.o(.data)
    uxPendedTicks                            0x20000194   Data           4  tasks.o(.data)
    xYieldPending                            0x20000198   Data           4  tasks.o(.data)
    xNumOfOverflows                          0x2000019c   Data           4  tasks.o(.data)
    uxTaskNumber                             0x200001a0   Data           4  tasks.o(.data)
    xNextTaskUnblockTime                     0x200001a4   Data           4  tasks.o(.data)
    xIdleTaskHandle                          0x200001a8   Data           4  tasks.o(.data)
    uxSchedulerSuspended                     0x200001ac   Data           4  tasks.o(.data)
    .data                                    0x200001b0   Section       20  timers.o(.data)
    pxCurrentTimerList                       0x200001b0   Data           4  timers.o(.data)
    pxOverflowTimerList                      0x200001b4   Data           4  timers.o(.data)
    xTimerQueue                              0x200001b8   Data           4  timers.o(.data)
    xTimerTaskHandle                         0x200001bc   Data           4  timers.o(.data)
    xLastTime                                0x200001c0   Data           4  timers.o(.data)
    .data                                    0x200001c4   Section        4  cmsis_os2.o(.data)
    KernelState                              0x200001c4   Data           4  cmsis_os2.o(.data)
    .data                                    0x200001c8   Section       24  heap_4.o(.data)
    pxEnd                                    0x200001c8   Data           4  heap_4.o(.data)
    xFreeBytesRemaining                      0x200001cc   Data           4  heap_4.o(.data)
    xMinimumEverFreeBytesRemaining           0x200001d0   Data           4  heap_4.o(.data)
    xBlockAllocatedBit                       0x200001d4   Data           4  heap_4.o(.data)
    xStart                                   0x200001d8   Data           8  heap_4.o(.data)
    .data                                    0x200001e0   Section       12  port.o(.data)
    ucMaxSysCallPriority                     0x200001e0   Data           1  port.o(.data)
    uxCriticalNesting                        0x200001e4   Data           4  port.o(.data)
    ulMaxPRIGROUPValue                       0x200001e8   Data           4  port.o(.data)
    .bss                                     0x200001ec   Section       72  stm32f1xx_hal_timebase_tim.o(.bss)
    .bss                                     0x20000234   Section      708  usb_device.o(.bss)
    .bss                                     0x200004f8   Section      512  usbd_desc.o(.bss)
    .bss                                     0x200006f8   Section      772  usbd_conf.o(.bss)
    mem                                      0x200006f8   Data          20  usbd_conf.o(.bss)
    .bss                                     0x200009fc   Section       64  queue.o(.bss)
    .bss                                     0x20000a3c   Section     1220  tasks.o(.bss)
    pxReadyTasksLists                        0x20000a3c   Data        1120  tasks.o(.bss)
    xDelayedTaskList1                        0x20000e9c   Data          20  tasks.o(.bss)
    xDelayedTaskList2                        0x20000eb0   Data          20  tasks.o(.bss)
    xPendingReadyList                        0x20000ec4   Data          20  tasks.o(.bss)
    xTasksWaitingTermination                 0x20000ed8   Data          20  tasks.o(.bss)
    xSuspendedTaskList                       0x20000eec   Data          20  tasks.o(.bss)
    .bss                                     0x20000f00   Section      280  timers.o(.bss)
    xActiveTimerList1                        0x20000f00   Data          20  timers.o(.bss)
    xActiveTimerList2                        0x20000f14   Data          20  timers.o(.bss)
    xStaticTimerQueue                        0x20000f28   Data          80  timers.o(.bss)
    ucStaticTimerQueueStorage                0x20000f78   Data         160  timers.o(.bss)
    .bss                                     0x20001018   Section     1720  cmsis_os2.o(.bss)
    Idle_TCB                                 0x20001018   Data          92  cmsis_os2.o(.bss)
    Idle_Stack                               0x20001074   Data         512  cmsis_os2.o(.bss)
    Timer_TCB                                0x20001274   Data          92  cmsis_os2.o(.bss)
    Timer_Stack                              0x200012d0   Data        1024  cmsis_os2.o(.bss)
    .bss                                     0x200016d0   Section     3072  heap_4.o(.bss)
    ucHeap                                   0x200016d0   Data        3072  heap_4.o(.bss)
    .bss                                     0x200022d0   Section       96  libspace.o(.bss)
    HEAP                                     0x20002330   Section      512  startup_stm32f103xb.o(HEAP)
    Heap_Mem                                 0x20002330   Data         512  startup_stm32f103xb.o(HEAP)
    STACK                                    0x20002530   Section     1024  startup_stm32f103xb.o(STACK)
    Stack_Mem                                0x20002530   Data        1024  startup_stm32f103xb.o(STACK)
    __initial_sp                             0x20002930   Data           0  startup_stm32f103xb.o(STACK)

    Global Symbols

    Symbol Name                              Value     Ov Type        Size  Object(Section)

    BuildAttributes$$THM_ISAv4$P$D$K$B$S$PE$A:L22UL41UL21$X:L11$S22US41US21$IEEE1$IW$USESV6$~STKCKD$USESV7$~SHL$OSPACE$ROPI$EBA8$UX$STANDARDLIB$REQ8$PRES8$EABIv2 0x00000000   Number         0  anon$$obj.o ABSOLUTE
    __ARM_use_no_argv                        0x00000000   Number         0  main.o ABSOLUTE
    __ARM_exceptions_init                     - Undefined Weak Reference
    __alloca_initialize                       - Undefined Weak Reference
    __arm_preinit_                            - Undefined Weak Reference
    __cpp_initialize__aeabi_                  - Undefined Weak Reference
    __cxa_finalize                            - Undefined Weak Reference
    __rt_locale                               - Undefined Weak Reference
    __sigvec_lookup                           - Undefined Weak Reference
    _atexit_init                              - Undefined Weak Reference
    _call_atexit_fns                          - Undefined Weak Reference
    _clock_init                               - Undefined Weak Reference
    _fp_trap_init                             - Undefined Weak Reference
    _fp_trap_shutdown                         - Undefined Weak Reference
    _get_lc_collate                           - Undefined Weak Reference
    _get_lc_ctype                             - Undefined Weak Reference
    _get_lc_monetary                          - Undefined Weak Reference
    _get_lc_numeric                           - Undefined Weak Reference
    _get_lc_time                              - Undefined Weak Reference
    _getenv_init                              - Undefined Weak Reference
    _handle_redirection                       - Undefined Weak Reference
    _init_alloc                               - Undefined Weak Reference
    _init_user_alloc                          - Undefined Weak Reference
    _initio                                   - Undefined Weak Reference
    _rand_init                                - Undefined Weak Reference
    _signal_finish                            - Undefined Weak Reference
    _signal_init                              - Undefined Weak Reference
    _terminate_alloc                          - Undefined Weak Reference
    _terminate_user_alloc                     - Undefined Weak Reference
    _terminateio                              - Undefined Weak Reference
    __Vectors_Size                           0x000000ec   Number         0  startup_stm32f103xb.o ABSOLUTE
    __Vectors                                0x08000000   Data           4  startup_stm32f103xb.o(RESET)
    __Vectors_End                            0x080000ec   Data           0  startup_stm32f103xb.o(RESET)
    __main                                   0x080000ed   Thumb Code     8  __main.o(!!!main)
    __scatterload                            0x080000f5   Thumb Code     0  __scatter.o(!!!scatter)
    __scatterload_rt2                        0x080000f5   Thumb Code    44  __scatter.o(!!!scatter)
    __scatterload_rt2_thumb_only             0x080000f5   Thumb Code     0  __scatter.o(!!!scatter)
    __scatterload_null                       0x08000103   Thumb Code     0  __scatter.o(!!!scatter)
    __decompress                             0x08000129   Thumb Code    90  __dczerorl2.o(!!dczerorl2)
    __decompress1                            0x08000129   Thumb Code     0  __dczerorl2.o(!!dczerorl2)
    __scatterload_zeroinit                   0x08000185   Thumb Code    28  __scatter_zi.o(!!handler_zi)
    __rt_lib_init                            0x080001a1   Thumb Code     0  libinit.o(.ARM.Collect$$libinit$$00000000)
    __rt_lib_init_alloca_1                   0x080001a3   Thumb Code     0  libinit2.o(.ARM.Collect$$libinit$$0000002E)
    __rt_lib_init_argv_1                     0x080001a3   Thumb Code     0  libinit2.o(.ARM.Collect$$libinit$$0000002C)
    __rt_lib_init_atexit_1                   0x080001a3   Thumb Code     0  libinit2.o(.ARM.Collect$$libinit$$0000001B)
    __rt_lib_init_clock_1                    0x080001a3   Thumb Code     0  libinit2.o(.ARM.Collect$$libinit$$00000021)
    __rt_lib_init_cpp_1                      0x080001a3   Thumb Code     0  libinit2.o(.ARM.Collect$$libinit$$00000032)
    __rt_lib_init_exceptions_1               0x080001a3   Thumb Code     0  libinit2.o(.ARM.Collect$$libinit$$00000030)
    __rt_lib_init_fp_1                       0x080001a3   Thumb Code     0  libinit2.o(.ARM.Collect$$libinit$$00000002)
    __rt_lib_init_fp_trap_1                  0x080001a3   Thumb Code     0  libinit2.o(.ARM.Collect$$libinit$$0000001F)
    __rt_lib_init_getenv_1                   0x080001a3   Thumb Code     0  libinit2.o(.ARM.Collect$$libinit$$00000023)
    __rt_lib_init_heap_1                     0x080001a3   Thumb Code     0  libinit2.o(.ARM.Collect$$libinit$$0000000A)
    __rt_lib_init_lc_collate_1               0x080001a3   Thumb Code     0  libinit2.o(.ARM.Collect$$libinit$$00000011)
    __rt_lib_init_lc_ctype_1                 0x080001a3   Thumb Code     0  libinit2.o(.ARM.Collect$$libinit$$00000013)
    __rt_lib_init_lc_monetary_1              0x080001a3   Thumb Code     0  libinit2.o(.ARM.Collect$$libinit$$00000015)
    __rt_lib_init_lc_numeric_1               0x080001a3   Thumb Code     0  libinit2.o(.ARM.Collect$$libinit$$00000017)
    __rt_lib_init_lc_time_1                  0x080001a3   Thumb Code     0  libinit2.o(.ARM.Collect$$libinit$$00000019)
    __rt_lib_init_preinit_1                  0x080001a3   Thumb Code     0  libinit2.o(.ARM.Collect$$libinit$$00000004)
    __rt_lib_init_rand_1                     0x080001a3   Thumb Code     0  libinit2.o(.ARM.Collect$$libinit$$0000000E)
    __rt_lib_init_return                     0x080001a3   Thumb Code     0  libinit2.o(.ARM.Collect$$libinit$$00000033)
    __rt_lib_init_signal_1                   0x080001a3   Thumb Code     0  libinit2.o(.ARM.Collect$$libinit$$0000001D)
    __rt_lib_init_stdio_1                    0x080001a3   Thumb Code     0  libinit2.o(.ARM.Collect$$libinit$$00000025)
    __rt_lib_init_user_alloc_1               0x080001a3   Thumb Code     0  libinit2.o(.ARM.Collect$$libinit$$0000000C)
    __rt_lib_shutdown                        0x080001a5   Thumb Code     0  libshutdown.o(.ARM.Collect$$libshutdown$$00000000)
    __rt_lib_shutdown_cpp_1                  0x080001a7   Thumb Code     0  libshutdown2.o(.ARM.Collect$$libshutdown$$00000002)
    __rt_lib_shutdown_fp_trap_1              0x080001a7   Thumb Code     0  libshutdown2.o(.ARM.Collect$$libshutdown$$00000007)
    __rt_lib_shutdown_heap_1                 0x080001a7   Thumb Code     0  libshutdown2.o(.ARM.Collect$$libshutdown$$0000000F)
    __rt_lib_shutdown_return                 0x080001a7   Thumb Code     0  libshutdown2.o(.ARM.Collect$$libshutdown$$00000010)
    __rt_lib_shutdown_signal_1               0x080001a7   Thumb Code     0  libshutdown2.o(.ARM.Collect$$libshutdown$$0000000A)
    __rt_lib_shutdown_stdio_1                0x080001a7   Thumb Code     0  libshutdown2.o(.ARM.Collect$$libshutdown$$00000004)
    __rt_lib_shutdown_user_alloc_1           0x080001a7   Thumb Code     0  libshutdown2.o(.ARM.Collect$$libshutdown$$0000000C)
    __rt_entry                               0x080001a9   Thumb Code     0  __rtentry.o(.ARM.Collect$$rtentry$$00000000)
    __rt_entry_presh_1                       0x080001a9   Thumb Code     0  __rtentry2.o(.ARM.Collect$$rtentry$$00000002)
    __rt_entry_sh                            0x080001a9   Thumb Code     0  __rtentry4.o(.ARM.Collect$$rtentry$$00000004)
    __rt_entry_li                            0x080001af   Thumb Code     0  __rtentry2.o(.ARM.Collect$$rtentry$$0000000A)
    __rt_entry_postsh_1                      0x080001af   Thumb Code     0  __rtentry2.o(.ARM.Collect$$rtentry$$00000009)
    __rt_entry_main                          0x080001b3   Thumb Code     0  __rtentry2.o(.ARM.Collect$$rtentry$$0000000D)
    __rt_entry_postli_1                      0x080001b3   Thumb Code     0  __rtentry2.o(.ARM.Collect$$rtentry$$0000000C)
    __rt_exit                                0x080001bb   Thumb Code     0  rtexit.o(.ARM.Collect$$rtexit$$00000000)
    __rt_exit_ls                             0x080001bd   Thumb Code     0  rtexit2.o(.ARM.Collect$$rtexit$$00000003)
    __rt_exit_prels_1                        0x080001bd   Thumb Code     0  rtexit2.o(.ARM.Collect$$rtexit$$00000002)
    __rt_exit_exit                           0x080001c1   Thumb Code     0  rtexit2.o(.ARM.Collect$$rtexit$$00000004)
    SVC_Handler                              0x080001c9   Thumb Code    32  port.o(.emb_text)
    __asm___6_port_c_39a90d8d__prvStartFirstTask 0x080001ed   Thumb Code    28  port.o(.emb_text)
    PendSV_Handler                           0x0800020d   Thumb Code    72  port.o(.emb_text)
    vPortGetIPSR                             0x08000259   Thumb Code     6  port.o(.emb_text)
    Reset_Handler                            0x08000261   Thumb Code     8  startup_stm32f103xb.o(.text)
    ADC1_2_IRQHandler                        0x0800027b   Thumb Code     0  startup_stm32f103xb.o(.text)
    CAN1_RX1_IRQHandler                      0x0800027b   Thumb Code     0  startup_stm32f103xb.o(.text)
    CAN1_SCE_IRQHandler                      0x0800027b   Thumb Code     0  startup_stm32f103xb.o(.text)
    DMA1_Channel1_IRQHandler                 0x0800027b   Thumb Code     0  startup_stm32f103xb.o(.text)
    DMA1_Channel2_IRQHandler                 0x0800027b   Thumb Code     0  startup_stm32f103xb.o(.text)
    DMA1_Channel3_IRQHandler                 0x0800027b   Thumb Code     0  startup_stm32f103xb.o(.text)
    DMA1_Channel4_IRQHandler                 0x0800027b   Thumb Code     0  startup_stm32f103xb.o(.text)
    DMA1_Channel5_IRQHandler                 0x0800027b   Thumb Code     0  startup_stm32f103xb.o(.text)
    DMA1_Channel6_IRQHandler                 0x0800027b   Thumb Code     0  startup_stm32f103xb.o(.text)
    DMA1_Channel7_IRQHandler                 0x0800027b   Thumb Code     0  startup_stm32f103xb.o(.text)
    EXTI0_IRQHandler                         0x0800027b   Thumb Code     0  startup_stm32f103xb.o(.text)
    EXTI15_10_IRQHandler                     0x0800027b   Thumb Code     0  startup_stm32f103xb.o(.text)
    EXTI1_IRQHandler                         0x0800027b   Thumb Code     0  startup_stm32f103xb.o(.text)
    EXTI2_IRQHandler                         0x0800027b   Thumb Code     0  startup_stm32f103xb.o(.text)
    EXTI3_IRQHandler                         0x0800027b   Thumb Code     0  startup_stm32f103xb.o(.text)
    EXTI4_IRQHandler                         0x0800027b   Thumb Code     0  startup_stm32f103xb.o(.text)
    EXTI9_5_IRQHandler                       0x0800027b   Thumb Code     0  startup_stm32f103xb.o(.text)
    FLASH_IRQHandler                         0x0800027b   Thumb Code     0  startup_stm32f103xb.o(.text)
    I2C1_ER_IRQHandler                       0x0800027b   Thumb Code     0  startup_stm32f103xb.o(.text)
    I2C1_EV_IRQHandler                       0x0800027b   Thumb Code     0  startup_stm32f103xb.o(.text)
    I2C2_ER_IRQHandler                       0x0800027b   Thumb Code     0  startup_stm32f103xb.o(.text)
    I2C2_EV_IRQHandler                       0x0800027b   Thumb Code     0  startup_stm32f103xb.o(.text)
    PVD_IRQHandler                           0x0800027b   Thumb Code     0  startup_stm32f103xb.o(.text)
    RCC_IRQHandler                           0x0800027b   Thumb Code     0  startup_stm32f103xb.o(.text)
    RTC_Alarm_IRQHandler                     0x0800027b   Thumb Code     0  startup_stm32f103xb.o(.text)
    RTC_IRQHandler                           0x0800027b   Thumb Code     0  startup_stm32f103xb.o(.text)
    SPI1_IRQHandler                          0x0800027b   Thumb Code     0  startup_stm32f103xb.o(.text)
    SPI2_IRQHandler                          0x0800027b   Thumb Code     0  startup_stm32f103xb.o(.text)
    TAMPER_IRQHandler                        0x0800027b   Thumb Code     0  startup_stm32f103xb.o(.text)
    TIM1_BRK_IRQHandler                      0x0800027b   Thumb Code     0  startup_stm32f103xb.o(.text)
    TIM1_CC_IRQHandler                       0x0800027b   Thumb Code     0  startup_stm32f103xb.o(.text)
    TIM1_TRG_COM_IRQHandler                  0x0800027b   Thumb Code     0  startup_stm32f103xb.o(.text)
    TIM2_IRQHandler                          0x0800027b   Thumb Code     0  startup_stm32f103xb.o(.text)
    TIM3_IRQHandler                          0x0800027b   Thumb Code     0  startup_stm32f103xb.o(.text)
    TIM4_IRQHandler                          0x0800027b   Thumb Code     0  startup_stm32f103xb.o(.text)
    USART1_IRQHandler                        0x0800027b   Thumb Code     0  startup_stm32f103xb.o(.text)
    USART2_IRQHandler                        0x0800027b   Thumb Code     0  startup_stm32f103xb.o(.text)
    USART3_IRQHandler                        0x0800027b   Thumb Code     0  startup_stm32f103xb.o(.text)
    USBWakeUp_IRQHandler                     0x0800027b   Thumb Code     0  startup_stm32f103xb.o(.text)
    USB_HP_CAN1_TX_IRQHandler                0x0800027b   Thumb Code     0  startup_stm32f103xb.o(.text)
    WWDG_IRQHandler                          0x0800027b   Thumb Code     0  startup_stm32f103xb.o(.text)
    __user_initial_stackheap                 0x0800027d   Thumb Code     0  startup_stm32f103xb.o(.text)
    __aeabi_memcpy                           0x080002a1   Thumb Code     0  rt_memcpy_v6.o(.text)
    __rt_memcpy                              0x080002a1   Thumb Code   138  rt_memcpy_v6.o(.text)
    _memcpy_lastbytes                        0x08000307   Thumb Code     0  rt_memcpy_v6.o(.text)
    __aeabi_memcpy4                          0x0800032b   Thumb Code     0  rt_memcpy_w.o(.text)
    __aeabi_memcpy8                          0x0800032b   Thumb Code     0  rt_memcpy_w.o(.text)
    __rt_memcpy_w                            0x0800032b   Thumb Code   100  rt_memcpy_w.o(.text)
    _memcpy_lastbytes_aligned                0x08000373   Thumb Code     0  rt_memcpy_w.o(.text)
    __aeabi_memset                           0x0800038f   Thumb Code    16  aeabi_memset.o(.text)
    __aeabi_memclr4                          0x0800039f   Thumb Code     0  rt_memclr_w.o(.text)
    __aeabi_memclr8                          0x0800039f   Thumb Code     0  rt_memclr_w.o(.text)
    __rt_memclr_w                            0x0800039f   Thumb Code    78  rt_memclr_w.o(.text)
    _memset_w                                0x080003a3   Thumb Code     0  rt_memclr_w.o(.text)
    __use_two_region_memory                  0x080003ed   Thumb Code     2  heapauxi.o(.text)
    __rt_heap_escrow$2region                 0x080003ef   Thumb Code     2  heapauxi.o(.text)
    __rt_heap_expand$2region                 0x080003f1   Thumb Code     2  heapauxi.o(.text)
    __aeabi_memclr                           0x080003f3   Thumb Code     0  rt_memclr.o(.text)
    __rt_memclr                              0x080003f3   Thumb Code    68  rt_memclr.o(.text)
    _memset                                  0x080003f7   Thumb Code     0  rt_memclr.o(.text)
    __user_setup_stackheap                   0x08000437   Thumb Code    74  sys_stackheap_outer.o(.text)
    exit                                     0x08000481   Thumb Code    18  exit.o(.text)
    __user_libspace                          0x08000495   Thumb Code     8  libspace.o(.text)
    __user_perproc_libspace                  0x08000495   Thumb Code     0  libspace.o(.text)
    __user_perthread_libspace                0x08000495   Thumb Code     0  libspace.o(.text)
    _sys_exit                                0x0800049d   Thumb Code     8  sys_exit.o(.text)
    __I$use$semihosting                      0x080004a9   Thumb Code     0  use_no_semi.o(.text)
    __use_no_semihosting_swi                 0x080004a9   Thumb Code     2  use_no_semi.o(.text)
    BusFault_Handler                         0x080004ab   Thumb Code     2  stm32f1xx_it.o(i.BusFault_Handler)
    __semihosting_library_function           0x080004ab   Thumb Code     0  indicate_semi.o(.text)
    DebugMon_Handler                         0x080004ad   Thumb Code     2  stm32f1xx_it.o(i.DebugMon_Handler)
    Error_Handler                            0x080004af   Thumb Code     4  main.o(i.Error_Handler)
    HAL_CRC_Init                             0x080004b3   Thumb Code    34  stm32f1xx_hal_crc.o(i.HAL_CRC_Init)
    HAL_CRC_MspInit                          0x080004d5   Thumb Code    30  stm32f1xx_hal_msp.o(i.HAL_CRC_MspInit)
    HAL_Delay                                0x080004fd   Thumb Code    32  stm32f1xx_hal.o(i.HAL_Delay)
    HAL_GPIO_Init                            0x08000521   Thumb Code   446  stm32f1xx_hal_gpio.o(i.HAL_GPIO_Init)
    HAL_GPIO_TogglePin                       0x08000701   Thumb Code    16  stm32f1xx_hal_gpio.o(i.HAL_GPIO_TogglePin)
    HAL_GPIO_WritePin                        0x08000711   Thumb Code    10  stm32f1xx_hal_gpio.o(i.HAL_GPIO_WritePin)
    HAL_GetTick                              0x0800071d   Thumb Code     6  stm32f1xx_hal.o(i.HAL_GetTick)
    HAL_IncTick                              0x08000729   Thumb Code    12  stm32f1xx_hal.o(i.HAL_IncTick)
    HAL_Init                                 0x08000739   Thumb Code    32  stm32f1xx_hal.o(i.HAL_Init)
    HAL_InitTick                             0x0800075d   Thumb Code    98  stm32f1xx_hal_timebase_tim.o(i.HAL_InitTick)
    HAL_MspInit                              0x080007d1   Thumb Code    62  stm32f1xx_hal_msp.o(i.HAL_MspInit)
    HAL_NVIC_EnableIRQ                       0x08000819   Thumb Code    26  stm32f1xx_hal_cortex.o(i.HAL_NVIC_EnableIRQ)
    HAL_NVIC_SetPriority                     0x08000835   Thumb Code    60  stm32f1xx_hal_cortex.o(i.HAL_NVIC_SetPriority)
    HAL_NVIC_SetPriorityGrouping             0x08000875   Thumb Code    26  stm32f1xx_hal_cortex.o(i.HAL_NVIC_SetPriorityGrouping)
    HAL_PCDEx_PMAConfig                      0x08000899   Thumb Code    60  stm32f1xx_hal_pcd_ex.o(i.HAL_PCDEx_PMAConfig)
    HAL_PCDEx_SetConnectionState             0x080008d5   Thumb Code     2  usbd_conf.o(i.HAL_PCDEx_SetConnectionState)
    HAL_PCD_DataInStageCallback              0x080008d7   Thumb Code    18  usbd_conf.o(i.HAL_PCD_DataInStageCallback)
    HAL_PCD_DataOutStageCallback             0x080008e9   Thumb Code    20  usbd_conf.o(i.HAL_PCD_DataOutStageCallback)
    HAL_PCD_EP_Close                         0x080008fd   Thumb Code    76  stm32f1xx_hal_pcd.o(i.HAL_PCD_EP_Close)
    HAL_PCD_EP_ClrStall                      0x08000949   Thumb Code    92  stm32f1xx_hal_pcd.o(i.HAL_PCD_EP_ClrStall)
    HAL_PCD_EP_Open                          0x08000dc3   Thumb Code    90  stm32f1xx_hal_pcd.o(i.HAL_PCD_EP_Open)
    HAL_PCD_EP_Receive                       0x08000e1d   Thumb Code    46  stm32f1xx_hal_pcd.o(i.HAL_PCD_EP_Receive)
    HAL_PCD_EP_SetStall                      0x08000e4b   Thumb Code   114  stm32f1xx_hal_pcd.o(i.HAL_PCD_EP_SetStall)
    HAL_PCD_EP_Transmit                      0x08000ebd   Thumb Code    48  stm32f1xx_hal_pcd.o(i.HAL_PCD_EP_Transmit)
    HAL_PCD_IRQHandler                       0x08000eed   Thumb Code   308  stm32f1xx_hal_pcd.o(i.HAL_PCD_IRQHandler)
    HAL_PCD_Init                             0x08001021   Thumb Code   218  stm32f1xx_hal_pcd.o(i.HAL_PCD_Init)
    HAL_PCD_MspInit                          0x080010fd   Thumb Code    50  usbd_conf.o(i.HAL_PCD_MspInit)
    HAL_PCD_ResetCallback                    0x08001139   Thumb Code    38  usbd_conf.o(i.HAL_PCD_ResetCallback)
    HAL_PCD_ResumeCallback                   0x0800115f   Thumb Code     8  usbd_conf.o(i.HAL_PCD_ResumeCallback)
    HAL_PCD_SOFCallback                      0x08001167   Thumb Code     8  usbd_conf.o(i.HAL_PCD_SOFCallback)
    HAL_PCD_SetAddress                       0x0800116f   Thumb Code    40  stm32f1xx_hal_pcd.o(i.HAL_PCD_SetAddress)
    HAL_PCD_SetupStageCallback               0x08001197   Thumb Code    14  usbd_conf.o(i.HAL_PCD_SetupStageCallback)
    HAL_PCD_Start                            0x080011a5   Thumb Code    50  stm32f1xx_hal_pcd.o(i.HAL_PCD_Start)
    HAL_PCD_SuspendCallback                  0x080011d9   Thumb Code    30  usbd_conf.o(i.HAL_PCD_SuspendCallback)
    HAL_RCCEx_PeriphCLKConfig                0x080011fd   Thumb Code   224  stm32f1xx_hal_rcc_ex.o(i.HAL_RCCEx_PeriphCLKConfig)
    HAL_RCC_ClockConfig                      0x080012e9   Thumb Code   280  stm32f1xx_hal_rcc.o(i.HAL_RCC_ClockConfig)
    HAL_RCC_GetClockConfig                   0x08001415   Thumb Code    54  stm32f1xx_hal_rcc.o(i.HAL_RCC_GetClockConfig)
    HAL_RCC_GetPCLK2Freq                     0x08001455   Thumb Code    20  stm32f1xx_hal_rcc.o(i.HAL_RCC_GetPCLK2Freq)
    HAL_RCC_GetSysClockFreq                  0x08001475   Thumb Code    58  stm32f1xx_hal_rcc.o(i.HAL_RCC_GetSysClockFreq)
    HAL_RCC_OscConfig                        0x080014c1   Thumb Code   778  stm32f1xx_hal_rcc.o(i.HAL_RCC_OscConfig)
    HAL_TIMEx_BreakCallback                  0x080017e1   Thumb Code     2  stm32f1xx_hal_tim_ex.o(i.HAL_TIMEx_BreakCallback)
    HAL_TIMEx_CommutCallback                 0x080017e3   Thumb Code     2  stm32f1xx_hal_tim_ex.o(i.HAL_TIMEx_CommutCallback)
    HAL_TIM_Base_Init                        0x080017e5   Thumb Code    90  stm32f1xx_hal_tim.o(i.HAL_TIM_Base_Init)
    HAL_TIM_Base_MspInit                     0x0800183f   Thumb Code     2  stm32f1xx_hal_tim.o(i.HAL_TIM_Base_MspInit)
    HAL_TIM_Base_Start_IT                    0x08001841   Thumb Code    76  stm32f1xx_hal_tim.o(i.HAL_TIM_Base_Start_IT)
    HAL_TIM_IC_CaptureCallback               0x08001899   Thumb Code     2  stm32f1xx_hal_tim.o(i.HAL_TIM_IC_CaptureCallback)
    HAL_TIM_IRQHandler                       0x0800189b   Thumb Code   358  stm32f1xx_hal_tim.o(i.HAL_TIM_IRQHandler)
    HAL_TIM_OC_DelayElapsedCallback          0x08001a01   Thumb Code     2  stm32f1xx_hal_tim.o(i.HAL_TIM_OC_DelayElapsedCallback)
    HAL_TIM_PWM_PulseFinishedCallback        0x08001a03   Thumb Code     2  stm32f1xx_hal_tim.o(i.HAL_TIM_PWM_PulseFinishedCallback)
    HAL_TIM_PeriodElapsedCallback            0x08001a05   Thumb Code    14  main.o(i.HAL_TIM_PeriodElapsedCallback)
    HAL_TIM_TriggerCallback                  0x08001a19   Thumb Code     2  stm32f1xx_hal_tim.o(i.HAL_TIM_TriggerCallback)
    HardFault_Handler                        0x08001a1b   Thumb Code     2  stm32f1xx_it.o(i.HardFault_Handler)
    MX_USB_DEVICE_Init                       0x08001ac5   Thumb Code    52  usb_device.o(i.MX_USB_DEVICE_Init)
    MemManage_Handler                        0x08001b05   Thumb Code     2  stm32f1xx_it.o(i.MemManage_Handler)
    NMI_Handler                              0x08001b07   Thumb Code     2  stm32f1xx_it.o(i.NMI_Handler)
    StartDefaultTask                         0x08001eb5   Thumb Code    12  main.o(i.StartDefaultTask)
    SysTick_Handler                          0x08001ec1   Thumb Code    38  port.o(i.SysTick_Handler)
    SystemClock_Config                       0x08001eed   Thumb Code   118  main.o(i.SystemClock_Config)
    SystemInit                               0x08001f63   Thumb Code     2  system_stm32f1xx.o(i.SystemInit)
    TIM1_UP_IRQHandler                       0x08001f65   Thumb Code     6  stm32f1xx_it.o(i.TIM1_UP_IRQHandler)
    TIM_Base_SetConfig                       0x08001f71   Thumb Code    94  stm32f1xx_hal_tim.o(i.TIM_Base_SetConfig)
    USBD_ClrClassConfig                      0x08001fdd   Thumb Code    14  usbd_core.o(i.USBD_ClrClassConfig)
    USBD_CtlContinueRx                       0x08001feb   Thumb Code    16  usbd_ioreq.o(i.USBD_CtlContinueRx)
    USBD_CtlContinueSendData                 0x08001ffb   Thumb Code    16  usbd_ioreq.o(i.USBD_CtlContinueSendData)
    USBD_CtlError                            0x0800200b   Thumb Code    22  usbd_ctlreq.o(i.USBD_CtlError)
    USBD_CtlReceiveStatus                    0x08002021   Thumb Code    22  usbd_ioreq.o(i.USBD_CtlReceiveStatus)
    USBD_CtlSendData                         0x08002037   Thumb Code    26  usbd_ioreq.o(i.USBD_CtlSendData)
    USBD_CtlSendStatus                       0x08002051   Thumb Code    22  usbd_ioreq.o(i.USBD_CtlSendStatus)
    USBD_FS_ConfigStrDescriptor              0x08002069   Thumb Code    16  usbd_desc.o(i.USBD_FS_ConfigStrDescriptor)
    USBD_FS_DeviceDescriptor                 0x08002089   Thumb Code     8  usbd_desc.o(i.USBD_FS_DeviceDescriptor)
    USBD_FS_InterfaceStrDescriptor           0x08002095   Thumb Code    16  usbd_desc.o(i.USBD_FS_InterfaceStrDescriptor)
    USBD_FS_LangIDStrDescriptor              0x080020b9   Thumb Code     8  usbd_desc.o(i.USBD_FS_LangIDStrDescriptor)
    USBD_FS_ManufacturerStrDescriptor        0x080020c5   Thumb Code    16  usbd_desc.o(i.USBD_FS_ManufacturerStrDescriptor)
    USBD_FS_ProductStrDescriptor             0x080020ed   Thumb Code    16  usbd_desc.o(i.USBD_FS_ProductStrDescriptor)
    USBD_FS_SerialStrDescriptor              0x08002119   Thumb Code    48  usbd_desc.o(i.USBD_FS_SerialStrDescriptor)
    USBD_GetString                           0x08002239   Thumb Code    72  usbd_ctlreq.o(i.USBD_GetString)
    USBD_Init                                0x080023e9   Thumb Code    42  usbd_core.o(i.USBD_Init)
    USBD_LL_ClearStallEP                     0x08002413   Thumb Code    18  usbd_conf.o(i.USBD_LL_ClearStallEP)
    USBD_LL_CloseEP                          0x08002425   Thumb Code    18  usbd_conf.o(i.USBD_LL_CloseEP)
    USBD_LL_DataInStage                      0x08002437   Thumb Code   198  usbd_core.o(i.USBD_LL_DataInStage)
    USBD_LL_DataOutStage                     0x080024fd   Thumb Code   130  usbd_core.o(i.USBD_LL_DataOutStage)
    USBD_LL_Init                             0x08002581   Thumb Code    94  usbd_conf.o(i.USBD_LL_Init)
    USBD_LL_IsStallEP                        0x080025e9   Thumb Code    32  usbd_conf.o(i.USBD_LL_IsStallEP)
    USBD_LL_OpenEP                           0x08002609   Thumb Code    24  usbd_conf.o(i.USBD_LL_OpenEP)
    USBD_LL_PrepareReceive                   0x08002621   Thumb Code    18  usbd_conf.o(i.USBD_LL_PrepareReceive)
    USBD_LL_Reset                            0x08002633   Thumb Code    80  usbd_core.o(i.USBD_LL_Reset)
    USBD_LL_Resume                           0x08002683   Thumb Code    20  usbd_core.o(i.USBD_LL_Resume)
    USBD_LL_SOF                              0x08002697   Thumb Code    24  usbd_core.o(i.USBD_LL_SOF)
    USBD_LL_SetSpeed                         0x080026af   Thumb Code     6  usbd_core.o(i.USBD_LL_SetSpeed)
    USBD_LL_SetUSBAddress                    0x080026b5   Thumb Code    18  usbd_conf.o(i.USBD_LL_SetUSBAddress)
    USBD_LL_SetupStage                       0x080026c7   Thumb Code    90  usbd_core.o(i.USBD_LL_SetupStage)
    USBD_LL_StallEP                          0x08002721   Thumb Code    18  usbd_conf.o(i.USBD_LL_StallEP)
    USBD_LL_Start                            0x08002733   Thumb Code    18  usbd_conf.o(i.USBD_LL_Start)
    USBD_LL_Suspend                          0x08002745   Thumb Code    18  usbd_core.o(i.USBD_LL_Suspend)
    USBD_LL_Transmit                         0x08002757   Thumb Code    18  usbd_conf.o(i.USBD_LL_Transmit)
    USBD_ParseSetupRequest                   0x08002769   Thumb Code    40  usbd_ctlreq.o(i.USBD_ParseSetupRequest)
    USBD_RegisterClass                       0x08002791   Thumb Code    16  usbd_core.o(i.USBD_RegisterClass)
    USBD_SetClassConfig                      0x080027a1   Thumb Code    22  usbd_core.o(i.USBD_SetClassConfig)
    USBD_Start                               0x0800283d   Thumb Code    10  usbd_core.o(i.USBD_Start)
    USBD_StdDevReq                           0x08002847   Thumb Code   274  usbd_ctlreq.o(i.USBD_StdDevReq)
    USBD_StdEPReq                            0x08002959   Thumb Code   336  usbd_ctlreq.o(i.USBD_StdEPReq)
    USBD_StdItfReq                           0x08002aa9   Thumb Code    78  usbd_ctlreq.o(i.USBD_StdItfReq)
    USBD_static_free                         0x08002af7   Thumb Code     2  usbd_conf.o(i.USBD_static_free)
    USBD_static_malloc                       0x08002af9   Thumb Code     4  usbd_conf.o(i.USBD_static_malloc)
    USB_ActivateEndpoint                     0x08002b01   Thumb Code   668  stm32f1xx_ll_usb.o(i.USB_ActivateEndpoint)
    USB_CoreInit                             0x08002d9d   Thumb Code     4  stm32f1xx_ll_usb.o(i.USB_CoreInit)
    USB_DeactivateEndpoint                   0x08002da1   Thumb Code   270  stm32f1xx_ll_usb.o(i.USB_DeactivateEndpoint)
    USB_DevConnect                           0x08002eaf   Thumb Code     4  stm32f1xx_ll_usb.o(i.USB_DevConnect)
    USB_DevDisconnect                        0x08002eb3   Thumb Code     4  stm32f1xx_ll_usb.o(i.USB_DevDisconnect)
    USB_DevInit                              0x08002eb7   Thumb Code    18  stm32f1xx_ll_usb.o(i.USB_DevInit)
    USB_DisableGlobalInt                     0x08002ec9   Thumb Code    14  stm32f1xx_ll_usb.o(i.USB_DisableGlobalInt)
    USB_EP0_OutStart                         0x08002ed7   Thumb Code     4  stm32f1xx_ll_usb.o(i.USB_EP0_OutStart)
    USB_EPClearStall                         0x08002edb   Thumb Code   120  stm32f1xx_ll_usb.o(i.USB_EPClearStall)
    USB_EPSetStall                           0x08002f53   Thumb Code    50  stm32f1xx_ll_usb.o(i.USB_EPSetStall)
    USB_EPStartXfer                          0x08002f85   Thumb Code  1250  stm32f1xx_ll_usb.o(i.USB_EPStartXfer)
    USB_EnableGlobalInt                      0x08003467   Thumb Code    18  stm32f1xx_ll_usb.o(i.USB_EnableGlobalInt)
    USB_LP_CAN1_RX0_IRQHandler               0x08003479   Thumb Code     6  stm32f1xx_it.o(i.USB_LP_CAN1_RX0_IRQHandler)
    USB_ReadInterrupts                       0x08003485   Thumb Code     6  stm32f1xx_ll_usb.o(i.USB_ReadInterrupts)
    USB_ReadPMA                              0x0800348d   Thumb Code    44  stm32f1xx_ll_usb.o(i.USB_ReadPMA)
    USB_SetCurrentMode                       0x080034b9   Thumb Code     4  stm32f1xx_ll_usb.o(i.USB_SetCurrentMode)
    USB_SetDevAddress                        0x080034bd   Thumb Code    12  stm32f1xx_ll_usb.o(i.USB_SetDevAddress)
    USB_WritePMA                             0x080034c9   Thumb Code    38  stm32f1xx_ll_usb.o(i.USB_WritePMA)
    UsageFault_Handler                       0x080034ef   Thumb Code     2  stm32f1xx_it.o(i.UsageFault_Handler)
    main                                     0x08003511   Thumb Code    80  main.o(i.main)
    osDelay                                  0x08003575   Thumb Code    46  cmsis_os2.o(i.osDelay)
    osKernelInitialize                       0x080035a9   Thumb Code    50  cmsis_os2.o(i.osKernelInitialize)
    osKernelStart                            0x080035e1   Thumb Code    58  cmsis_os2.o(i.osKernelStart)
    osThreadNew                              0x08003621   Thumb Code   160  cmsis_os2.o(i.osThreadNew)
    pvPortMalloc                             0x08003e09   Thumb Code   210  heap_4.o(i.pvPortMalloc)
    pxPortInitialiseStack                    0x08003ee1   Thumb Code    32  port.o(i.pxPortInitialiseStack)
    uxListRemove                             0x08003f05   Thumb Code    38  list.o(i.uxListRemove)
    vApplicationGetIdleTaskMemory            0x08003f2d   Thumb Code    16  cmsis_os2.o(i.vApplicationGetIdleTaskMemory)
    vApplicationGetTimerTaskMemory           0x08003f41   Thumb Code    18  cmsis_os2.o(i.vApplicationGetTimerTaskMemory)
    vListInitialise                          0x08003f59   Thumb Code    22  list.o(i.vListInitialise)
    vListInitialiseItem                      0x08003f6f   Thumb Code     6  list.o(i.vListInitialiseItem)
    vListInsert                              0x08003f75   Thumb Code    48  list.o(i.vListInsert)
    vListInsertEnd                           0x08003fa5   Thumb Code    24  list.o(i.vListInsertEnd)
    vPortEnterCritical                       0x08003fbd   Thumb Code    54  port.o(i.vPortEnterCritical)
    vPortExitCritical                        0x08003ffd   Thumb Code    34  port.o(i.vPortExitCritical)
    vPortFree                                0x08004025   Thumb Code    88  heap_4.o(i.vPortFree)
    vPortSetupTimerInterrupt                 0x08004081   Thumb Code    32  port.o(i.vPortSetupTimerInterrupt)
    vPortValidateInterruptPriority           0x080040a5   Thumb Code    74  port.o(i.vPortValidateInterruptPriority)
    vQueueAddToRegistry                      0x080040f9   Thumb Code    34  queue.o(i.vQueueAddToRegistry)
    vQueueWaitForMessageRestricted           0x08004121   Thumb Code    68  queue.o(i.vQueueWaitForMessageRestricted)
    vTaskDelay                               0x08004165   Thumb Code    66  tasks.o(i.vTaskDelay)
    vTaskInternalSetTimeOutState             0x080041b1   Thumb Code    12  tasks.o(i.vTaskInternalSetTimeOutState)
    vTaskMissedYield                         0x080041c1   Thumb Code     8  tasks.o(i.vTaskMissedYield)
    vTaskPlaceOnEventList                    0x080041cd   Thumb Code    44  tasks.o(i.vTaskPlaceOnEventList)
    vTaskPlaceOnEventListRestricted          0x080041fd   Thumb Code    52  tasks.o(i.vTaskPlaceOnEventListRestricted)
    vTaskStartScheduler                      0x08004235   Thumb Code   118  tasks.o(i.vTaskStartScheduler)
    vTaskSuspendAll                          0x080042bd   Thumb Code    10  tasks.o(i.vTaskSuspendAll)
    vTaskSwitchContext                       0x080042cd   Thumb Code    90  tasks.o(i.vTaskSwitchContext)
    xPortStartScheduler                      0x08004331   Thumb Code   154  port.o(i.xPortStartScheduler)
    xQueueGenericCreateStatic                0x080043d9   Thumb Code   102  queue.o(i.xQueueGenericCreateStatic)
    xQueueGenericReset                       0x08004441   Thumb Code   132  queue.o(i.xQueueGenericReset)
    xQueueGenericSend                        0x080044c9   Thumb Code   346  queue.o(i.xQueueGenericSend)
    xQueueGenericSendFromISR                 0x08004629   Thumb Code   188  queue.o(i.xQueueGenericSendFromISR)
    xQueueReceive                            0x080046e5   Thumb Code   308  queue.o(i.xQueueReceive)
    xTaskCheckForTimeOut                     0x0800481d   Thumb Code   112  tasks.o(i.xTaskCheckForTimeOut)
    xTaskCreate                              0x08004891   Thumb Code    90  tasks.o(i.xTaskCreate)
    xTaskCreateStatic                        0x080048eb   Thumb Code    86  tasks.o(i.xTaskCreateStatic)
    xTaskGetSchedulerState                   0x08004941   Thumb Code    22  tasks.o(i.xTaskGetSchedulerState)
    xTaskGetTickCount                        0x0800495d   Thumb Code     6  tasks.o(i.xTaskGetTickCount)
    xTaskIncrementTick                       0x08004969   Thumb Code   190  tasks.o(i.xTaskIncrementTick)
    xTaskPriorityDisinherit                  0x08004a31   Thumb Code   118  tasks.o(i.xTaskPriorityDisinherit)
    xTaskRemoveFromEventList                 0x08004ab1   Thumb Code    98  tasks.o(i.xTaskRemoveFromEventList)
    xTaskResumeAll                           0x08004b21   Thumb Code   182  tasks.o(i.xTaskResumeAll)
    xTimerCreateTimerTask                    0x08004be5   Thumb Code    78  timers.o(i.xTimerCreateTimerTask)
    xTimerGenericCommand                     0x08004c45   Thumb Code    98  timers.o(i.xTimerGenericCommand)
    defaultTask_attributes                   0x08004cac   Data          36  main.o(.constdata)
    AHBPrescTable                            0x08004ce2   Data          16  system_stm32f1xx.o(.constdata)
    APBPrescTable                            0x08004cf2   Data           8  system_stm32f1xx.o(.constdata)
    Region$$Table$$Base                      0x08004d08   Number         0  anon$$obj.o(Region$$Table)
    Region$$Table$$Limit                     0x08004d28   Number         0  anon$$obj.o(Region$$Table)
    defaultTaskHandle                        0x20000000   Data           4  main.o(.data)
    hcrc                                     0x20000004   Data           8  main.o(.data)
    uwTickFreq                               0x2000000c   Data           1  stm32f1xx_hal.o(.data)
    uwTickPrio                               0x20000010   Data           4  stm32f1xx_hal.o(.data)
    uwTick                                   0x20000014   Data           4  stm32f1xx_hal.o(.data)
    SystemCoreClock                          0x20000018   Data           4  system_stm32f1xx.o(.data)
    FS_Desc                                  0x2000001c   Data          28  usbd_desc.o(.data)
    USBD_LangIDDesc                          0x20000038   Data           4  usbd_desc.o(.data)
    USBD_FS_DeviceDesc                       0x2000003c   Data          18  usbd_desc.o(.data)
    USBD_StringSerial                        0x20000050   Data          26  usbd_desc.o(.data)
    USBD_HID                                 0x2000006c   Data          56  usbd_hid.o(.data)
    pxCurrentTCB                             0x20000174   Data           4  tasks.o(.data)
    htim1                                    0x200001ec   Data          72  stm32f1xx_hal_timebase_tim.o(.bss)
    hUsbDeviceFS                             0x20000234   Data         708  usb_device.o(.bss)
    USBD_StrDesc                             0x200004f8   Data         512  usbd_desc.o(.bss)
    hpcd_USB_FS                              0x2000070c   Data         752  usbd_conf.o(.bss)
    xQueueRegistry                           0x200009fc   Data          64  queue.o(.bss)
    __libspace_start                         0x200022d0   Data          96  libspace.o(.bss)
    __temporary_stack_top$libspace           0x20002330   Data           0  libspace.o(.bss)



==============================================================================

Memory Map of the image

  Image Entry point : 0x080000ed

  Load Region LR_IROM1 (Base: 0x08000000, Size: 0x00004f14, Max: 0x00010000, ABSOLUTE, COMPRESSED[0x00004e04])

    Execution Region ER_IROM1 (Exec base: 0x08000000, Load base: 0x08000000, Size: 0x00004d28, Max: 0x00010000, ABSOLUTE)

    Exec Addr    Load Addr    Size         Type   Attr      Idx    E Section Name        Object

    0x08000000   0x08000000   0x000000ec   Data   RO            3    RESET               startup_stm32f103xb.o
    0x080000ec   0x080000ec   0x00000008   Code   RO         5254  * !!!main             c_w.l(__main.o)
    0x080000f4   0x080000f4   0x00000034   Code   RO         5415    !!!scatter          c_w.l(__scatter.o)
    0x08000128   0x08000128   0x0000005a   Code   RO         5413    !!dczerorl2         c_w.l(__dczerorl2.o)
    0x08000182   0x08000182   0x00000002   PAD
    0x08000184   0x08000184   0x0000001c   Code   RO         5417    !!handler_zi        c_w.l(__scatter_zi.o)
    0x080001a0   0x080001a0   0x00000002   Code   RO         5283    .ARM.Collect$$libinit$$00000000  c_w.l(libinit.o)
    0x080001a2   0x080001a2   0x00000000   Code   RO         5290    .ARM.Collect$$libinit$$00000002  c_w.l(libinit2.o)
    0x080001a2   0x080001a2   0x00000000   Code   RO         5292    .ARM.Collect$$libinit$$00000004  c_w.l(libinit2.o)
    0x080001a2   0x080001a2   0x00000000   Code   RO         5295    .ARM.Collect$$libinit$$0000000A  c_w.l(libinit2.o)
    0x080001a2   0x080001a2   0x00000000   Code   RO         5297    .ARM.Collect$$libinit$$0000000C  c_w.l(libinit2.o)
    0x080001a2   0x080001a2   0x00000000   Code   RO         5299    .ARM.Collect$$libinit$$0000000E  c_w.l(libinit2.o)
    0x080001a2   0x080001a2   0x00000000   Code   RO         5302    .ARM.Collect$$libinit$$00000011  c_w.l(libinit2.o)
    0x080001a2   0x080001a2   0x00000000   Code   RO         5304    .ARM.Collect$$libinit$$00000013  c_w.l(libinit2.o)
    0x080001a2   0x080001a2   0x00000000   Code   RO         5306    .ARM.Collect$$libinit$$00000015  c_w.l(libinit2.o)
    0x080001a2   0x080001a2   0x00000000   Code   RO         5308    .ARM.Collect$$libinit$$00000017  c_w.l(libinit2.o)
    0x080001a2   0x080001a2   0x00000000   Code   RO         5310    .ARM.Collect$$libinit$$00000019  c_w.l(libinit2.o)
    0x080001a2   0x080001a2   0x00000000   Code   RO         5312    .ARM.Collect$$libinit$$0000001B  c_w.l(libinit2.o)
    0x080001a2   0x080001a2   0x00000000   Code   RO         5314    .ARM.Collect$$libinit$$0000001D  c_w.l(libinit2.o)
    0x080001a2   0x080001a2   0x00000000   Code   RO         5316    .ARM.Collect$$libinit$$0000001F  c_w.l(libinit2.o)
    0x080001a2   0x080001a2   0x00000000   Code   RO         5318    .ARM.Collect$$libinit$$00000021  c_w.l(libinit2.o)
    0x080001a2   0x080001a2   0x00000000   Code   RO         5320    .ARM.Collect$$libinit$$00000023  c_w.l(libinit2.o)
    0x080001a2   0x080001a2   0x00000000   Code   RO         5322    .ARM.Collect$$libinit$$00000025  c_w.l(libinit2.o)
    0x080001a2   0x080001a2   0x00000000   Code   RO         5326    .ARM.Collect$$libinit$$0000002C  c_w.l(libinit2.o)
    0x080001a2   0x080001a2   0x00000000   Code   RO         5328    .ARM.Collect$$libinit$$0000002E  c_w.l(libinit2.o)
    0x080001a2   0x080001a2   0x00000000   Code   RO         5330    .ARM.Collect$$libinit$$00000030  c_w.l(libinit2.o)
    0x080001a2   0x080001a2   0x00000000   Code   RO         5332    .ARM.Collect$$libinit$$00000032  c_w.l(libinit2.o)
    0x080001a2   0x080001a2   0x00000002   Code   RO         5333    .ARM.Collect$$libinit$$00000033  c_w.l(libinit2.o)
    0x080001a4   0x080001a4   0x00000002   Code   RO         5353    .ARM.Collect$$libshutdown$$00000000  c_w.l(libshutdown.o)
    0x080001a6   0x080001a6   0x00000000   Code   RO         5366    .ARM.Collect$$libshutdown$$00000002  c_w.l(libshutdown2.o)
    0x080001a6   0x080001a6   0x00000000   Code   RO         5368    .ARM.Collect$$libshutdown$$00000004  c_w.l(libshutdown2.o)
    0x080001a6   0x080001a6   0x00000000   Code   RO         5371    .ARM.Collect$$libshutdown$$00000007  c_w.l(libshutdown2.o)
    0x080001a6   0x080001a6   0x00000000   Code   RO         5374    .ARM.Collect$$libshutdown$$0000000A  c_w.l(libshutdown2.o)
    0x080001a6   0x080001a6   0x00000000   Code   RO         5376    .ARM.Collect$$libshutdown$$0000000C  c_w.l(libshutdown2.o)
    0x080001a6   0x080001a6   0x00000000   Code   RO         5379    .ARM.Collect$$libshutdown$$0000000F  c_w.l(libshutdown2.o)
    0x080001a6   0x080001a6   0x00000002   Code   RO         5380    .ARM.Collect$$libshutdown$$00000010  c_w.l(libshutdown2.o)
    0x080001a8   0x080001a8   0x00000000   Code   RO         5256    .ARM.Collect$$rtentry$$00000000  c_w.l(__rtentry.o)
    0x080001a8   0x080001a8   0x00000000   Code   RO         5260    .ARM.Collect$$rtentry$$00000002  c_w.l(__rtentry2.o)
    0x080001a8   0x080001a8   0x00000006   Code   RO         5272    .ARM.Collect$$rtentry$$00000004  c_w.l(__rtentry4.o)
    0x080001ae   0x080001ae   0x00000000   Code   RO         5262    .ARM.Collect$$rtentry$$00000009  c_w.l(__rtentry2.o)
    0x080001ae   0x080001ae   0x00000004   Code   RO         5263    .ARM.Collect$$rtentry$$0000000A  c_w.l(__rtentry2.o)
    0x080001b2   0x080001b2   0x00000000   Code   RO         5265    .ARM.Collect$$rtentry$$0000000C  c_w.l(__rtentry2.o)
    0x080001b2   0x080001b2   0x00000008   Code   RO         5266    .ARM.Collect$$rtentry$$0000000D  c_w.l(__rtentry2.o)
    0x080001ba   0x080001ba   0x00000002   Code   RO         5287    .ARM.Collect$$rtexit$$00000000  c_w.l(rtexit.o)
    0x080001bc   0x080001bc   0x00000000   Code   RO         5335    .ARM.Collect$$rtexit$$00000002  c_w.l(rtexit2.o)
    0x080001bc   0x080001bc   0x00000004   Code   RO         5336    .ARM.Collect$$rtexit$$00000003  c_w.l(rtexit2.o)
    0x080001c0   0x080001c0   0x00000006   Code   RO         5337    .ARM.Collect$$rtexit$$00000004  c_w.l(rtexit2.o)
    0x080001c6   0x080001c6   0x00000002   PAD
    0x080001c8   0x080001c8   0x00000096   Code   RO         5161    .emb_text           port.o
    0x0800025e   0x0800025e   0x00000002   PAD
    0x08000260   0x08000260   0x00000040   Code   RO            4    .text               startup_stm32f103xb.o
    0x080002a0   0x080002a0   0x0000008a   Code   RO         5242    .text               c_w.l(rt_memcpy_v6.o)
    0x0800032a   0x0800032a   0x00000064   Code   RO         5244    .text               c_w.l(rt_memcpy_w.o)
    0x0800038e   0x0800038e   0x00000010   Code   RO         5248    .text               c_w.l(aeabi_memset.o)
    0x0800039e   0x0800039e   0x0000004e   Code   RO         5250    .text               c_w.l(rt_memclr_w.o)
    0x080003ec   0x080003ec   0x00000006   Code   RO         5252    .text               c_w.l(heapauxi.o)
    0x080003f2   0x080003f2   0x00000044   Code   RO         5257    .text               c_w.l(rt_memclr.o)
    0x08000436   0x08000436   0x0000004a   Code   RO         5274    .text               c_w.l(sys_stackheap_outer.o)
    0x08000480   0x08000480   0x00000012   Code   RO         5276    .text               c_w.l(exit.o)
    0x08000492   0x08000492   0x00000002   PAD
    0x08000494   0x08000494   0x00000008   Code   RO         5284    .text               c_w.l(libspace.o)
    0x0800049c   0x0800049c   0x0000000c   Code   RO         5345    .text               c_w.l(sys_exit.o)
    0x080004a8   0x080004a8   0x00000002   Code   RO         5356    .text               c_w.l(use_no_semi.o)
    0x080004aa   0x080004aa   0x00000000   Code   RO         5358    .text               c_w.l(indicate_semi.o)
    0x080004aa   0x080004aa   0x00000002   Code   RO          246    i.BusFault_Handler  stm32f1xx_it.o
    0x080004ac   0x080004ac   0x00000002   Code   RO          247    i.DebugMon_Handler  stm32f1xx_it.o
    0x080004ae   0x080004ae   0x00000004   Code   RO           13    i.Error_Handler     main.o
    0x080004b2   0x080004b2   0x00000022   Code   RO         1873    i.HAL_CRC_Init      stm32f1xx_hal_crc.o
    0x080004d4   0x080004d4   0x00000028   Code   RO          317    i.HAL_CRC_MspInit   stm32f1xx_hal_msp.o
    0x080004fc   0x080004fc   0x00000024   Code   RO          899    i.HAL_Delay         stm32f1xx_hal.o
    0x08000520   0x08000520   0x000001e0   Code   RO         1209    i.HAL_GPIO_Init     stm32f1xx_hal_gpio.o
    0x08000700   0x08000700   0x00000010   Code   RO         1212    i.HAL_GPIO_TogglePin  stm32f1xx_hal_gpio.o
    0x08000710   0x08000710   0x0000000a   Code   RO         1213    i.HAL_GPIO_WritePin  stm32f1xx_hal_gpio.o
    0x0800071a   0x0800071a   0x00000002   PAD
    0x0800071c   0x0800071c   0x0000000c   Code   RO          903    i.HAL_GetTick       stm32f1xx_hal.o
    0x08000728   0x08000728   0x00000010   Code   RO          909    i.HAL_IncTick       stm32f1xx_hal.o
    0x08000738   0x08000738   0x00000024   Code   RO          910    i.HAL_Init          stm32f1xx_hal.o
    0x0800075c   0x0800075c   0x00000074   Code   RO          352    i.HAL_InitTick      stm32f1xx_hal_timebase_tim.o
    0x080007d0   0x080007d0   0x00000048   Code   RO          318    i.HAL_MspInit       stm32f1xx_hal_msp.o
    0x08000818   0x08000818   0x0000001a   Code   RO         1369    i.HAL_NVIC_EnableIRQ  stm32f1xx_hal_cortex.o
    0x08000832   0x08000832   0x00000002   PAD
    0x08000834   0x08000834   0x00000040   Code   RO         1375    i.HAL_NVIC_SetPriority  stm32f1xx_hal_cortex.o
    0x08000874   0x08000874   0x00000024   Code   RO         1376    i.HAL_NVIC_SetPriorityGrouping  stm32f1xx_hal_cortex.o
    0x08000898   0x08000898   0x0000003c   Code   RO          666    i.HAL_PCDEx_PMAConfig  stm32f1xx_hal_pcd_ex.o
    0x080008d4   0x080008d4   0x00000002   Code   RO         3070    i.HAL_PCDEx_SetConnectionState  usbd_conf.o
    0x080008d6   0x080008d6   0x00000012   Code   RO         3072    i.HAL_PCD_DataInStageCallback  usbd_conf.o
    0x080008e8   0x080008e8   0x00000014   Code   RO         3073    i.HAL_PCD_DataOutStageCallback  usbd_conf.o
    0x080008fc   0x080008fc   0x0000004c   Code   RO          437    i.HAL_PCD_EP_Close  stm32f1xx_hal_pcd.o
    0x08000948   0x08000948   0x0000005c   Code   RO          438    i.HAL_PCD_EP_ClrStall  stm32f1xx_hal_pcd.o
    0x080009a4   0x080009a4   0x000000e6   Code   RO          439    i.HAL_PCD_EP_DB_Receive  stm32f1xx_hal_pcd.o
    0x08000a8a   0x08000a8a   0x00000338   Code   RO          440    i.HAL_PCD_EP_DB_Transmit  stm32f1xx_hal_pcd.o
    0x08000dc2   0x08000dc2   0x0000005a   Code   RO          443    i.HAL_PCD_EP_Open   stm32f1xx_hal_pcd.o
    0x08000e1c   0x08000e1c   0x0000002e   Code   RO          444    i.HAL_PCD_EP_Receive  stm32f1xx_hal_pcd.o
    0x08000e4a   0x08000e4a   0x00000072   Code   RO          445    i.HAL_PCD_EP_SetStall  stm32f1xx_hal_pcd.o
    0x08000ebc   0x08000ebc   0x00000030   Code   RO          446    i.HAL_PCD_EP_Transmit  stm32f1xx_hal_pcd.o
    0x08000eec   0x08000eec   0x00000134   Code   RO          448    i.HAL_PCD_IRQHandler  stm32f1xx_hal_pcd.o
    0x08001020   0x08001020   0x000000da   Code   RO          451    i.HAL_PCD_Init      stm32f1xx_hal_pcd.o
    0x080010fa   0x080010fa   0x00000002   PAD
    0x080010fc   0x080010fc   0x0000003c   Code   RO         3078    i.HAL_PCD_MspInit   usbd_conf.o
    0x08001138   0x08001138   0x00000026   Code   RO         3079    i.HAL_PCD_ResetCallback  usbd_conf.o
    0x0800115e   0x0800115e   0x00000008   Code   RO         3080    i.HAL_PCD_ResumeCallback  usbd_conf.o
    0x08001166   0x08001166   0x00000008   Code   RO         3081    i.HAL_PCD_SOFCallback  usbd_conf.o
    0x0800116e   0x0800116e   0x00000028   Code   RO          457    i.HAL_PCD_SetAddress  stm32f1xx_hal_pcd.o
    0x08001196   0x08001196   0x0000000e   Code   RO         3082    i.HAL_PCD_SetupStageCallback  usbd_conf.o
    0x080011a4   0x080011a4   0x00000032   Code   RO          459    i.HAL_PCD_Start     stm32f1xx_hal_pcd.o
    0x080011d6   0x080011d6   0x00000002   PAD
    0x080011d8   0x080011d8   0x00000024   Code   RO         3083    i.HAL_PCD_SuspendCallback  usbd_conf.o
    0x080011fc   0x080011fc   0x000000ec   Code   RO         1171    i.HAL_RCCEx_PeriphCLKConfig  stm32f1xx_hal_rcc_ex.o
    0x080012e8   0x080012e8   0x0000012c   Code   RO         1067    i.HAL_RCC_ClockConfig  stm32f1xx_hal_rcc.o
    0x08001414   0x08001414   0x00000040   Code   RO         1071    i.HAL_RCC_GetClockConfig  stm32f1xx_hal_rcc.o
    0x08001454   0x08001454   0x00000020   Code   RO         1075    i.HAL_RCC_GetPCLK2Freq  stm32f1xx_hal_rcc.o
    0x08001474   0x08001474   0x0000004c   Code   RO         1076    i.HAL_RCC_GetSysClockFreq  stm32f1xx_hal_rcc.o
    0x080014c0   0x080014c0   0x00000320   Code   RO         1079    i.HAL_RCC_OscConfig  stm32f1xx_hal_rcc.o
    0x080017e0   0x080017e0   0x00000002   Code   RO         2635    i.HAL_TIMEx_BreakCallback  stm32f1xx_hal_tim_ex.o
    0x080017e2   0x080017e2   0x00000002   Code   RO         2636    i.HAL_TIMEx_CommutCallback  stm32f1xx_hal_tim_ex.o
    0x080017e4   0x080017e4   0x0000005a   Code   RO         1931    i.HAL_TIM_Base_Init  stm32f1xx_hal_tim.o
    0x0800183e   0x0800183e   0x00000002   Code   RO         1933    i.HAL_TIM_Base_MspInit  stm32f1xx_hal_tim.o
    0x08001840   0x08001840   0x00000058   Code   RO         1936    i.HAL_TIM_Base_Start_IT  stm32f1xx_hal_tim.o
    0x08001898   0x08001898   0x00000002   Code   RO         1965    i.HAL_TIM_IC_CaptureCallback  stm32f1xx_hal_tim.o
    0x0800189a   0x0800189a   0x00000166   Code   RO         1979    i.HAL_TIM_IRQHandler  stm32f1xx_hal_tim.o
    0x08001a00   0x08001a00   0x00000002   Code   RO         1982    i.HAL_TIM_OC_DelayElapsedCallback  stm32f1xx_hal_tim.o
    0x08001a02   0x08001a02   0x00000002   Code   RO         2009    i.HAL_TIM_PWM_PulseFinishedCallback  stm32f1xx_hal_tim.o
    0x08001a04   0x08001a04   0x00000014   Code   RO           14    i.HAL_TIM_PeriodElapsedCallback  main.o
    0x08001a18   0x08001a18   0x00000002   Code   RO         2022    i.HAL_TIM_TriggerCallback  stm32f1xx_hal_tim.o
    0x08001a1a   0x08001a1a   0x00000002   Code   RO          248    i.HardFault_Handler  stm32f1xx_it.o
    0x08001a1c   0x08001a1c   0x00000038   Code   RO         2984    i.IntToUnicode      usbd_desc.o
    0x08001a54   0x08001a54   0x00000070   Code   RO           15    i.MX_GPIO_Init      main.o
    0x08001ac4   0x08001ac4   0x00000040   Code   RO         2940    i.MX_USB_DEVICE_Init  usb_device.o
    0x08001b04   0x08001b04   0x00000002   Code   RO          249    i.MemManage_Handler  stm32f1xx_it.o
    0x08001b06   0x08001b06   0x00000002   Code   RO          250    i.NMI_Handler       stm32f1xx_it.o
    0x08001b08   0x08001b08   0x000003ac   Code   RO          463    i.PCD_EP_ISR_Handler  stm32f1xx_hal_pcd.o
    0x08001eb4   0x08001eb4   0x0000000c   Code   RO           16    i.StartDefaultTask  main.o
    0x08001ec0   0x08001ec0   0x0000002c   Code   RO         5162    i.SysTick_Handler   port.o
    0x08001eec   0x08001eec   0x00000076   Code   RO           17    i.SystemClock_Config  main.o
    0x08001f62   0x08001f62   0x00000002   Code   RO         2903    i.SystemInit        system_stm32f1xx.o
    0x08001f64   0x08001f64   0x0000000c   Code   RO          251    i.TIM1_UP_IRQHandler  stm32f1xx_it.o
    0x08001f70   0x08001f70   0x0000006c   Code   RO         2024    i.TIM_Base_SetConfig  stm32f1xx_hal_tim.o
    0x08001fdc   0x08001fdc   0x0000000e   Code   RO         3282    i.USBD_ClrClassConfig  usbd_core.o
    0x08001fea   0x08001fea   0x00000010   Code   RO         3485    i.USBD_CtlContinueRx  usbd_ioreq.o
    0x08001ffa   0x08001ffa   0x00000010   Code   RO         3486    i.USBD_CtlContinueSendData  usbd_ioreq.o
    0x0800200a   0x0800200a   0x00000016   Code   RO         3420    i.USBD_CtlError     usbd_ctlreq.o
    0x08002020   0x08002020   0x00000016   Code   RO         3488    i.USBD_CtlReceiveStatus  usbd_ioreq.o
    0x08002036   0x08002036   0x0000001a   Code   RO         3489    i.USBD_CtlSendData  usbd_ioreq.o
    0x08002050   0x08002050   0x00000016   Code   RO         3490    i.USBD_CtlSendStatus  usbd_ioreq.o
    0x08002066   0x08002066   0x00000002   PAD
    0x08002068   0x08002068   0x00000020   Code   RO         2985    i.USBD_FS_ConfigStrDescriptor  usbd_desc.o
    0x08002088   0x08002088   0x0000000c   Code   RO         2986    i.USBD_FS_DeviceDescriptor  usbd_desc.o
    0x08002094   0x08002094   0x00000024   Code   RO         2987    i.USBD_FS_InterfaceStrDescriptor  usbd_desc.o
    0x080020b8   0x080020b8   0x0000000c   Code   RO         2988    i.USBD_FS_LangIDStrDescriptor  usbd_desc.o
    0x080020c4   0x080020c4   0x00000028   Code   RO         2989    i.USBD_FS_ManufacturerStrDescriptor  usbd_desc.o
    0x080020ec   0x080020ec   0x0000002c   Code   RO         2990    i.USBD_FS_ProductStrDescriptor  usbd_desc.o
    0x08002118   0x08002118   0x00000038   Code   RO         2991    i.USBD_FS_SerialStrDescriptor  usbd_desc.o
    0x08002150   0x08002150   0x000000e8   Code   RO         3421    i.USBD_GetDescriptor  usbd_ctlreq.o
    0x08002238   0x08002238   0x00000048   Code   RO         3422    i.USBD_GetString    usbd_ctlreq.o
    0x08002280   0x08002280   0x00000018   Code   RO         3084    i.USBD_Get_USB_Status  usbd_conf.o
    0x08002298   0x08002298   0x0000000c   Code   RO         3545    i.USBD_HID_DataIn   usbd_hid.o
    0x080022a4   0x080022a4   0x00000020   Code   RO         3546    i.USBD_HID_DeInit   usbd_hid.o
    0x080022c4   0x080022c4   0x0000000c   Code   RO         3547    i.USBD_HID_GetDeviceQualifierDesc  usbd_hid.o
    0x080022d0   0x080022d0   0x0000000c   Code   RO         3548    i.USBD_HID_GetFSCfgDesc  usbd_hid.o
    0x080022dc   0x080022dc   0x0000000c   Code   RO         3549    i.USBD_HID_GetHSCfgDesc  usbd_hid.o
    0x080022e8   0x080022e8   0x0000000c   Code   RO         3550    i.USBD_HID_GetOtherSpeedCfgDesc  usbd_hid.o
    0x080022f4   0x080022f4   0x0000002a   Code   RO         3552    i.USBD_HID_Init     usbd_hid.o
    0x0800231e   0x0800231e   0x00000002   PAD
    0x08002320   0x08002320   0x000000c8   Code   RO         3554    i.USBD_HID_Setup    usbd_hid.o
    0x080023e8   0x080023e8   0x0000002a   Code   RO         3284    i.USBD_Init         usbd_core.o
    0x08002412   0x08002412   0x00000012   Code   RO         3085    i.USBD_LL_ClearStallEP  usbd_conf.o
    0x08002424   0x08002424   0x00000012   Code   RO         3086    i.USBD_LL_CloseEP   usbd_conf.o
    0x08002436   0x08002436   0x000000c6   Code   RO         3285    i.USBD_LL_DataInStage  usbd_core.o
    0x080024fc   0x080024fc   0x00000082   Code   RO         3286    i.USBD_LL_DataOutStage  usbd_core.o
    0x0800257e   0x0800257e   0x00000002   PAD
    0x08002580   0x08002580   0x00000068   Code   RO         3091    i.USBD_LL_Init      usbd_conf.o
    0x080025e8   0x080025e8   0x00000020   Code   RO         3092    i.USBD_LL_IsStallEP  usbd_conf.o
    0x08002608   0x08002608   0x00000018   Code   RO         3093    i.USBD_LL_OpenEP    usbd_conf.o
    0x08002620   0x08002620   0x00000012   Code   RO         3094    i.USBD_LL_PrepareReceive  usbd_conf.o
    0x08002632   0x08002632   0x00000050   Code   RO         3291    i.USBD_LL_Reset     usbd_core.o
    0x08002682   0x08002682   0x00000014   Code   RO         3292    i.USBD_LL_Resume    usbd_core.o
    0x08002696   0x08002696   0x00000018   Code   RO         3293    i.USBD_LL_SOF       usbd_core.o
    0x080026ae   0x080026ae   0x00000006   Code   RO         3294    i.USBD_LL_SetSpeed  usbd_core.o
    0x080026b4   0x080026b4   0x00000012   Code   RO         3095    i.USBD_LL_SetUSBAddress  usbd_conf.o
    0x080026c6   0x080026c6   0x0000005a   Code   RO         3295    i.USBD_LL_SetupStage  usbd_core.o
    0x08002720   0x08002720   0x00000012   Code   RO         3096    i.USBD_LL_StallEP   usbd_conf.o
    0x08002732   0x08002732   0x00000012   Code   RO         3097    i.USBD_LL_Start     usbd_conf.o
    0x08002744   0x08002744   0x00000012   Code   RO         3296    i.USBD_LL_Suspend   usbd_core.o
    0x08002756   0x08002756   0x00000012   Code   RO         3099    i.USBD_LL_Transmit  usbd_conf.o
    0x08002768   0x08002768   0x00000028   Code   RO         3423    i.USBD_ParseSetupRequest  usbd_ctlreq.o
    0x08002790   0x08002790   0x00000010   Code   RO         3297    i.USBD_RegisterClass  usbd_core.o
    0x080027a0   0x080027a0   0x00000016   Code   RO         3299    i.USBD_SetClassConfig  usbd_core.o
    0x080027b6   0x080027b6   0x00000002   PAD
    0x080027b8   0x080027b8   0x00000084   Code   RO         3424    i.USBD_SetConfig    usbd_ctlreq.o
    0x0800283c   0x0800283c   0x0000000a   Code   RO         3300    i.USBD_Start        usbd_core.o
    0x08002846   0x08002846   0x00000112   Code   RO         3425    i.USBD_StdDevReq    usbd_ctlreq.o
    0x08002958   0x08002958   0x00000150   Code   RO         3426    i.USBD_StdEPReq     usbd_ctlreq.o
    0x08002aa8   0x08002aa8   0x0000004e   Code   RO         3427    i.USBD_StdItfReq    usbd_ctlreq.o
    0x08002af6   0x08002af6   0x00000002   Code   RO         3100    i.USBD_static_free  usbd_conf.o
    0x08002af8   0x08002af8   0x00000008   Code   RO         3101    i.USBD_static_malloc  usbd_conf.o
    0x08002b00   0x08002b00   0x0000029c   Code   RO          706    i.USB_ActivateEndpoint  stm32f1xx_ll_usb.o
    0x08002d9c   0x08002d9c   0x00000004   Code   RO          709    i.USB_CoreInit      stm32f1xx_ll_usb.o
    0x08002da0   0x08002da0   0x0000010e   Code   RO          711    i.USB_DeactivateEndpoint  stm32f1xx_ll_usb.o
    0x08002eae   0x08002eae   0x00000004   Code   RO          712    i.USB_DevConnect    stm32f1xx_ll_usb.o
    0x08002eb2   0x08002eb2   0x00000004   Code   RO          713    i.USB_DevDisconnect  stm32f1xx_ll_usb.o
    0x08002eb6   0x08002eb6   0x00000012   Code   RO          714    i.USB_DevInit       stm32f1xx_ll_usb.o
    0x08002ec8   0x08002ec8   0x0000000e   Code   RO          715    i.USB_DisableGlobalInt  stm32f1xx_ll_usb.o
    0x08002ed6   0x08002ed6   0x00000004   Code   RO          716    i.USB_EP0_OutStart  stm32f1xx_ll_usb.o
    0x08002eda   0x08002eda   0x00000078   Code   RO          717    i.USB_EPClearStall  stm32f1xx_ll_usb.o
    0x08002f52   0x08002f52   0x00000032   Code   RO          718    i.USB_EPSetStall    stm32f1xx_ll_usb.o
    0x08002f84   0x08002f84   0x000004e2   Code   RO          719    i.USB_EPStartXfer   stm32f1xx_ll_usb.o
    0x08003466   0x08003466   0x00000012   Code   RO          721    i.USB_EnableGlobalInt  stm32f1xx_ll_usb.o
    0x08003478   0x08003478   0x0000000c   Code   RO          252    i.USB_LP_CAN1_RX0_IRQHandler  stm32f1xx_it.o
    0x08003484   0x08003484   0x00000006   Code   RO          728    i.USB_ReadInterrupts  stm32f1xx_ll_usb.o
    0x0800348a   0x0800348a   0x00000002   PAD
    0x0800348c   0x0800348c   0x0000002c   Code   RO          729    i.USB_ReadPMA       stm32f1xx_ll_usb.o
    0x080034b8   0x080034b8   0x00000004   Code   RO          730    i.USB_SetCurrentMode  stm32f1xx_ll_usb.o
    0x080034bc   0x080034bc   0x0000000c   Code   RO          731    i.USB_SetDevAddress  stm32f1xx_ll_usb.o
    0x080034c8   0x080034c8   0x00000026   Code   RO          733    i.USB_WritePMA      stm32f1xx_ll_usb.o
    0x080034ee   0x080034ee   0x00000002   Code   RO          253    i.UsageFault_Handler  stm32f1xx_it.o
    0x080034f0   0x080034f0   0x00000020   Code   RO         1382    i.__NVIC_SetPriority  stm32f1xx_hal_cortex.o
    0x08003510   0x08003510   0x00000064   Code   RO           18    i.main              main.o
    0x08003574   0x08003574   0x00000034   Code   RO         4691    i.osDelay           cmsis_os2.o
    0x080035a8   0x080035a8   0x00000038   Code   RO         4705    i.osKernelInitialize  cmsis_os2.o
    0x080035e0   0x080035e0   0x00000040   Code   RO         4708    i.osKernelStart     cmsis_os2.o
    0x08003620   0x08003620   0x000000a4   Code   RO         4742    i.osThreadNew       cmsis_os2.o
    0x080036c4   0x080036c4   0x0000005c   Code   RO         4187    i.prvAddCurrentTaskToDelayedList  tasks.o
    0x08003720   0x08003720   0x000000d0   Code   RO         4188    i.prvAddNewTaskToReadyList  tasks.o
    0x080037f0   0x080037f0   0x00000058   Code   RO         4537    i.prvCheckForValidListAndQueue  timers.o
    0x08003848   0x08003848   0x00000026   Code   RO         3790    i.prvCopyDataFromQueue  queue.o
    0x0800386e   0x0800386e   0x0000006c   Code   RO         3791    i.prvCopyDataToQueue  queue.o
    0x080038da   0x080038da   0x00000034   Code   RO         4189    i.prvDeleteTCB      tasks.o
    0x0800390e   0x0800390e   0x00000002   PAD
    0x08003910   0x08003910   0x0000004c   Code   RO         5112    i.prvHeapInit       heap_4.o
    0x0800395c   0x0800395c   0x00000060   Code   RO         4190    i.prvIdleTask       tasks.o
    0x080039bc   0x080039bc   0x00000022   Code   RO         3793    i.prvInitialiseNewQueue  queue.o
    0x080039de   0x080039de   0x0000009c   Code   RO         4191    i.prvInitialiseNewTask  tasks.o
    0x08003a7a   0x08003a7a   0x00000002   PAD
    0x08003a7c   0x08003a7c   0x0000004c   Code   RO         5113    i.prvInsertBlockIntoFreeList  heap_4.o
    0x08003ac8   0x08003ac8   0x00000038   Code   RO         4539    i.prvInsertTimerInActiveList  timers.o
    0x08003b00   0x08003b00   0x0000001c   Code   RO         3794    i.prvIsQueueEmpty   queue.o
    0x08003b1c   0x08003b1c   0x000000cc   Code   RO         4540    i.prvProcessReceivedCommands  timers.o
    0x08003be8   0x08003be8   0x000000b4   Code   RO         4541    i.prvProcessTimerOrBlockTask  timers.o
    0x08003c9c   0x08003c9c   0x00000020   Code   RO         4193    i.prvResetNextTaskUnblockTime  tasks.o
    0x08003cbc   0x08003cbc   0x00000028   Code   RO         4542    i.prvSampleTimeNow  timers.o
    0x08003ce4   0x08003ce4   0x0000006c   Code   RO         4543    i.prvSwitchTimerLists  timers.o
    0x08003d50   0x08003d50   0x00000028   Code   RO         5163    i.prvTaskExitError  port.o
    0x08003d78   0x08003d78   0x00000024   Code   RO         4544    i.prvTimerTask      timers.o
    0x08003d9c   0x08003d9c   0x0000006a   Code   RO         3795    i.prvUnlockQueue    queue.o
    0x08003e06   0x08003e06   0x00000002   PAD
    0x08003e08   0x08003e08   0x000000d8   Code   RO         5114    i.pvPortMalloc      heap_4.o
    0x08003ee0   0x08003ee0   0x00000024   Code   RO         5164    i.pxPortInitialiseStack  port.o
    0x08003f04   0x08003f04   0x00000026   Code   RO         3750    i.uxListRemove      list.o
    0x08003f2a   0x08003f2a   0x00000002   PAD
    0x08003f2c   0x08003f2c   0x00000014   Code   RO         4754    i.vApplicationGetIdleTaskMemory  cmsis_os2.o
    0x08003f40   0x08003f40   0x00000018   Code   RO         4755    i.vApplicationGetTimerTaskMemory  cmsis_os2.o
    0x08003f58   0x08003f58   0x00000016   Code   RO         3751    i.vListInitialise   list.o
    0x08003f6e   0x08003f6e   0x00000006   Code   RO         3752    i.vListInitialiseItem  list.o
    0x08003f74   0x08003f74   0x00000030   Code   RO         3753    i.vListInsert       list.o
    0x08003fa4   0x08003fa4   0x00000018   Code   RO         3754    i.vListInsertEnd    list.o
    0x08003fbc   0x08003fbc   0x00000040   Code   RO         5166    i.vPortEnterCritical  port.o
    0x08003ffc   0x08003ffc   0x00000028   Code   RO         5167    i.vPortExitCritical  port.o
    0x08004024   0x08004024   0x0000005c   Code   RO         5115    i.vPortFree         heap_4.o
    0x08004080   0x08004080   0x00000024   Code   RO         5168    i.vPortSetupTimerInterrupt  port.o
    0x080040a4   0x080040a4   0x00000054   Code   RO         5169    i.vPortValidateInterruptPriority  port.o
    0x080040f8   0x080040f8   0x00000028   Code   RO         3801    i.vQueueAddToRegistry  queue.o
    0x08004120   0x08004120   0x00000044   Code   RO         3805    i.vQueueWaitForMessageRestricted  queue.o
    0x08004164   0x08004164   0x0000004c   Code   RO         4205    i.vTaskDelay        tasks.o
    0x080041b0   0x080041b0   0x00000010   Code   RO         4210    i.vTaskInternalSetTimeOutState  tasks.o
    0x080041c0   0x080041c0   0x0000000c   Code   RO         4211    i.vTaskMissedYield  tasks.o
    0x080041cc   0x080041cc   0x00000030   Code   RO         4213    i.vTaskPlaceOnEventList  tasks.o
    0x080041fc   0x080041fc   0x00000038   Code   RO         4214    i.vTaskPlaceOnEventListRestricted  tasks.o
    0x08004234   0x08004234   0x00000088   Code   RO         4222    i.vTaskStartScheduler  tasks.o
    0x080042bc   0x080042bc   0x00000010   Code   RO         4224    i.vTaskSuspendAll   tasks.o
    0x080042cc   0x080042cc   0x00000064   Code   RO         4225    i.vTaskSwitchContext  tasks.o
    0x08004330   0x08004330   0x000000a8   Code   RO         5170    i.xPortStartScheduler  port.o
    0x080043d8   0x080043d8   0x00000066   Code   RO         3811    i.xQueueGenericCreateStatic  queue.o
    0x0800443e   0x0800443e   0x00000002   PAD
    0x08004440   0x08004440   0x00000088   Code   RO         3812    i.xQueueGenericReset  queue.o
    0x080044c8   0x080044c8   0x00000160   Code   RO         3813    i.xQueueGenericSend  queue.o
    0x08004628   0x08004628   0x000000bc   Code   RO         3814    i.xQueueGenericSendFromISR  queue.o
    0x080046e4   0x080046e4   0x00000138   Code   RO         3823    i.xQueueReceive     queue.o
    0x0800481c   0x0800481c   0x00000074   Code   RO         4226    i.xTaskCheckForTimeOut  tasks.o
    0x08004890   0x08004890   0x0000005a   Code   RO         4227    i.xTaskCreate       tasks.o
    0x080048ea   0x080048ea   0x00000056   Code   RO         4228    i.xTaskCreateStatic  tasks.o
    0x08004940   0x08004940   0x0000001c   Code   RO         4232    i.xTaskGetSchedulerState  tasks.o
    0x0800495c   0x0800495c   0x0000000c   Code   RO         4233    i.xTaskGetTickCount  tasks.o
    0x08004968   0x08004968   0x000000c8   Code   RO         4235    i.xTaskIncrementTick  tasks.o
    0x08004a30   0x08004a30   0x00000080   Code   RO         4238    i.xTaskPriorityDisinherit  tasks.o
    0x08004ab0   0x08004ab0   0x00000070   Code   RO         4240    i.xTaskRemoveFromEventList  tasks.o
    0x08004b20   0x08004b20   0x000000c4   Code   RO         4241    i.xTaskResumeAll    tasks.o
    0x08004be4   0x08004be4   0x00000060   Code   RO         4551    i.xTimerCreateTimerTask  timers.o
    0x08004c44   0x08004c44   0x00000068   Code   RO         4552    i.xTimerGenericCommand  timers.o
    0x08004cac   0x08004cac   0x00000024   Data   RO           19    .constdata          main.o
    0x08004cd0   0x08004cd0   0x00000012   Data   RO         1080    .constdata          stm32f1xx_hal_rcc.o
    0x08004ce2   0x08004ce2   0x00000010   Data   RO         2904    .constdata          system_stm32f1xx.o
    0x08004cf2   0x08004cf2   0x00000008   Data   RO         2905    .constdata          system_stm32f1xx.o
    0x08004cfa   0x08004cfa   0x00000002   PAD
    0x08004cfc   0x08004cfc   0x0000000c   Data   RO           20    .conststring        main.o
    0x08004d08   0x08004d08   0x00000020   Data   RO         5411    Region$$Table       anon$$obj.o


    Execution Region RW_IRAM1 (Exec base: 0x20000000, Load base: 0x08004d28, Size: 0x00002930, Max: 0x00005000, ABSOLUTE, COMPRESSED[0x000000dc])

    Exec Addr    Load Addr    Size         Type   Attr      Idx    E Section Name        Object

    0x20000000   COMPRESSED   0x0000000c   Data   RW           21    .data               main.o
    0x2000000c   COMPRESSED   0x0000000c   Data   RW          917    .data               stm32f1xx_hal.o
    0x20000018   COMPRESSED   0x00000004   Data   RW         2906    .data               system_stm32f1xx.o
    0x2000001c   COMPRESSED   0x0000001c   Data   RW         2993    .data               usbd_desc.o
    0x20000038   COMPRESSED   0x00000032   Data   RW         2994    .data               usbd_desc.o
    0x2000006a   COMPRESSED   0x00000001   Data   RW         3428    .data               usbd_ctlreq.o
    0x2000006b   COMPRESSED   0x00000001   PAD
    0x2000006c   COMPRESSED   0x00000038   Data   RW         3555    .data               usbd_hid.o
    0x200000a4   COMPRESSED   0x000000ce   Data   RW         3556    .data               usbd_hid.o
    0x20000172   COMPRESSED   0x00000002   PAD
    0x20000174   COMPRESSED   0x0000003c   Data   RW         4244    .data               tasks.o
    0x200001b0   COMPRESSED   0x00000014   Data   RW         4560    .data               timers.o
    0x200001c4   COMPRESSED   0x00000004   Data   RW         4757    .data               cmsis_os2.o
    0x200001c8   COMPRESSED   0x00000018   Data   RW         5120    .data               heap_4.o
    0x200001e0   COMPRESSED   0x0000000c   Data   RW         5171    .data               port.o
    0x200001ec        -       0x00000048   Zero   RW          355    .bss                stm32f1xx_hal_timebase_tim.o
    0x20000234        -       0x000002c4   Zero   RW         2941    .bss                usb_device.o
    0x200004f8        -       0x00000200   Zero   RW         2992    .bss                usbd_desc.o
    0x200006f8        -       0x00000304   Zero   RW         3102    .bss                usbd_conf.o
    0x200009fc        -       0x00000040   Zero   RW         3827    .bss                queue.o
    0x20000a3c        -       0x000004c4   Zero   RW         4243    .bss                tasks.o
    0x20000f00        -       0x00000118   Zero   RW         4559    .bss                timers.o
    0x20001018        -       0x000006b8   Zero   RW         4756    .bss                cmsis_os2.o
    0x200016d0        -       0x00000c00   Zero   RW         5119    .bss                heap_4.o
    0x200022d0        -       0x00000060   Zero   RW         5285    .bss                c_w.l(libspace.o)
    0x20002330        -       0x00000200   Zero   RW            2    HEAP                startup_stm32f103xb.o
    0x20002530        -       0x00000400   Zero   RW            1    STACK               startup_stm32f103xb.o


==============================================================================

Image component sizes


      Code (inc. data)   RO Data    RW Data    ZI Data      Debug   Object Name

       380         32          0          4       1720      14494   cmsis_os2.o
         0          0          0          0          0      20244   event_groups.o
         0          0          0          0          0       2660   freertos.o
       460         24          0         24       3072       4763   heap_4.o
       138          0          0          0          0       3486   list.o
       366         34         48         12          0     448783   main.o
       662         70          0         12          0      11001   port.o
      1512         20          0          0         64      17136   queue.o
        64         26        236          0       1536        828   startup_stm32f103xb.o
       100         18          0         12          0       5354   stm32f1xx_hal.o
       158         14          0          0          0      28258   stm32f1xx_hal_cortex.o
        34          0          0          0          0       1071   stm32f1xx_hal_crc.o
       506         34          0          0          0       3569   stm32f1xx_hal_gpio.o
       112         20          0          0          0       1472   stm32f1xx_hal_msp.o
      3076          0          0          0          0      13921   stm32f1xx_hal_pcd.o
        60          0          0          0          0       1206   stm32f1xx_hal_pcd_ex.o
      1272         82         18          0          0       5270   stm32f1xx_hal_rcc.o
       236         12          0          0          0       1412   stm32f1xx_hal_rcc_ex.o
       654         26          0          0          0       7228   stm32f1xx_hal_tim.o
         4          0          0          0          0       1629   stm32f1xx_hal_tim_ex.o
       116         18          0          0         72       1467   stm32f1xx_hal_timebase_tim.o
        36         12          0          0          0       3603   stm32f1xx_it.o
      2528          0          0          0          0      16395   stm32f1xx_ll_usb.o
         0          0          0          0          0       8908   stream_buffer.o
         2          0         24          4          0       1167   system_stm32f1xx.o
      2064        170          0         60       1220      23624   tasks.o
       912         82          0         20        280      26223   timers.o
        64         12          0          0        708        812   usb_device.o
       524         30          0          0        772      14029   usbd_conf.o
       670          0          0          0          0       9687   usbd_core.o
      1186         28          0          1          0       8060   usbd_ctlreq.o
       288        104          0         78        512       6077   usbd_desc.o
       334         20          0        262          0       7199   usbd_hid.o
       102          0          0          0          0       3748   usbd_ioreq.o

    ----------------------------------------------------------------------
     18650        888        360        492       9956     724784   Object Totals
         0          0         32          0          0          0   (incl. Generated)
        30          0          2          3          0          0   (incl. Padding)

    ----------------------------------------------------------------------

      Code (inc. data)   RO Data    RW Data    ZI Data      Debug   Library Member Name

        90          0          0          0          0          0   __dczerorl2.o
         8          0          0          0          0         68   __main.o
         0          0          0          0          0          0   __rtentry.o
        12          0          0          0          0          0   __rtentry2.o
         6          0          0          0          0          0   __rtentry4.o
        52          8          0          0          0          0   __scatter.o
        28          0          0          0          0          0   __scatter_zi.o
        16          0          0          0          0         68   aeabi_memset.o
        18          0          0          0          0         80   exit.o
         6          0          0          0          0        152   heapauxi.o
         0          0          0          0          0          0   indicate_semi.o
         2          0          0          0          0          0   libinit.o
         2          0          0          0          0          0   libinit2.o
         2          0          0          0          0          0   libshutdown.o
         2          0          0          0          0          0   libshutdown2.o
         8          4          0          0         96         68   libspace.o
        68          0          0          0          0         68   rt_memclr.o
        78          0          0          0          0         80   rt_memclr_w.o
       138          0          0          0          0         68   rt_memcpy_v6.o
       100          0          0          0          0         80   rt_memcpy_w.o
         2          0          0          0          0          0   rtexit.o
        10          0          0          0          0          0   rtexit2.o
        12          4          0          0          0         68   sys_exit.o
        74          0          0          0          0         80   sys_stackheap_outer.o
         2          0          0          0          0         68   use_no_semi.o

    ----------------------------------------------------------------------
       742         16          0          0         96        948   Library Totals
         6          0          0          0          0          0   (incl. Padding)

    ----------------------------------------------------------------------

      Code (inc. data)   RO Data    RW Data    ZI Data      Debug   Library Name

       736         16          0          0         96        948   c_w.l

    ----------------------------------------------------------------------
       742         16          0          0         96        948   Library Totals

    ----------------------------------------------------------------------

==============================================================================


      Code (inc. data)   RO Data    RW Data    ZI Data      Debug   

     19392        904        360        492      10052     714652   Grand Totals
     19392        904        360        220      10052     714652   ELF Image Totals (compressed)
     19392        904        360        220          0          0   ROM Totals

==============================================================================

    Total RO  Size (Code + RO Data)                19752 (  19.29kB)
    Total RW  Size (RW Data + ZI Data)             10544 (  10.30kB)
    Total ROM Size (Code + RO Data + RW Data)      19972 (  19.50kB)

==============================================================================

